[Aug 21 2026 15:39:44.677] [basis.f90:110]             [1m[32m<info> [0m[0mBasis initialised: lmax=2 (spd )  norb=9  nb=18  spin_off=9  bdg=F
[Aug 21 2026 15:39:45.117] [lattice_strux.f90:89]      [1m[32m<info> [0m[0mSTRUCTB structure-constants, backend=legacy
[Aug 21 2026 15:39:45.209] [recursion_chebyshev.f90:189]  [1m[32m<info> [0m[0mChebyshev Hamiltonian bounds from energy namelist window [   -2.500000,    1.200000]
           1           1   1.0000000000000000     
           1           1   1.0000000000000000     
           1           1   1.0000000000000000     
           1           1   1.0000000000000000     
           1           1   1.0000000000000000     
           1           1   1.0000000000000000     
           1           1   1.0000000000000000     
           1           1   1.0000000000000000     
           1           1   1.0000000000000000     
           1           1   1.0000000000000000     
           1           1   1.0000000000000000     
           1           1   1.0000000000000000     
           1           1   1.0000000000000000     
           1           1   1.0000000000000000     
[Aug 21 2026 15:39:45.250] [recursion_transport.f90:711]  [1m[32m<info> [0m[0mChebyshev moments being calculated taking atom type 1
[Aug 21 2026 15:39:57.530] [recursion_chebyshev.f90:189]  [1m[32m<info> [0m[0mChebyshev Hamiltonian bounds from energy namelist window [   -2.500000,    1.200000]
[Aug 21 2026 15:39:57.557] [bands.f90:481]             [1m[32m<info> [0m[0mValence is:        8.000000
[Aug 21 2026 15:39:57.561] [bands.f90:546]             [1m[32m<info> [0m[0mFree Fermi energy: -0.069099
  0.37202031986418188       0.50000000000000000        3.7000000000000002     
 KPM_PROFILE backend=cpu moment_backend=cpu_fast moment_precision=fp64 reconstruction_backend=cpu_blas reconstruction_precision=fp64 precision=fp64_fp64 estimator=per_type N=                  1152 nnz=                180792 M=          500 lld=          150 Ntrace=            1 trace_block_width=            1 trace_batches=            0 OMP_NUM_THREADS=8 BLAS_NUM_THREADS=1 random_seed=unset omp_threads=8 blas_threads=1 clock_source=system_clock_wall bytes_h2d=                     0 bytes_d2h=                     0 bytes_gamma=           10040000000 bytes_mu_pack=              72000000 resident_device_moment_bytes=                     0 host_full_moment_bytes=            1296000000 full_moment_d2h_bytes=                     0 reduced_result_d2h_bytes=                     0 gpu_energy_block=            0 output_mode=production P_operator_setup=    1.8121200000000001E-004 P_trace_setup=    4.0788438000000003E-002 P_moments_total=    12.272174227000001      P_gamma_basis_setup=    6.7155291000000006E-002 P_gamma_generation=    7.8581887920000000      P_reconstruction_total=    1.9980521280000001      P_result_unpack=    0.0000000000000000      P_energy_integration=    2.7473950000000001E-003 P_tensor_postprocess=    6.9845200000000001E-004 P_output_prepare=    6.0754545000000000E-002 P_output_io=    4.5885020000000004E-003 P_stack_setup=   0.53255939600000002      P_moment_finalize=    4.4541590999999998E-002 P_misc=    1.3815065999992271E-002 P_operator=    1.8121200000000001E-004 P_gamma=    7.9253440829999997      P_other=    1.3815065999992271E-002 D_moment_H2D=    0.0000000000000000      D_moment_GPU_kernel=    0.0000000000000000      D_moment_D2H=    0.0000000000000000      D_conversion=    0.0000000000000000      D_mu_pack=    9.1209293999999996E-002 D_reconstruction_BLAS=    1.9058334830000001      D_gamma_basis=    6.7131838999999999E-002 D_gamma_fill=    7.8566635199999997      D_gpu_mu_pack=    0.0000000000000000      D_reconstruction_D2H=    0.0000000000000000      T_operator=    1.8121200000000001E-004 T_trace_setup=    4.0788438000000003E-002 T_cheb_moments=    12.272174227000001      T_H2D=    0.0000000000000000      T_D2H=    0.0000000000000000      T_gamma=    7.9253440829999997      T_mu_pack=    9.1209293999999996E-002 T_gamma_mu=    1.9058334830000001      T_energy_integral=    2.7473950000000001E-003 T_transport_total=    22.896245035000000      profile_closure_error=    0.0000000000000000      profile_child_error=    0.0000000000000000      PROFILE_STATUS=PASS
----------------------------------------------------------- TIMER REPORT ------------------------------------------------------------
  CATEGORY                           MEAN            MAX            MIN          TOTAL      TOTAL (%)         NCALLS   TOTAL NCALLS   
  total                                 -              -              -        23.2559          100.0              1              5   
  └─ Calculation                        -              -              -        23.2559          100.0              1              4   
     ├─ Calculation*                    -              -              -        23.0428           99.1              -              1   
     └─ pre-processing                  -              -              -         0.2130            0.9              1              3   
        ├─ pre-processing*              -              -              -         0.0114            0.0              -              1   
        ├─ build_data                   -              -              -         0.0000            0.0              1              1   
        ├─ bravais                      -              -              -         0.1878            0.8              1              1   
        └─ structb                      -              -              -         0.0138            0.1              1              1   
-------------------------------------------------------------------------------------------------------------------------------------
  * exclusive values to this label
-------------------------------------------------------------------------------------------------------------------------------------
