[Aug 21 2026 22:08:56.968] [basis.f90:110]             [1m[32m<info> [0m[0mBasis initialised: lmax=2 (spd )  norb=9  nb=18  spin_off=9  bdg=F
[Aug 21 2026 22:08:57.408] [lattice_strux.f90:89]      [1m[32m<info> [0m[0mSTRUCTB structure-constants, backend=legacy
[Aug 21 2026 22:08:57.600] [recursion_chebyshev.f90:189]  [1m[32m<info> [0m[0mChebyshev Hamiltonian bounds from energy namelist window [   -2.500000,    1.200000]
           1           1   1.0000000000000000     
           1           1   1.0000000000000000     
           1           1   1.0000000000000000     
           1           1   1.0000000000000000     
           1           1   1.0000000000000000     
           1           1   1.0000000000000000     
           1           1   1.0000000000000000     
           1           1   1.0000000000000000     
           1           1   1.0000000000000000     
           1           1   1.0000000000000000     
           1           1   1.0000000000000000     
           1           1   1.0000000000000000     
           1           1   1.0000000000000000     
           1           1   1.0000000000000000     
           1           1   1.0000000000000000     
           1           1   1.0000000000000000     
           1           1   1.0000000000000000     
           1           1   1.0000000000000000     
[Aug 21 2026 22:08:57.820] [recursion_transport.f90:711]  [1m[32m<info> [0m[0mChebyshev moments being calculated taking atom type 1
[Aug 21 2026 22:10:15.287] [recursion_chebyshev.f90:189]  [1m[32m<info> [0m[0mChebyshev Hamiltonian bounds from energy namelist window [   -2.500000,    1.200000]
[Aug 21 2026 22:10:15.315] [bands.f90:481]             [1m[32m<info> [0m[0mValence is:       10.000000
[Aug 21 2026 22:10:15.318] [bands.f90:546]             [1m[32m<info> [0m[0mFree Fermi energy: -0.085837
  0.37202031986418188       0.25000000000000000        3.7000000000000002     
 KPM_PROFILE backend=cpu moment_backend=cpu_fast moment_precision=fp32 reconstruction_backend=cpu_cblas reconstruction_precision=fp32 precision=fp32_fp32 estimator=per_type N=                  3888 nnz=                884520 M=          750 lld=          150 Ntrace=            1 trace_block_width=            1 trace_batches=            0 OMP_NUM_THREADS=4 BLAS_NUM_THREADS=1 random_seed=unset omp_threads=4 blas_threads=1 clock_source=system_clock_wall bytes_h2d=                     0 bytes_d2h=                     0 bytes_gamma=           22590000000 bytes_mu_pack=             162000000 resident_device_moment_bytes=                     0 host_full_moment_bytes=            2916000000 full_moment_d2h_bytes=                     0 reduced_result_d2h_bytes=                     0 gpu_energy_block=            0 output_mode=production P_operator_setup=    2.3237299999999999E-004 P_trace_setup=   0.21972285000000000      P_moments_total=    77.419355576000001      P_gamma_basis_setup=   0.15364701900000000      P_gamma_generation=    14.804442876000000      P_reconstruction_total=    2.2521745680000000      P_result_unpack=    0.0000000000000000      P_energy_integration=    2.1325509999999999E-003 P_tensor_postprocess=    6.3080799999999995E-004 P_output_prepare=    5.9739931000000003E-002 P_output_io=    4.4356040000000001E-003 P_stack_setup=   0.63193711699999999      P_moment_finalize=    4.4108551000000003E-002 P_misc=    10.959195200000011      P_operator=    2.3237299999999999E-004 P_gamma=    14.958089894999999      P_other=    10.959195200000011      D_moment_H2D=    0.0000000000000000      D_moment_GPU_kernel=    0.0000000000000000      D_moment_D2H=    0.0000000000000000      D_conversion=    0.0000000000000000      D_mu_pack=   0.20740923000000000      D_reconstruction_BLAS=    2.0438153410000002      D_gamma_basis=    0.0000000000000000      D_gamma_fill=    0.0000000000000000      D_gpu_mu_pack=    0.0000000000000000      D_reconstruction_D2H=    0.0000000000000000      T_operator=    2.3237299999999999E-004 T_trace_setup=   0.21972285000000000      T_cheb_moments=    77.419355576000001      T_H2D=    0.0000000000000000      T_D2H=    0.0000000000000000      T_gamma=    14.958089894999999      T_mu_pack=   0.20740923000000000      T_gamma_mu=    2.0438153410000002      T_energy_integral=    2.1325509999999999E-003 T_transport_total=    106.55175502400000      profile_closure_error=    0.0000000000000000      profile_child_error=    0.0000000000000000      PROFILE_STATUS=PASS
----------------------------------------------------------- TIMER REPORT ------------------------------------------------------------
  CATEGORY                           MEAN            MAX            MIN          TOTAL      TOTAL (%)         NCALLS   TOTAL NCALLS   
  total                                 -              -              -       107.3414          100.0              1              5   
  └─ Calculation                        -              -              -       107.3414          100.0              1              4   
     ├─ Calculation*                    -              -              -       107.0378           99.7              -              1   
     └─ pre-processing                  -              -              -         0.3035            0.3              1              3   
        ├─ pre-processing*              -              -              -         0.0102            0.0              -              1   
        ├─ build_data                   -              -              -         0.0000            0.0              1              1   
        ├─ bravais                      -              -              -         0.1849            0.2              1              1   
        └─ structb                      -              -              -         0.1084            0.1              1              1   
-------------------------------------------------------------------------------------------------------------------------------------
  * exclusive values to this label
-------------------------------------------------------------------------------------------------------------------------------------
