[Aug 21 2026 22:10:44.386] [basis.f90:110]             [1m[32m<info> [0m[0mBasis initialised: lmax=2 (spd )  norb=9  nb=18  spin_off=9  bdg=F
[Aug 21 2026 22:10:44.830] [lattice_strux.f90:89]      [1m[32m<info> [0m[0mSTRUCTB structure-constants, backend=legacy
[Aug 21 2026 22:10:45.043] [recursion_chebyshev.f90:189]  [1m[32m<info> [0m[0mChebyshev Hamiltonian bounds from energy namelist window [   -2.500000,    1.200000]
           1           1   1.0000000000000000     
           1           1   1.0000000000000000     
           1           1   1.0000000000000000     
           1           1   1.0000000000000000     
           1           1   1.0000000000000000     
           1           1   1.0000000000000000     
           1           1   1.0000000000000000     
           1           1   1.0000000000000000     
           1           1   1.0000000000000000     
           1           1   1.0000000000000000     
           1           1   1.0000000000000000     
           1           1   1.0000000000000000     
           1           1   1.0000000000000000     
           1           1   1.0000000000000000     
           1           1   1.0000000000000000     
           1           1   1.0000000000000000     
           1           1   1.0000000000000000     
           1           1   1.0000000000000000     
[Aug 21 2026 22:10:45.259] [recursion_transport.f90:711]  [1m[32m<info> [0m[0mChebyshev moments being calculated taking atom type 1
[Aug 21 2026 22:12:02.504] [recursion_chebyshev.f90:189]  [1m[32m<info> [0m[0mChebyshev Hamiltonian bounds from energy namelist window [   -2.500000,    1.200000]
[Aug 21 2026 22:12:02.532] [bands.f90:481]             [1m[32m<info> [0m[0mValence is:       10.000000
[Aug 21 2026 22:12:02.535] [bands.f90:546]             [1m[32m<info> [0m[0mFree Fermi energy: -0.085837
  0.37202031986418188       0.25000000000000000        3.7000000000000002     
 KPM_PROFILE backend=cpu moment_backend=cpu_fast moment_precision=fp32 reconstruction_backend=cpu_cblas reconstruction_precision=fp32 precision=fp32_fp32 estimator=per_type N=                  3888 nnz=                884520 M=          750 lld=          150 Ntrace=            1 trace_block_width=            1 trace_batches=            0 OMP_NUM_THREADS=4 BLAS_NUM_THREADS=1 random_seed=unset omp_threads=4 blas_threads=1 clock_source=system_clock_wall bytes_h2d=                     0 bytes_d2h=                     0 bytes_gamma=           22590000000 bytes_mu_pack=             162000000 resident_device_moment_bytes=                     0 host_full_moment_bytes=            2916000000 full_moment_d2h_bytes=                     0 reduced_result_d2h_bytes=                     0 gpu_energy_block=            0 output_mode=production P_operator_setup=    2.2619599999999999E-004 P_trace_setup=   0.21612190200000000      P_moments_total=    77.204369177000004      P_gamma_basis_setup=   0.15352773400000000      P_gamma_generation=    14.808706690999999      P_reconstruction_total=    2.1742710260000000      P_result_unpack=    0.0000000000000000      P_energy_integration=    2.1658500000000000E-003 P_tensor_postprocess=    6.2946800000000000E-004 P_output_prepare=    6.0051290000000000E-002 P_output_io=    5.1270880000000001E-003 P_stack_setup=   0.65695576499999997      P_moment_finalize=    4.4199321999999999E-002 P_misc=    10.961996434000014      P_operator=    2.2619599999999999E-004 P_gamma=    14.962234425000000      P_other=    10.961996434000014      D_moment_H2D=    0.0000000000000000      D_moment_GPU_kernel=    0.0000000000000000      D_moment_D2H=    0.0000000000000000      D_conversion=    0.0000000000000000      D_mu_pack=   0.20695751100000001      D_reconstruction_BLAS=    1.9663616250000000      D_gamma_basis=    0.0000000000000000      D_gamma_fill=    0.0000000000000000      D_gpu_mu_pack=    0.0000000000000000      D_reconstruction_D2H=    0.0000000000000000      T_operator=    2.2619599999999999E-004 T_trace_setup=   0.21612190200000000      T_cheb_moments=    77.204369177000004      T_H2D=    0.0000000000000000      T_D2H=    0.0000000000000000      T_gamma=    14.962234425000000      T_mu_pack=   0.20695751100000001      T_gamma_mu=    1.9663616250000000      T_energy_integral=    2.1658500000000000E-003 T_transport_total=    106.28834794300001      profile_closure_error=    0.0000000000000000      profile_child_error=    0.0000000000000000      PROFILE_STATUS=PASS
----------------------------------------------------------- TIMER REPORT ------------------------------------------------------------
  CATEGORY                           MEAN            MAX            MIN          TOTAL      TOTAL (%)         NCALLS   TOTAL NCALLS   
  total                                 -              -              -       107.0764          100.0              1              5   
  └─ Calculation                        -              -              -       107.0764          100.0              1              4   
     ├─ Calculation*                    -              -              -       106.7546           99.7              -              1   
     └─ pre-processing                  -              -              -         0.3218            0.3              1              3   
        ├─ pre-processing*              -              -              -         0.0103            0.0              -              1   
        ├─ build_data                   -              -              -         0.0000            0.0              1              1   
        ├─ bravais                      -              -              -         0.1874            0.2              1              1   
        └─ structb                      -              -              -         0.1241            0.1              1              1   
-------------------------------------------------------------------------------------------------------------------------------------
  * exclusive values to this label
-------------------------------------------------------------------------------------------------------------------------------------
