[Aug 21 2026 21:35:12.095] [basis.f90:110]             [1m[32m<info> [0m[0mBasis initialised: lmax=2 (spd )  norb=9  nb=18  spin_off=9  bdg=F
[Aug 21 2026 21:35:12.526] [lattice_strux.f90:89]      [1m[32m<info> [0m[0mSTRUCTB structure-constants, backend=legacy
[Aug 21 2026 21:35:12.617] [recursion_chebyshev.f90:189]  [1m[32m<info> [0m[0mChebyshev Hamiltonian bounds from energy namelist window [   -2.500000,    1.200000]
[Aug 21 2026 21:35:12.617] [recursion_transport.f90:459]  [1m[32m<info> [0m[0mKPM random-vector seed=271828
           1           1   1.0000000000000000     
           1           1   1.0000000000000000     
           1           1   1.0000000000000000     
           1           1   1.0000000000000000     
           1           1   1.0000000000000000     
           1           1   1.0000000000000000     
           1           1   1.0000000000000000     
           1           1   1.0000000000000000     
           1           1   1.0000000000000000     
           1           1   1.0000000000000000     
           1           1   1.0000000000000000     
           1           1   1.0000000000000000     
           1           1   1.0000000000000000     
           1           1   1.0000000000000000     
           1           1   1.0000000000000000     
           1           1   1.0000000000000000     
           1           1   1.0000000000000000     
           1           1   1.0000000000000000     
[Aug 21 2026 21:35:12.658] [recursion_transport.f90:720]  [1m[32m<info> [0m[0mChebyshev moments being calculated for random vector 1
[Aug 21 2026 21:35:23.916] [recursion_transport.f90:720]  [1m[32m<info> [0m[0mChebyshev moments being calculated for random vector 2
[Aug 21 2026 21:35:35.210] [recursion_transport.f90:720]  [1m[32m<info> [0m[0mChebyshev moments being calculated for random vector 3
[Aug 21 2026 21:35:48.106] [recursion_transport.f90:720]  [1m[32m<info> [0m[0mChebyshev moments being calculated for random vector 4
[Aug 21 2026 21:35:59.452] [recursion_transport.f90:720]  [1m[32m<info> [0m[0mChebyshev moments being calculated for random vector 5
[Aug 21 2026 21:36:12.008] [recursion_transport.f90:720]  [1m[32m<info> [0m[0mChebyshev moments being calculated for random vector 6
[Aug 21 2026 21:36:23.371] [recursion_transport.f90:720]  [1m[32m<info> [0m[0mChebyshev moments being calculated for random vector 7
[Aug 21 2026 21:36:36.430] [recursion_transport.f90:720]  [1m[32m<info> [0m[0mChebyshev moments being calculated for random vector 8
[Aug 21 2026 21:36:47.720] [recursion_chebyshev.f90:189]  [1m[32m<info> [0m[0mChebyshev Hamiltonian bounds from energy namelist window [   -2.500000,    1.200000]
[Aug 21 2026 21:36:47.750] [bands.f90:481]             [1m[32m<info> [0m[0mValence is:       10.000000
[Aug 21 2026 21:36:47.753] [bands.f90:546]             [1m[32m<info> [0m[0mFree Fermi energy: -0.085837
  0.37202031986418188       0.25000000000000000        3.7000000000000002     
 KPM_PROFILE backend=cpu moment_backend=cpu_fast moment_precision=fp64 reconstruction_backend=cpu_blas reconstruction_precision=fp64 precision=fp64_fp64 estimator=random_vec N=                  1152 nnz=                215784 M=          500 lld=          150 Ntrace=            8 trace_block_width=            1 trace_batches=            0 OMP_NUM_THREADS=4 BLAS_NUM_THREADS=1 random_seed=271828 omp_threads=4 blas_threads=1 clock_source=system_clock_wall bytes_h2d=                     0 bytes_d2h=                     0 bytes_gamma=           10040000000 bytes_mu_pack=              72000000 resident_device_moment_bytes=                     0 host_full_moment_bytes=           10368000000 full_moment_d2h_bytes=                     0 reduced_result_d2h_bytes=                     0 gpu_energy_block=            0 output_mode=production P_operator_setup=    2.2553499999999999E-004 P_trace_setup=   0.11725771200000000      P_moments_total=    94.980080315999999      P_gamma_basis_setup=    6.6826791999999996E-002 P_gamma_generation=    7.9243439120000003      P_reconstruction_total=    15.200506195999999      P_result_unpack=    0.0000000000000000      P_energy_integration=    1.2650109999999999E-003 P_tensor_postprocess=    7.4563899999999998E-004 P_output_prepare=    3.2496830999999997E-002 P_output_io=    3.1590400000000001E-003 P_stack_setup=   0.52170784000000003      P_moment_finalize=    4.5960760000000003E-002 P_misc=    1.1718988999987801E-002 P_operator=    2.2553499999999999E-004 P_gamma=    7.9911707040000000      P_other=    1.1718988999987801E-002 D_moment_H2D=    0.0000000000000000      D_moment_GPU_kernel=    0.0000000000000000      D_moment_D2H=    0.0000000000000000      D_conversion=    0.0000000000000000      D_mu_pack=   0.64934572299999993      D_reconstruction_BLAS=    14.546634314999999      D_gamma_basis=    6.6809197000000001E-002 D_gamma_fill=    7.9230043080000003      D_gpu_mu_pack=    0.0000000000000000      D_reconstruction_D2H=    0.0000000000000000      T_operator=    2.2553499999999999E-004 T_trace_setup=   0.11725771200000000      T_cheb_moments=    94.980080315999999      T_H2D=    0.0000000000000000      T_D2H=    0.0000000000000000      T_gamma=    7.9911707040000000      T_mu_pack=   0.64934572299999993      T_gamma_mu=    14.546634314999999      T_energy_integral=    1.2650109999999999E-003 T_transport_total=    118.90629457300000      profile_closure_error=    0.0000000000000000      profile_child_error=    0.0000000000000000      PROFILE_STATUS=PASS
----------------------------------------------------------- TIMER REPORT ------------------------------------------------------------
  CATEGORY                           MEAN            MAX            MIN          TOTAL      TOTAL (%)         NCALLS   TOTAL NCALLS   
  total                                 -              -              -       119.4556          100.0              1              5   
  └─ Calculation                        -              -              -       119.4556          100.0              1              4   
     ├─ Calculation*                    -              -              -       119.2529           99.8              -              1   
     └─ pre-processing                  -              -              -         0.2027            0.2              1              3   
        ├─ pre-processing*              -              -              -         0.0077            0.0              -              1   
        ├─ build_data                   -              -              -         0.0000            0.0              1              1   
        ├─ bravais                      -              -              -         0.1817            0.2              1              1   
        └─ structb                      -              -              -         0.0133            0.0              1              1   
-------------------------------------------------------------------------------------------------------------------------------------
  * exclusive values to this label
-------------------------------------------------------------------------------------------------------------------------------------
