[Aug 21 2026 21:31:20.573] [basis.f90:110]             [1m[32m<info> [0m[0mBasis initialised: lmax=2 (spd )  norb=9  nb=18  spin_off=9  bdg=F
[Aug 21 2026 21:31:21.011] [lattice_strux.f90:89]      [1m[32m<info> [0m[0mSTRUCTB structure-constants, backend=legacy
[Aug 21 2026 21:31:21.103] [recursion_chebyshev.f90:189]  [1m[32m<info> [0m[0mChebyshev Hamiltonian bounds from energy namelist window [   -2.500000,    1.200000]
[Aug 21 2026 21:31:21.103] [recursion_transport.f90:459]  [1m[32m<info> [0m[0mKPM random-vector seed=271828
           1           1   1.0000000000000000     
           1           1   1.0000000000000000     
           1           1   1.0000000000000000     
           1           1   1.0000000000000000     
           1           1   1.0000000000000000     
           1           1   1.0000000000000000     
           1           1   1.0000000000000000     
           1           1   1.0000000000000000     
           1           1   1.0000000000000000     
           1           1   1.0000000000000000     
           1           1   1.0000000000000000     
           1           1   1.0000000000000000     
           1           1   1.0000000000000000     
           1           1   1.0000000000000000     
           1           1   1.0000000000000000     
           1           1   1.0000000000000000     
           1           1   1.0000000000000000     
           1           1   1.0000000000000000     
[Aug 21 2026 21:31:21.144] [recursion_transport.f90:720]  [1m[32m<info> [0m[0mChebyshev moments being calculated for random vector 1
[Aug 21 2026 21:31:32.431] [recursion_transport.f90:720]  [1m[32m<info> [0m[0mChebyshev moments being calculated for random vector 2
[Aug 21 2026 21:31:43.826] [recursion_transport.f90:720]  [1m[32m<info> [0m[0mChebyshev moments being calculated for random vector 3
[Aug 21 2026 21:31:55.312] [recursion_transport.f90:720]  [1m[32m<info> [0m[0mChebyshev moments being calculated for random vector 4
[Aug 21 2026 21:32:06.666] [recursion_transport.f90:720]  [1m[32m<info> [0m[0mChebyshev moments being calculated for random vector 5
[Aug 21 2026 21:32:18.028] [recursion_transport.f90:720]  [1m[32m<info> [0m[0mChebyshev moments being calculated for random vector 6
[Aug 21 2026 21:32:29.403] [recursion_transport.f90:720]  [1m[32m<info> [0m[0mChebyshev moments being calculated for random vector 7
[Aug 21 2026 21:32:40.788] [recursion_transport.f90:720]  [1m[32m<info> [0m[0mChebyshev moments being calculated for random vector 8
[Aug 21 2026 21:32:52.198] [recursion_chebyshev.f90:189]  [1m[32m<info> [0m[0mChebyshev Hamiltonian bounds from energy namelist window [   -2.500000,    1.200000]
[Aug 21 2026 21:32:52.228] [bands.f90:481]             [1m[32m<info> [0m[0mValence is:       10.000000
[Aug 21 2026 21:32:52.231] [bands.f90:546]             [1m[32m<info> [0m[0mFree Fermi energy: -0.085837
  0.37202031986418188       0.25000000000000000        3.7000000000000002     
 KPM_PROFILE backend=cpu moment_backend=cpu_fast moment_precision=fp64 reconstruction_backend=cpu_blas reconstruction_precision=fp64 precision=fp64_fp64 estimator=random_vec N=                  1152 nnz=                215784 M=          500 lld=          150 Ntrace=            8 trace_block_width=            1 trace_batches=            0 OMP_NUM_THREADS=4 BLAS_NUM_THREADS=1 random_seed=271828 omp_threads=4 blas_threads=1 clock_source=system_clock_wall bytes_h2d=                     0 bytes_d2h=                     0 bytes_gamma=           10040000000 bytes_mu_pack=              72000000 resident_device_moment_bytes=                     0 host_full_moment_bytes=           10368000000 full_moment_d2h_bytes=                     0 reduced_result_d2h_bytes=                     0 gpu_energy_block=            0 output_mode=production P_operator_setup=    2.3865799999999999E-004 P_trace_setup=   0.11557328100000000      P_moments_total=    90.972637137999996      P_gamma_basis_setup=    6.7328146000000005E-002 P_gamma_generation=    7.9410515960000003      P_reconstruction_total=    15.186288972000000      P_result_unpack=    0.0000000000000000      P_energy_integration=    1.2384290000000001E-003 P_tensor_postprocess=    6.8210000000000005E-004 P_output_prepare=    3.2347578000000002E-002 P_output_io=    3.0254440000000000E-003 P_stack_setup=   0.52995781900000005      P_moment_finalize=    4.6809399000000002E-002 P_misc=    1.2265233000007925E-002 P_operator=    2.3865799999999999E-004 P_gamma=    8.0083797420000007      P_other=    1.2265233000007925E-002 D_moment_H2D=    0.0000000000000000      D_moment_GPU_kernel=    0.0000000000000000      D_moment_D2H=    0.0000000000000000      D_conversion=    0.0000000000000000      D_mu_pack=   0.64745377899999990      D_reconstruction_BLAS=    14.534047603000001      D_gamma_basis=    6.7308559000000004E-002 D_gamma_fill=    7.9398994289999996      D_gpu_mu_pack=    0.0000000000000000      D_reconstruction_D2H=    0.0000000000000000      T_operator=    2.3865799999999999E-004 T_trace_setup=   0.11557328100000000      T_cheb_moments=    90.972637137999996      T_H2D=    0.0000000000000000      T_D2H=    0.0000000000000000      T_gamma=    8.0083797420000007      T_mu_pack=   0.64745377899999990      T_gamma_mu=    14.534047603000001      T_energy_integral=    1.2384290000000001E-003 T_transport_total=    114.90944379299999      profile_closure_error=    0.0000000000000000      profile_child_error=    0.0000000000000000      PROFILE_STATUS=PASS
----------------------------------------------------------- TIMER REPORT ------------------------------------------------------------
  CATEGORY                           MEAN            MAX            MIN          TOTAL      TOTAL (%)         NCALLS   TOTAL NCALLS   
  total                                 -              -              -       115.4618          100.0              1              5   
  └─ Calculation                        -              -              -       115.4618          100.0              1              4   
     ├─ Calculation*                    -              -              -       115.2544           99.8              -              1   
     └─ pre-processing                  -              -              -         0.2074            0.2              1              3   
        ├─ pre-processing*              -              -              -         0.0081            0.0              -              1   
        ├─ build_data                   -              -              -         0.0000            0.0              1              1   
        ├─ bravais                      -              -              -         0.1858            0.2              1              1   
        └─ structb                      -              -              -         0.0135            0.0              1              1   
-------------------------------------------------------------------------------------------------------------------------------------
  * exclusive values to this label
-------------------------------------------------------------------------------------------------------------------------------------
