[Aug 21 2026 21:29:25.416] [basis.f90:110]             [1m[32m<info> [0m[0mBasis initialised: lmax=2 (spd )  norb=9  nb=18  spin_off=9  bdg=F
[Aug 21 2026 21:29:25.841] [lattice_strux.f90:89]      [1m[32m<info> [0m[0mSTRUCTB structure-constants, backend=legacy
[Aug 21 2026 21:29:25.932] [recursion_chebyshev.f90:189]  [1m[32m<info> [0m[0mChebyshev Hamiltonian bounds from energy namelist window [   -2.500000,    1.200000]
[Aug 21 2026 21:29:25.932] [recursion_transport.f90:459]  [1m[32m<info> [0m[0mKPM random-vector seed=271828
           1           1   1.0000000000000000     
           1           1   1.0000000000000000     
           1           1   1.0000000000000000     
           1           1   1.0000000000000000     
           1           1   1.0000000000000000     
           1           1   1.0000000000000000     
           1           1   1.0000000000000000     
           1           1   1.0000000000000000     
           1           1   1.0000000000000000     
           1           1   1.0000000000000000     
           1           1   1.0000000000000000     
           1           1   1.0000000000000000     
           1           1   1.0000000000000000     
           1           1   1.0000000000000000     
           1           1   1.0000000000000000     
           1           1   1.0000000000000000     
           1           1   1.0000000000000000     
           1           1   1.0000000000000000     
[Aug 21 2026 21:29:25.973] [recursion_transport.f90:720]  [1m[32m<info> [0m[0mChebyshev moments being calculated for random vector 1
[Aug 21 2026 21:29:37.013] [recursion_transport.f90:720]  [1m[32m<info> [0m[0mChebyshev moments being calculated for random vector 2
[Aug 21 2026 21:29:48.186] [recursion_transport.f90:720]  [1m[32m<info> [0m[0mChebyshev moments being calculated for random vector 3
[Aug 21 2026 21:29:59.470] [recursion_transport.f90:720]  [1m[32m<info> [0m[0mChebyshev moments being calculated for random vector 4
[Aug 21 2026 21:30:10.853] [recursion_transport.f90:720]  [1m[32m<info> [0m[0mChebyshev moments being calculated for random vector 5
[Aug 21 2026 21:30:22.272] [recursion_transport.f90:720]  [1m[32m<info> [0m[0mChebyshev moments being calculated for random vector 6
[Aug 21 2026 21:30:33.687] [recursion_transport.f90:720]  [1m[32m<info> [0m[0mChebyshev moments being calculated for random vector 7
[Aug 21 2026 21:30:44.993] [recursion_transport.f90:720]  [1m[32m<info> [0m[0mChebyshev moments being calculated for random vector 8
[Aug 21 2026 21:30:56.386] [recursion_chebyshev.f90:189]  [1m[32m<info> [0m[0mChebyshev Hamiltonian bounds from energy namelist window [   -2.500000,    1.200000]
[Aug 21 2026 21:30:56.418] [bands.f90:481]             [1m[32m<info> [0m[0mValence is:       10.000000
[Aug 21 2026 21:30:56.422] [bands.f90:546]             [1m[32m<info> [0m[0mFree Fermi energy: -0.085837
  0.37202031986418188       0.25000000000000000        3.7000000000000002     
 KPM_PROFILE backend=cpu moment_backend=cpu_fast moment_precision=fp64 reconstruction_backend=cpu_blas reconstruction_precision=fp64 precision=fp64_fp64 estimator=random_vec N=                  1152 nnz=                215784 M=          500 lld=          150 Ntrace=            8 trace_block_width=            1 trace_batches=            0 OMP_NUM_THREADS=4 BLAS_NUM_THREADS=1 random_seed=271828 omp_threads=4 blas_threads=1 clock_source=system_clock_wall bytes_h2d=                     0 bytes_d2h=                     0 bytes_gamma=           10040000000 bytes_mu_pack=              72000000 resident_device_moment_bytes=                     0 host_full_moment_bytes=           10368000000 full_moment_d2h_bytes=                     0 reduced_result_d2h_bytes=                     0 gpu_energy_block=            0 output_mode=production P_operator_setup=    2.3260900000000000E-004 P_trace_setup=   0.11349402200000000      P_moments_total=    90.334553770999989      P_gamma_basis_setup=    6.6180003000000001E-002 P_gamma_generation=    7.8994430460000000      P_reconstruction_total=    15.516086268000000      P_result_unpack=    0.0000000000000000      P_energy_integration=    1.2576740000000001E-003 P_tensor_postprocess=    7.1998799999999996E-004 P_output_prepare=    3.2343484999999998E-002 P_output_io=    2.2098000000000000E-003 P_stack_setup=   0.51627422300000003      P_moment_finalize=    4.8142230000000001E-002 P_misc=    1.1814113000014004E-002 P_operator=    2.3260900000000000E-004 P_gamma=    7.9656230490000004      P_other=    1.1814113000014004E-002 D_moment_H2D=    0.0000000000000000      D_moment_GPU_kernel=    0.0000000000000000      D_moment_D2H=    0.0000000000000000      D_conversion=    0.0000000000000000      D_mu_pack=   0.62935597900000007      D_reconstruction_BLAS=    14.882007284000000      D_gamma_basis=    6.6161576000000000E-002 D_gamma_fill=    7.8982601140000002      D_gpu_mu_pack=    0.0000000000000000      D_reconstruction_D2H=    0.0000000000000000      T_operator=    2.3260900000000000E-004 T_trace_setup=   0.11349402200000000      T_cheb_moments=    90.334553770999989      T_H2D=    0.0000000000000000      T_D2H=    0.0000000000000000      T_gamma=    7.9656230490000004      T_mu_pack=   0.62935597900000007      T_gamma_mu=    14.882007284000000      T_energy_integral=    1.2576740000000001E-003 T_transport_total=    114.54275123200000      profile_closure_error=    0.0000000000000000      profile_child_error=    0.0000000000000000      PROFILE_STATUS=PASS
----------------------------------------------------------- TIMER REPORT ------------------------------------------------------------
  CATEGORY                           MEAN            MAX            MIN          TOTAL      TOTAL (%)         NCALLS   TOTAL NCALLS   
  total                                 -              -              -       115.0902          100.0              1              5   
  └─ Calculation                        -              -              -       115.0902          100.0              1              4   
     ├─ Calculation*                    -              -              -       114.8911           99.8              -              1   
     └─ pre-processing                  -              -              -         0.1992            0.2              1              3   
        ├─ pre-processing*              -              -              -         0.0078            0.0              -              1   
        ├─ build_data                   -              -              -         0.0000            0.0              1              1   
        ├─ bravais                      -              -              -         0.1781            0.2              1              1   
        └─ structb                      -              -              -         0.0134            0.0              1              1   
-------------------------------------------------------------------------------------------------------------------------------------
  * exclusive values to this label
-------------------------------------------------------------------------------------------------------------------------------------
