[Aug 21 2026 15:51:21.287] [basis.f90:110]             [1m[32m<info> [0m[0mBasis initialised: lmax=2 (spd )  norb=9  nb=18  spin_off=9  bdg=F
[Aug 21 2026 15:51:21.719] [lattice_strux.f90:89]      [1m[32m<info> [0m[0mSTRUCTB structure-constants, backend=legacy
[Aug 21 2026 15:51:21.917] [recursion_chebyshev.f90:189]  [1m[32m<info> [0m[0mChebyshev Hamiltonian bounds from energy namelist window [   -2.500000,    1.200000]
           1           1   1.0000000000000000     
           1           1   1.0000000000000000     
           1           1   1.0000000000000000     
           1           1   1.0000000000000000     
           1           1   1.0000000000000000     
           1           1   1.0000000000000000     
           1           1   1.0000000000000000     
           1           1   1.0000000000000000     
           1           1   1.0000000000000000     
           1           1   1.0000000000000000     
           1           1   1.0000000000000000     
           1           1   1.0000000000000000     
           1           1   1.0000000000000000     
           1           1   1.0000000000000000     
           1           1   1.0000000000000000     
           1           1   1.0000000000000000     
           1           1   1.0000000000000000     
           1           1   1.0000000000000000     
[Aug 21 2026 15:51:21.989] [recursion_transport.f90:711]  [1m[32m<info> [0m[0mChebyshev moments being calculated taking atom type 1
[Aug 21 2026 15:51:31.039] [recursion_chebyshev.f90:189]  [1m[32m<info> [0m[0mChebyshev Hamiltonian bounds from energy namelist window [   -2.500000,    1.200000]
[Aug 21 2026 15:51:31.069] [bands.f90:481]             [1m[32m<info> [0m[0mValence is:       10.000000
[Aug 21 2026 15:51:31.072] [bands.f90:546]             [1m[32m<info> [0m[0mFree Fermi energy: -0.085837
  0.37202031986418188       0.25000000000000000        3.7000000000000002     
 KPM_PROFILE backend=cpu moment_backend=cpu_fast moment_precision=fp64 reconstruction_backend=cpu_blas reconstruction_precision=fp64 precision=fp64_fp64 estimator=per_type N=                  3888 nnz=                884520 M=          250 lld=          150 Ntrace=            1 trace_block_width=            1 trace_batches=            0 OMP_NUM_THREADS=4 BLAS_NUM_THREADS=1 random_seed=unset omp_threads=4 blas_threads=1 clock_source=system_clock_wall bytes_h2d=                     0 bytes_d2h=                     0 bytes_gamma=            2510000000 bytes_mu_pack=              18000000 resident_device_moment_bytes=                     0 host_full_moment_bytes=             324000000 full_moment_d2h_bytes=                     0 reduced_result_d2h_bytes=                     0 gpu_energy_block=            0 output_mode=production P_operator_setup=    2.2842699999999999E-004 P_trace_setup=    7.2135091999999998E-002 P_moments_total=    9.0370819989999998      P_gamma_basis_setup=    2.8579350999999999E-002 P_gamma_generation=    1.9779915960000001      P_reconstruction_total=   0.48400102699999997      P_result_unpack=    0.0000000000000000      P_energy_integration=    2.1973430000000000E-003 P_tensor_postprocess=    7.2809199999999995E-004 P_output_prepare=    5.9732137999999997E-002 P_output_io=    5.0930400000000001E-003 P_stack_setup=   0.62943952900000000      P_moment_finalize=    4.7445795999999998E-002 P_misc=    1.3814507000001086E-002 P_operator=    2.2842699999999999E-004 P_gamma=    2.0065709470000002      P_other=    1.3814507000001086E-002 D_moment_H2D=    0.0000000000000000      D_moment_GPU_kernel=    0.0000000000000000      D_moment_D2H=    0.0000000000000000      D_conversion=    0.0000000000000000      D_mu_pack=    2.2459855000000001E-002 D_reconstruction_BLAS=   0.46052664599999998      D_gamma_basis=    2.8565290000000000E-002 D_gamma_fill=    1.9779890769999999      D_gpu_mu_pack=    0.0000000000000000      D_reconstruction_D2H=    0.0000000000000000      T_operator=    2.2842699999999999E-004 T_trace_setup=    7.2135091999999998E-002 T_cheb_moments=    9.0370819989999998      T_H2D=    0.0000000000000000      T_D2H=    0.0000000000000000      T_gamma=    2.0065709470000002      T_mu_pack=    2.2459855000000001E-002 T_gamma_mu=   0.46052664599999998      T_energy_integral=    2.1973430000000000E-003 T_transport_total=    12.358467937000000      profile_closure_error=    0.0000000000000000      profile_child_error=    0.0000000000000000      PROFILE_STATUS=PASS
----------------------------------------------------------- TIMER REPORT ------------------------------------------------------------
  CATEGORY                           MEAN            MAX            MIN          TOTAL      TOTAL (%)         NCALLS   TOTAL NCALLS   
  total                                 -              -              -        12.5011          100.0              1              5   
  └─ Calculation                        -              -              -        12.5011          100.0              1              4   
     ├─ Calculation*                    -              -              -        12.1945           97.5              -              1   
     └─ pre-processing                  -              -              -         0.3066            2.5              1              3   
        ├─ pre-processing*              -              -              -         0.0104            0.1              -              1   
        ├─ build_data                   -              -              -         0.0000            0.0              1              1   
        ├─ bravais                      -              -              -         0.1870            1.5              1              1   
        └─ structb                      -              -              -         0.1091            0.9              1              1   
-------------------------------------------------------------------------------------------------------------------------------------
  * exclusive values to this label
-------------------------------------------------------------------------------------------------------------------------------------
