[Aug 21 2026 14:16:31.402] [basis.f90:110]             [1m[32m<info> [0m[0mBasis initialised: lmax=2 (spd )  norb=9  nb=18  spin_off=9  bdg=F
[Aug 21 2026 14:16:31.836] [lattice_strux.f90:89]      [1m[32m<info> [0m[0mSTRUCTB structure-constants, backend=legacy
[Aug 21 2026 14:16:32.036] [recursion_chebyshev.f90:189]  [1m[32m<info> [0m[0mChebyshev Hamiltonian bounds from energy namelist window [   -2.500000,    1.200000]
           1           1   1.0000000000000000     
           1           1   1.0000000000000000     
           1           1   1.0000000000000000     
           1           1   1.0000000000000000     
           1           1   1.0000000000000000     
           1           1   1.0000000000000000     
           1           1   1.0000000000000000     
           1           1   1.0000000000000000     
           1           1   1.0000000000000000     
           1           1   1.0000000000000000     
           1           1   1.0000000000000000     
           1           1   1.0000000000000000     
           1           1   1.0000000000000000     
           1           1   1.0000000000000000     
           1           1   1.0000000000000000     
           1           1   1.0000000000000000     
           1           1   1.0000000000000000     
           1           1   1.0000000000000000     
[Aug 21 2026 14:16:32.097] [rsrec_cuda_plugin.f90:332]  [1m[32m<info> [0m[0mCUDA_DEVICE_MAPPING world_rank=0 local_rank=0 local_size=1 visible_devices=1 selected_device=0
[Aug 21 2026 14:16:32.409] [recursion_transport.f90:711]  [1m[32m<info> [0m[0mChebyshev moments being calculated taking atom type 1
[Aug 21 2026 14:16:33.448] [green_chebyshev.f90:288]   [1m[32m<info> [0m[0mCUDA transport moments resident; keeping Chebyshev DOS on CPU.
[Aug 21 2026 14:16:33.449] [recursion_chebyshev.f90:189]  [1m[32m<info> [0m[0mChebyshev Hamiltonian bounds from energy namelist window [   -2.500000,    1.200000]
[Aug 21 2026 14:16:33.504] [bands.f90:481]             [1m[32m<info> [0m[0mValence is:       10.000000
[Aug 21 2026 14:16:33.507] [bands.f90:546]             [1m[32m<info> [0m[0mFree Fermi energy: -0.085837
[Aug 21 2026 14:16:33.520] [conductivity.f90:338]      [1m[32m<info> [0m[0mCUDA KPM reconstruction uses tiled resident Gamma blocks.
  0.37202031986418188       0.25000000000000000        3.7000000000000002     
 KPM_PROFILE backend=cuda moment_backend=cuda moment_precision=fp32 reconstruction_backend=cuda_blas reconstruction_precision=fp32 precision=fp32_fp32 estimator=per_type N=                  3888 nnz=                884520 M=          500 lld=          150 Ntrace=            1 trace_block_width=            1 trace_batches=            1 OMP_NUM_THREADS=1 BLAS_NUM_THREADS=1 random_seed=unset omp_threads=1 blas_threads=1 clock_source=system_clock_wall bytes_h2d=              66243288 bytes_d2h=                361440 bytes_gamma=             128000000 bytes_mu_pack=              36000000 resident_device_moment_bytes=              36000000 host_full_moment_bytes=                     0 full_moment_d2h_bytes=                     0 reduced_result_d2h_bytes=                361440 gpu_energy_block=           64 output_mode=production P_operator_setup=   0.22631133900000000      P_trace_setup=   0.14727247299999999      P_moments_total=    1.0197298379999999      P_gamma_basis_setup=   0.59479863429442048      P_gamma_generation=   0.10291441855952144      P_reconstruction_total=    2.4586173705756664E-002 P_result_unpack=    9.5745100000000001E-004 P_energy_integration=    2.1601670000000002E-003 P_tensor_postprocess=    6.9093300000000002E-004 P_output_prepare=    6.0240522999999997E-002 P_output_io=    4.6453859999999996E-003 P_stack_setup=   0.63339922299999996      P_moment_finalize=    7.1171004999999996E-002 P_misc=    2.4730094440301276E-002 P_operator=   0.22631133900000000      P_gamma=   0.69771305285394192      P_other=    2.4730094440301276E-002 D_moment_H2D=    1.6721959691494703E-003 D_moment_GPU_kernel=   0.86140403407625854      D_moment_D2H=    0.0000000000000000      D_conversion=    0.0000000000000000      D_mu_pack=    0.0000000000000000      D_reconstruction_BLAS=    2.4219377897679806E-002 D_gamma_basis=   0.59479863429442048      D_gamma_fill=   0.10291441855952144      D_gpu_mu_pack=    1.1538099497556686E-003 D_reconstruction_D2H=    3.6679580807685852E-004 T_operator=   0.22631133900000000      T_trace_setup=   0.14727247299999999      T_cheb_moments=    1.0197298379999999      T_H2D=    1.6721959691494703E-003 T_D2H=    0.0000000000000000      T_gamma=   0.69771305285394192      T_mu_pack=    0.0000000000000000      T_gamma_mu=    2.4219377897679806E-002 T_energy_integral=    2.1601670000000002E-003 T_transport_total=    2.9136076590000002      profile_closure_error=    0.0000000000000000      profile_child_error=    0.0000000000000000      PROFILE_STATUS=PASS
----------------------------------------------------------- TIMER REPORT ------------------------------------------------------------
  CATEGORY                           MEAN            MAX            MIN          TOTAL      TOTAL (%)         NCALLS   TOTAL NCALLS   
  total                                 -              -              -         2.9390          100.0              1              5   
  └─ Calculation                        -              -              -         2.9390          100.0              1              4   
     ├─ Calculation*                    -              -              -         2.6304           89.5              -              1   
     └─ pre-processing                  -              -              -         0.3086           10.5              1              3   
        ├─ pre-processing*              -              -              -         0.0104            0.4              -              1   
        ├─ build_data                   -              -              -         0.0000            0.0              1              1   
        ├─ bravais                      -              -              -         0.1883            6.4              1              1   
        └─ structb                      -              -              -         0.1099            3.7              1              1   
-------------------------------------------------------------------------------------------------------------------------------------
  * exclusive values to this label
-------------------------------------------------------------------------------------------------------------------------------------
