[Aug 21 2026 15:17:27.577] [basis.f90:110]             [1m[32m<info> [0m[0mBasis initialised: lmax=2 (spd )  norb=9  nb=18  spin_off=9  bdg=F
[Aug 21 2026 15:17:28.015] [lattice_strux.f90:89]      [1m[32m<info> [0m[0mSTRUCTB structure-constants, backend=legacy
[Aug 21 2026 15:17:28.106] [recursion_chebyshev.f90:189]  [1m[32m<info> [0m[0mChebyshev Hamiltonian bounds from energy namelist window [   -2.500000,    1.200000]
           1           1   1.0000000000000000     
           1           1   1.0000000000000000     
           1           1   1.0000000000000000     
           1           1   1.0000000000000000     
           1           1   1.0000000000000000     
           1           1   1.0000000000000000     
           1           1   1.0000000000000000     
           1           1   1.0000000000000000     
           1           1   1.0000000000000000     
           1           1   1.0000000000000000     
           1           1   1.0000000000000000     
           1           1   1.0000000000000000     
           1           1   1.0000000000000000     
           1           1   1.0000000000000000     
           1           1   1.0000000000000000     
           1           1   1.0000000000000000     
           1           1   1.0000000000000000     
           1           1   1.0000000000000000     
[Aug 21 2026 15:17:28.147] [recursion_transport.f90:711]  [1m[32m<info> [0m[0mChebyshev moments being calculated taking atom type 1
[Aug 21 2026 15:17:38.955] [recursion_chebyshev.f90:189]  [1m[32m<info> [0m[0mChebyshev Hamiltonian bounds from energy namelist window [   -2.500000,    1.200000]
[Aug 21 2026 15:17:38.992] [bands.f90:481]             [1m[32m<info> [0m[0mValence is:       10.000000
[Aug 21 2026 15:17:38.995] [bands.f90:546]             [1m[32m<info> [0m[0mFree Fermi energy: -0.085837
  0.37202031986418188       0.25000000000000000        3.7000000000000002     
 KPM_PROFILE backend=cpu moment_backend=cpu_fast moment_precision=fp64 reconstruction_backend=cpu_blas reconstruction_precision=fp64 precision=fp64_fp64 estimator=per_type N=                  1152 nnz=                215784 M=          500 lld=          150 Ntrace=            1 trace_block_width=            1 trace_batches=            0 OMP_NUM_THREADS=2 BLAS_NUM_THREADS=1 random_seed=unset omp_threads=2 blas_threads=1 clock_source=system_clock_wall bytes_h2d=                     0 bytes_d2h=                     0 bytes_gamma=           10040000000 bytes_mu_pack=              72000000 resident_device_moment_bytes=                     0 host_full_moment_bytes=            1296000000 full_moment_d2h_bytes=                     0 reduced_result_d2h_bytes=                     0 gpu_energy_block=            0 output_mode=production P_operator_setup=    2.2385200000000000E-004 P_trace_setup=    4.0750702000000000E-002 P_moments_total=    10.799500868000001      P_gamma_basis_setup=    6.5957489999999994E-002 P_gamma_generation=    7.9486845190000004      P_reconstruction_total=    1.9647786610000000      P_result_unpack=    0.0000000000000000      P_energy_integration=    2.7569539999999998E-003 P_tensor_postprocess=    7.0445499999999999E-004 P_output_prepare=    6.0253373999999998E-002 P_output_io=    3.9199070000000003E-003 P_stack_setup=   0.52873655399999997      P_moment_finalize=    5.3455546999999999E-002 P_misc=    1.3749696999997951E-002 P_operator=    2.2385200000000000E-004 P_gamma=    8.0146420090000010      P_other=    1.3749696999997951E-002 D_moment_H2D=    0.0000000000000000      D_moment_GPU_kernel=    0.0000000000000000      D_moment_D2H=    0.0000000000000000      D_conversion=    0.0000000000000000      D_mu_pack=    9.1549057000000003E-002 D_reconstruction_BLAS=    1.8722354839999999      D_gamma_basis=    6.5939343999999997E-002 D_gamma_fill=    7.9471463330000001      D_gpu_mu_pack=    0.0000000000000000      D_reconstruction_D2H=    0.0000000000000000      T_operator=    2.2385200000000000E-004 T_trace_setup=    4.0750702000000000E-002 T_cheb_moments=    10.799500868000001      T_H2D=    0.0000000000000000      T_D2H=    0.0000000000000000      T_gamma=    8.0146420090000010      T_mu_pack=    9.1549057000000003E-002 T_gamma_mu=    1.8722354839999999      T_energy_integral=    2.7569539999999998E-003 T_transport_total=    21.483472580000001      profile_closure_error=    0.0000000000000000      profile_child_error=    0.0000000000000000      PROFILE_STATUS=PASS
----------------------------------------------------------- TIMER REPORT ------------------------------------------------------------
  CATEGORY                           MEAN            MAX            MIN          TOTAL      TOTAL (%)         NCALLS   TOTAL NCALLS   
  total                                 -              -              -        21.8441          100.0              1              5   
  └─ Calculation                        -              -              -        21.8441          100.0              1              4   
     ├─ Calculation*                    -              -              -        21.6342           99.0              -              1   
     └─ pre-processing                  -              -              -         0.2100            1.0              1              3   
        ├─ pre-processing*              -              -              -         0.0100            0.0              -              1   
        ├─ build_data                   -              -              -         0.0000            0.0              1              1   
        ├─ bravais                      -              -              -         0.1865            0.9              1              1   
        └─ structb                      -              -              -         0.0134            0.1              1              1   
-------------------------------------------------------------------------------------------------------------------------------------
  * exclusive values to this label
-------------------------------------------------------------------------------------------------------------------------------------
