[Aug 21 2026 22:18:35.048] [basis.f90:110]             [1m[32m<info> [0m[0mBasis initialised: lmax=2 (spd )  norb=9  nb=18  spin_off=9  bdg=F
[Aug 21 2026 22:18:35.498] [lattice_strux.f90:89]      [1m[32m<info> [0m[0mSTRUCTB structure-constants, backend=legacy
[Aug 21 2026 22:18:36.033] [recursion_chebyshev.f90:189]  [1m[32m<info> [0m[0mChebyshev Hamiltonian bounds from energy namelist window [   -2.500000,    1.200000]
           1           1   1.0000000000000000     
           1           1   1.0000000000000000     
           1           1   1.0000000000000000     
           1           1   1.0000000000000000     
           1           1   1.0000000000000000     
           1           1   1.0000000000000000     
           1           1   1.0000000000000000     
           1           1   1.0000000000000000     
           1           1   1.0000000000000000     
           1           1   1.0000000000000000     
           1           1   1.0000000000000000     
           1           1   1.0000000000000000     
           1           1   1.0000000000000000     
           1           1   1.0000000000000000     
           1           1   1.0000000000000000     
           1           1   1.0000000000000000     
           1           1   1.0000000000000000     
           1           1   1.0000000000000000     
[Aug 21 2026 22:18:36.099] [rsrec_cuda_plugin.f90:332]  [1m[32m<info> [0m[0mCUDA_DEVICE_MAPPING world_rank=0 local_rank=0 local_size=1 visible_devices=1 selected_device=0
[Aug 21 2026 22:18:36.422] [recursion_transport.f90:711]  [1m[32m<info> [0m[0mChebyshev moments being calculated taking atom type 1
[Aug 21 2026 22:18:55.032] [green_chebyshev.f90:288]   [1m[32m<info> [0m[0mCUDA transport moments resident; keeping Chebyshev DOS on CPU.
[Aug 21 2026 22:18:55.033] [recursion_chebyshev.f90:189]  [1m[32m<info> [0m[0mChebyshev Hamiltonian bounds from energy namelist window [   -2.500000,    1.200000]
[Aug 21 2026 22:18:55.087] [bands.f90:481]             [1m[32m<info> [0m[0mValence is:       10.000000
[Aug 21 2026 22:18:55.090] [bands.f90:546]             [1m[32m<info> [0m[0mFree Fermi energy: -0.085837
[Aug 21 2026 22:18:55.102] [conductivity.f90:338]      [1m[32m<info> [0m[0mCUDA KPM reconstruction uses tiled resident Gamma blocks.
  0.37202031986418188       0.25000000000000000        3.7000000000000002     
 KPM_PROFILE backend=cuda moment_backend=cuda moment_precision=fp64 reconstruction_backend=cuda_blas reconstruction_precision=fp64 precision=fp64_fp64 estimator=per_type N=                  9216 nnz=               2299752 M=          250 lld=          150 Ntrace=            1 trace_block_width=            1 trace_batches=            1 OMP_NUM_THREADS=1 BLAS_NUM_THREADS=1 random_seed=unset omp_threads=1 blas_threads=1 clock_source=system_clock_wall bytes_h2d=              67811472 bytes_d2h=                722880 bytes_gamma=              64000000 bytes_mu_pack=              18000000 resident_device_moment_bytes=              18000000 host_full_moment_bytes=                     0 full_moment_d2h_bytes=                     0 reduced_result_d2h_bytes=                722880 gpu_energy_block=           64 output_mode=production P_operator_setup=   0.21243272499999999      P_trace_setup=   0.17656724600000001      P_moments_total=    18.582350097999999      P_gamma_basis_setup=   0.15668938588351011      P_gamma_generation=    3.4768159035593271E-002 P_reconstruction_total=   0.15387160005047917      P_result_unpack=    9.8671099999999992E-004 P_energy_integration=    2.2296299999999998E-003 P_tensor_postprocess=    6.9806100000000004E-004 P_output_prepare=    5.9918750999999999E-002 P_output_io=    4.5259439999999996E-003 P_stack_setup=   0.98501956300000004      P_moment_finalize=    7.0104248999999993E-002 P_misc=    3.2860054030415142E-002 P_operator=   0.21243272499999999      P_gamma=   0.19145754491910338      P_other=    3.2860054030415142E-002 D_moment_H2D=    1.0781921446323395E-003 D_moment_GPU_kernel=    18.504616994876415      D_moment_D2H=    0.0000000000000000      D_conversion=    0.0000000000000000      D_mu_pack=    0.0000000000000000      D_reconstruction_BLAS=   0.15344843524508178      D_gamma_basis=   0.15668938588351011      D_gamma_fill=    3.4768159035593271E-002 D_gpu_mu_pack=    3.5388185642659664E-004 D_reconstruction_D2H=    4.2316480539739132E-004 T_operator=   0.21243272499999999      T_trace_setup=   0.17656724600000001      T_cheb_moments=    18.582350097999999      T_H2D=    1.0781921446323395E-003 T_D2H=    0.0000000000000000      T_gamma=   0.19145754491910338      T_mu_pack=    0.0000000000000000      T_gamma_mu=   0.15344843524508178      T_energy_integral=    2.2296299999999998E-003 T_transport_total=    20.473022177000001      profile_closure_error=    0.0000000000000000      profile_child_error=    0.0000000000000000      PROFILE_STATUS=PASS
----------------------------------------------------------- TIMER REPORT ------------------------------------------------------------
  CATEGORY                           MEAN            MAX            MIN          TOTAL      TOTAL (%)         NCALLS   TOTAL NCALLS   
  total                                 -              -              -        20.4963          100.0              1              5   
  └─ Calculation                        -              -              -        20.4963          100.0              1              4   
     ├─ Calculation*                    -              -              -        19.8548           96.9              -              1   
     └─ pre-processing                  -              -              -         0.6415            3.1              1              3   
        ├─ pre-processing*              -              -              -         0.0107            0.1              -              1   
        ├─ build_data                   -              -              -         0.0000            0.0              1              1   
        ├─ bravais                      -              -              -         0.1884            0.9              1              1   
        └─ structb                      -              -              -         0.4423            2.2              1              1   
-------------------------------------------------------------------------------------------------------------------------------------
  * exclusive values to this label
-------------------------------------------------------------------------------------------------------------------------------------
