[Aug 21 2026 22:17:53.931] [basis.f90:110]             [1m[32m<info> [0m[0mBasis initialised: lmax=2 (spd )  norb=9  nb=18  spin_off=9  bdg=F
[Aug 21 2026 22:17:54.380] [lattice_strux.f90:89]      [1m[32m<info> [0m[0mSTRUCTB structure-constants, backend=legacy
[Aug 21 2026 22:17:54.915] [recursion_chebyshev.f90:189]  [1m[32m<info> [0m[0mChebyshev Hamiltonian bounds from energy namelist window [   -2.500000,    1.200000]
           1           1   1.0000000000000000     
           1           1   1.0000000000000000     
           1           1   1.0000000000000000     
           1           1   1.0000000000000000     
           1           1   1.0000000000000000     
           1           1   1.0000000000000000     
           1           1   1.0000000000000000     
           1           1   1.0000000000000000     
           1           1   1.0000000000000000     
           1           1   1.0000000000000000     
           1           1   1.0000000000000000     
           1           1   1.0000000000000000     
           1           1   1.0000000000000000     
           1           1   1.0000000000000000     
           1           1   1.0000000000000000     
           1           1   1.0000000000000000     
           1           1   1.0000000000000000     
           1           1   1.0000000000000000     
[Aug 21 2026 22:17:54.980] [rsrec_cuda_plugin.f90:332]  [1m[32m<info> [0m[0mCUDA_DEVICE_MAPPING world_rank=0 local_rank=0 local_size=1 visible_devices=1 selected_device=0
[Aug 21 2026 22:17:55.301] [recursion_transport.f90:711]  [1m[32m<info> [0m[0mChebyshev moments being calculated taking atom type 1
[Aug 21 2026 22:18:13.732] [green_chebyshev.f90:288]   [1m[32m<info> [0m[0mCUDA transport moments resident; keeping Chebyshev DOS on CPU.
[Aug 21 2026 22:18:13.733] [recursion_chebyshev.f90:189]  [1m[32m<info> [0m[0mChebyshev Hamiltonian bounds from energy namelist window [   -2.500000,    1.200000]
[Aug 21 2026 22:18:13.786] [bands.f90:481]             [1m[32m<info> [0m[0mValence is:       10.000000
[Aug 21 2026 22:18:13.790] [bands.f90:546]             [1m[32m<info> [0m[0mFree Fermi energy: -0.085837
[Aug 21 2026 22:18:13.802] [conductivity.f90:338]      [1m[32m<info> [0m[0mCUDA KPM reconstruction uses tiled resident Gamma blocks.
  0.37202031986418188       0.25000000000000000        3.7000000000000002     
 KPM_PROFILE backend=cuda moment_backend=cuda moment_precision=fp64 reconstruction_backend=cuda_blas reconstruction_precision=fp64 precision=fp64_fp64 estimator=per_type N=                  9216 nnz=               2299752 M=          250 lld=          150 Ntrace=            1 trace_block_width=            1 trace_batches=            1 OMP_NUM_THREADS=1 BLAS_NUM_THREADS=1 random_seed=unset omp_threads=1 blas_threads=1 clock_source=system_clock_wall bytes_h2d=              67811472 bytes_d2h=                722880 bytes_gamma=              64000000 bytes_mu_pack=              18000000 resident_device_moment_bytes=              18000000 host_full_moment_bytes=                     0 full_moment_d2h_bytes=                     0 reduced_result_d2h_bytes=                722880 gpu_energy_block=           64 output_mode=production P_operator_setup=   0.21056112199999999      P_trace_setup=   0.17540350099999999      P_moments_total=    18.402599841000001      P_gamma_basis_setup=   0.15688837063498795      P_gamma_generation=    3.4766077296808362E-002 P_reconstruction_total=   0.15247099590487778      P_result_unpack=    1.0142739999999999E-003 P_energy_integration=    2.2527670000000001E-003 P_tensor_postprocess=    6.8163399999999997E-004 P_output_prepare=    5.9870066000000000E-002 P_output_io=    4.6158450000000004E-003 P_stack_setup=   0.98445853600000000      P_moment_finalize=    7.0340394000000001E-002 P_misc=    3.3069514163329927E-002 P_operator=   0.21056112199999999      P_gamma=   0.19165444793179631      P_other=    3.3069514163329927E-002 D_moment_H2D=    1.0886581148952246E-003 D_moment_GPU_kernel=    18.324883755063638      D_moment_D2H=    0.0000000000000000      D_conversion=    0.0000000000000000      D_mu_pack=    0.0000000000000000      D_reconstruction_BLAS=   0.15205510309897363      D_gamma_basis=   0.15688837063498795      D_gamma_fill=    3.4766077296808362E-002 D_gpu_mu_pack=    3.5578315146267414E-004 D_reconstruction_D2H=    4.1589280590415001E-004 T_operator=   0.21056112199999999      T_trace_setup=   0.17540350099999999      T_cheb_moments=    18.402599841000001      T_H2D=    1.0886581148952246E-003 T_D2H=    0.0000000000000000      T_gamma=   0.19165444793179631      T_mu_pack=    0.0000000000000000      T_gamma_mu=   0.15205510309897363      T_energy_integral=    2.2527670000000001E-003 T_transport_total=    20.288992938000000      profile_closure_error=    0.0000000000000000      profile_child_error=    0.0000000000000000      PROFILE_STATUS=PASS
----------------------------------------------------------- TIMER REPORT ------------------------------------------------------------
  CATEGORY                           MEAN            MAX            MIN          TOTAL      TOTAL (%)         NCALLS   TOTAL NCALLS   
  total                                 -              -              -        20.3121          100.0              1              5   
  └─ Calculation                        -              -              -        20.3121          100.0              1              4   
     ├─ Calculation*                    -              -              -        19.6706           96.8              -              1   
     └─ pre-processing                  -              -              -         0.6415            3.2              1              3   
        ├─ pre-processing*              -              -              -         0.0108            0.1              -              1   
        ├─ build_data                   -              -              -         0.0000            0.0              1              1   
        ├─ bravais                      -              -              -         0.1881            0.9              1              1   
        └─ structb                      -              -              -         0.4427            2.2              1              1   
-------------------------------------------------------------------------------------------------------------------------------------
  * exclusive values to this label
-------------------------------------------------------------------------------------------------------------------------------------
