[Aug 21 2026 16:05:35.321] [basis.f90:110]             [1m[32m<info> [0m[0mBasis initialised: lmax=2 (spd )  norb=9  nb=18  spin_off=9  bdg=F
[Aug 21 2026 16:05:35.766] [lattice_strux.f90:89]      [1m[32m<info> [0m[0mSTRUCTB structure-constants, backend=legacy
[Aug 21 2026 16:05:35.957] [recursion_chebyshev.f90:189]  [1m[32m<info> [0m[0mChebyshev Hamiltonian bounds from energy namelist window [   -2.500000,    1.200000]
           1           1   1.0000000000000000     
           1           1   1.0000000000000000     
           1           1   1.0000000000000000     
           1           1   1.0000000000000000     
           1           1   1.0000000000000000     
           1           1   1.0000000000000000     
           1           1   1.0000000000000000     
           1           1   1.0000000000000000     
           1           1   1.0000000000000000     
           1           1   1.0000000000000000     
           1           1   1.0000000000000000     
           1           1   1.0000000000000000     
           1           1   1.0000000000000000     
           1           1   1.0000000000000000     
           1           1   1.0000000000000000     
           1           1   1.0000000000000000     
           1           1   1.0000000000000000     
           1           1   1.0000000000000000     
[Aug 21 2026 16:05:36.022] [rsrec_cuda_plugin.f90:332]  [1m[32m<info> [0m[0mCUDA_DEVICE_MAPPING world_rank=0 local_rank=0 local_size=1 visible_devices=1 selected_device=0
[Aug 21 2026 16:05:36.394] [recursion_transport.f90:711]  [1m[32m<info> [0m[0mChebyshev moments being calculated taking atom type 1
[Aug 21 2026 16:06:41.041] [green_chebyshev.f90:288]   [1m[32m<info> [0m[0mCUDA transport moments resident; keeping Chebyshev DOS on CPU.
[Aug 21 2026 16:06:41.042] [recursion_chebyshev.f90:189]  [1m[32m<info> [0m[0mChebyshev Hamiltonian bounds from energy namelist window [   -2.500000,    1.200000]
[Aug 21 2026 16:06:41.098] [bands.f90:481]             [1m[32m<info> [0m[0mValence is:       10.000000
[Aug 21 2026 16:06:41.101] [bands.f90:546]             [1m[32m<info> [0m[0mFree Fermi energy: -0.085837
[Aug 21 2026 16:06:41.113] [conductivity.f90:338]      [1m[32m<info> [0m[0mCUDA KPM reconstruction uses tiled resident Gamma blocks.
  0.37202031986418188       0.25000000000000000        3.7000000000000002     
 KPM_PROFILE backend=cuda moment_backend=cuda moment_precision=fp64 reconstruction_backend=cuda_blas reconstruction_precision=fp64 precision=fp64_fp64 estimator=per_type N=                  3888 nnz=                884520 M=          750 lld=          150 Ntrace=            1 trace_block_width=            1 trace_batches=            1 OMP_NUM_THREADS=1 BLAS_NUM_THREADS=1 random_seed=unset omp_threads=1 blas_threads=1 clock_source=system_clock_wall bytes_h2d=             116613328 bytes_d2h=                722880 bytes_gamma=             576000000 bytes_mu_pack=             162000000 resident_device_moment_bytes=             162000000 host_full_moment_bytes=                     0 full_moment_d2h_bytes=                     0 reduced_result_d2h_bytes=                722880 gpu_energy_block=           64 output_mode=production P_operator_setup=   0.21646665800000001      P_trace_setup=   0.22061181999999999      P_moments_total=    64.610340816999994      P_gamma_basis_setup=    1.3072587747592479      P_gamma_generation=   0.29904973995871842      P_reconstruction_total=    1.7393118974287063      P_result_unpack=    1.0134600000000001E-003 P_energy_integration=    2.3010909999999999E-003 P_tensor_postprocess=    6.9103600000000002E-004 P_output_prepare=    6.0296078000000003E-002 P_output_io=    5.1106980000000003E-003 P_stack_setup=   0.63617323100000001      P_moment_finalize=    7.2019602000000002E-002 P_misc=    5.2931675853329807E-002 P_operator=   0.21646665800000001      P_gamma=    1.6063085147179663      P_other=    5.2931675853329807E-002 D_moment_H2D=    7.2327370289713144E-003 D_moment_GPU_kernel=    63.955064581939951      D_moment_D2H=    0.0000000000000000      D_conversion=    0.0000000000000000      D_mu_pack=    0.0000000000000000      D_reconstruction_BLAS=    1.7387669940944761      D_gamma_basis=    1.3072587747592479      D_gamma_fill=   0.29904973995871842      D_gpu_mu_pack=    2.8782500885426998E-003 D_reconstruction_D2H=    5.4490333423018456E-004 T_operator=   0.21646665800000001      T_trace_setup=   0.22061181999999999      T_cheb_moments=    64.610340816999994      T_H2D=    7.2327370289713144E-003 T_D2H=    0.0000000000000000      T_gamma=    1.6063085147179663      T_mu_pack=    0.0000000000000000      T_gamma_mu=    1.7387669940944761      T_energy_integral=    2.3010909999999999E-003 T_transport_total=    69.223576578999996      profile_closure_error=    0.0000000000000000      profile_child_error=    0.0000000000000000      PROFILE_STATUS=PASS
----------------------------------------------------------- TIMER REPORT ------------------------------------------------------------
  CATEGORY                           MEAN            MAX            MIN          TOTAL      TOTAL (%)         NCALLS   TOTAL NCALLS   
  total                                 -              -              -        69.2450          100.0              1              5   
  └─ Calculation                        -              -              -        69.2450          100.0              1              4   
     ├─ Calculation*                    -              -              -        68.9385           99.6              -              1   
     └─ pre-processing                  -              -              -         0.3065            0.4              1              3   
        ├─ pre-processing*              -              -              -         0.0104            0.0              -              1   
        ├─ build_data                   -              -              -         0.0000            0.0              1              1   
        ├─ bravais                      -              -              -         0.1884            0.3              1              1   
        └─ structb                      -              -              -         0.1077            0.2              1              1   
-------------------------------------------------------------------------------------------------------------------------------------
  * exclusive values to this label
-------------------------------------------------------------------------------------------------------------------------------------
