[Aug 21 2026 16:01:09.334] [basis.f90:110]             [1m[32m<info> [0m[0mBasis initialised: lmax=2 (spd )  norb=9  nb=18  spin_off=9  bdg=F
[Aug 21 2026 16:01:09.778] [lattice_strux.f90:89]      [1m[32m<info> [0m[0mSTRUCTB structure-constants, backend=legacy
[Aug 21 2026 16:01:09.974] [recursion_chebyshev.f90:189]  [1m[32m<info> [0m[0mChebyshev Hamiltonian bounds from energy namelist window [   -2.500000,    1.200000]
           1           1   1.0000000000000000     
           1           1   1.0000000000000000     
           1           1   1.0000000000000000     
           1           1   1.0000000000000000     
           1           1   1.0000000000000000     
           1           1   1.0000000000000000     
           1           1   1.0000000000000000     
           1           1   1.0000000000000000     
           1           1   1.0000000000000000     
           1           1   1.0000000000000000     
           1           1   1.0000000000000000     
           1           1   1.0000000000000000     
           1           1   1.0000000000000000     
           1           1   1.0000000000000000     
           1           1   1.0000000000000000     
           1           1   1.0000000000000000     
           1           1   1.0000000000000000     
           1           1   1.0000000000000000     
[Aug 21 2026 16:01:10.107] [rsrec_cuda_plugin.f90:332]  [1m[32m<info> [0m[0mCUDA_DEVICE_MAPPING world_rank=0 local_rank=0 local_size=1 visible_devices=1 selected_device=0
[Aug 21 2026 16:01:10.486] [recursion_transport.f90:711]  [1m[32m<info> [0m[0mChebyshev moments being calculated taking atom type 1
[Aug 21 2026 16:02:11.187] [green_chebyshev.f90:288]   [1m[32m<info> [0m[0mCUDA transport moments resident; keeping Chebyshev DOS on CPU.
[Aug 21 2026 16:02:11.188] [recursion_chebyshev.f90:189]  [1m[32m<info> [0m[0mChebyshev Hamiltonian bounds from energy namelist window [   -2.500000,    1.200000]
[Aug 21 2026 16:02:11.244] [bands.f90:481]             [1m[32m<info> [0m[0mValence is:       10.000000
[Aug 21 2026 16:02:11.247] [bands.f90:546]             [1m[32m<info> [0m[0mFree Fermi energy: -0.085837
[Aug 21 2026 16:02:11.259] [conductivity.f90:338]      [1m[32m<info> [0m[0mCUDA KPM reconstruction uses tiled resident Gamma blocks.
  0.37202031986418188       0.25000000000000000        3.7000000000000002     
 KPM_PROFILE backend=cuda moment_backend=cuda moment_precision=fp64 reconstruction_backend=cuda_blas reconstruction_precision=fp64 precision=fp64_fp64 estimator=per_type N=                  3888 nnz=                884520 M=          750 lld=          150 Ntrace=            1 trace_block_width=            1 trace_batches=            1 OMP_NUM_THREADS=1 BLAS_NUM_THREADS=1 random_seed=unset omp_threads=1 blas_threads=1 clock_source=system_clock_wall bytes_h2d=             116613328 bytes_d2h=                722880 bytes_gamma=             576000000 bytes_mu_pack=             162000000 resident_device_moment_bytes=             162000000 host_full_moment_bytes=                     0 full_moment_d2h_bytes=                     0 reduced_result_d2h_bytes=                722880 gpu_energy_block=           64 output_mode=production P_operator_setup=   0.29364056500000002      P_trace_setup=   0.21846624200000000      P_moments_total=    60.664944222000003      P_gamma_basis_setup=    1.3072266564704478      P_gamma_generation=   0.29911184078082442      P_reconstruction_total=    1.5539385941810906      P_result_unpack=    1.0002620000000000E-003 P_energy_integration=    2.2357990000000001E-003 P_tensor_postprocess=    7.1450500000000004E-004 P_output_prepare=    6.0500983000000001E-002 P_output_io=    4.0262880000000003E-003 P_stack_setup=   0.63965563999999997      P_moment_finalize=    7.1449345999999997E-002 P_misc=    5.2573665567607009E-002 P_operator=   0.29364056500000002      P_gamma=    1.6063384972512722      P_other=    5.2573665567607009E-002 D_moment_H2D=    7.2309670504182577E-003 D_moment_GPU_kernel=    60.009249054128304      D_moment_D2H=    0.0000000000000000      D_conversion=    0.0000000000000000      D_mu_pack=    0.0000000000000000      D_reconstruction_BLAS=    1.5534221865236759      D_gamma_basis=    1.3072266564704478      D_gamma_fill=   0.29911184078082442      D_gpu_mu_pack=    2.8877798467874527E-003 D_reconstruction_D2H=    5.1640765741467476E-004 T_operator=   0.29364056500000002      T_trace_setup=   0.21846624200000000      T_cheb_moments=    60.664944222000003      T_H2D=    7.2309670504182577E-003 T_D2H=    0.0000000000000000      T_gamma=    1.6063384972512722      T_mu_pack=    0.0000000000000000      T_gamma_mu=    1.5534221865236759      T_energy_integral=    2.2357990000000001E-003 T_transport_total=    65.169484608999994      profile_closure_error=    0.0000000000000000      profile_child_error=    0.0000000000000000      PROFILE_STATUS=PASS
----------------------------------------------------------- TIMER REPORT ------------------------------------------------------------
  CATEGORY                           MEAN            MAX            MIN          TOTAL      TOTAL (%)         NCALLS   TOTAL NCALLS   
  total                                 -              -              -        65.1908          100.0              1              5   
  └─ Calculation                        -              -              -        65.1908          100.0              1              4   
     ├─ Calculation*                    -              -              -        64.8846           99.5              -              1   
     └─ pre-processing                  -              -              -         0.3062            0.5              1              3   
        ├─ pre-processing*              -              -              -         0.0108            0.0              -              1   
        ├─ build_data                   -              -              -         0.0000            0.0              1              1   
        ├─ bravais                      -              -              -         0.1871            0.3              1              1   
        └─ structb                      -              -              -         0.1083            0.2              1              1   
-------------------------------------------------------------------------------------------------------------------------------------
  * exclusive values to this label
-------------------------------------------------------------------------------------------------------------------------------------
