[Aug 21 2026 21:18:49.391] [basis.f90:110]             [1m[32m<info> [0m[0mBasis initialised: lmax=2 (spd )  norb=9  nb=18  spin_off=9  bdg=F
[Aug 21 2026 21:18:49.818] [lattice_strux.f90:89]      [1m[32m<info> [0m[0mSTRUCTB structure-constants, backend=legacy
[Aug 21 2026 21:18:49.912] [recursion_chebyshev.f90:189]  [1m[32m<info> [0m[0mChebyshev Hamiltonian bounds from energy namelist window [   -2.500000,    1.200000]
[Aug 21 2026 21:18:49.912] [recursion_transport.f90:459]  [1m[32m<info> [0m[0mKPM random-vector seed=271828
           1           1   1.0000000000000000     
           1           1   1.0000000000000000     
           1           1   1.0000000000000000     
           1           1   1.0000000000000000     
           1           1   1.0000000000000000     
           1           1   1.0000000000000000     
           1           1   1.0000000000000000     
           1           1   1.0000000000000000     
           1           1   1.0000000000000000     
           1           1   1.0000000000000000     
           1           1   1.0000000000000000     
           1           1   1.0000000000000000     
           1           1   1.0000000000000000     
           1           1   1.0000000000000000     
           1           1   1.0000000000000000     
           1           1   1.0000000000000000     
           1           1   1.0000000000000000     
           1           1   1.0000000000000000     
[Aug 21 2026 21:18:50.044] [rsrec_cuda_plugin.f90:332]  [1m[32m<info> [0m[0mCUDA_DEVICE_MAPPING world_rank=0 local_rank=0 local_size=1 visible_devices=1 selected_device=0
[Aug 21 2026 21:18:50.249] [recursion_transport.f90:720]  [1m[32m<info> [0m[0mChebyshev moments being calculated for random vector 1
[Aug 21 2026 21:18:58.757] [recursion_transport.f90:720]  [1m[32m<info> [0m[0mChebyshev moments being calculated for random vector 2
[Aug 21 2026 21:19:07.004] [green_chebyshev.f90:288]   [1m[32m<info> [0m[0mCUDA transport moments resident; keeping Chebyshev DOS on CPU.
[Aug 21 2026 21:19:07.005] [recursion_chebyshev.f90:189]  [1m[32m<info> [0m[0mChebyshev Hamiltonian bounds from energy namelist window [   -2.500000,    1.200000]
[Aug 21 2026 21:19:07.060] [bands.f90:481]             [1m[32m<info> [0m[0mValence is:       10.000000
[Aug 21 2026 21:19:07.063] [bands.f90:546]             [1m[32m<info> [0m[0mFree Fermi energy: -0.085837
[Aug 21 2026 21:19:07.075] [conductivity.f90:338]      [1m[32m<info> [0m[0mCUDA KPM reconstruction uses tiled resident Gamma blocks.
  0.37202031986418188       0.25000000000000000        3.7000000000000002     
 KPM_PROFILE backend=cuda moment_backend=cuda moment_precision=fp64 reconstruction_backend=cuda_blas reconstruction_precision=fp64 precision=fp64_fp64 estimator=random_vec N=                  1152 nnz=                215784 M=          500 lld=          150 Ntrace=            2 trace_block_width=            1 trace_batches=            2 OMP_NUM_THREADS=1 BLAS_NUM_THREADS=1 random_seed=271828 omp_threads=1 blas_threads=1 clock_source=system_clock_wall bytes_h2d=              90964976 bytes_d2h=               1445760 bytes_gamma=             256000000 bytes_mu_pack=              72000000 resident_device_moment_bytes=             144000000 host_full_moment_bytes=                     0 full_moment_d2h_bytes=                     0 reduced_result_d2h_bytes=               1445760 gpu_energy_block=           64 output_mode=production P_operator_setup=   0.29455941499999999      P_trace_setup=    5.3039601000000006E-002 P_moments_total=    16.738209021999999      P_gamma_basis_setup=   0.59147702879272401      P_gamma_generation=   0.12333451630547643      P_reconstruction_total=    1.3749294418375939      P_result_unpack=    1.0592609999999999E-003 P_energy_integration=    1.2413350000000001E-003 P_tensor_postprocess=    5.8963699999999995E-004 P_output_prepare=    3.2250195000000002E-002 P_output_io=    2.2465990000000002E-003 P_stack_setup=   0.52074480499999998      P_moment_finalize=    7.1598708999999996E-002 P_misc=    2.3061693064203581E-002 P_operator=   0.29455941499999999      P_gamma=   0.71481154509820044      P_other=    2.3061693064203581E-002 D_moment_H2D=    6.4036841504275799E-003 D_moment_GPU_kernel=    16.439655465306714      D_moment_D2H=    0.0000000000000000      D_conversion=    0.0000000000000000      D_mu_pack=    0.0000000000000000      D_reconstruction_BLAS=    1.3739312614779919      D_gamma_basis=   0.59147702879272401      D_gamma_fill=   0.12333451630547643      D_gpu_mu_pack=    2.5657869409769773E-003 D_reconstruction_D2H=    9.9818035960197449E-004 T_operator=   0.29455941499999999      T_trace_setup=    5.3039601000000006E-002 T_cheb_moments=    16.738209021999999      T_H2D=    6.4036841504275799E-003 T_D2H=    0.0000000000000000      T_gamma=   0.71481154509820044      T_mu_pack=    0.0000000000000000      T_gamma_mu=    1.3739312614779919      T_energy_integral=    1.2413350000000001E-003 T_transport_total=    19.828341258999998      profile_closure_error=    0.0000000000000000      profile_child_error=    0.0000000000000000      PROFILE_STATUS=PASS
----------------------------------------------------------- TIMER REPORT ------------------------------------------------------------
  CATEGORY                           MEAN            MAX            MIN          TOTAL      TOTAL (%)         NCALLS   TOTAL NCALLS   
  total                                 -              -              -        19.8509          100.0              1              5   
  └─ Calculation                        -              -              -        19.8509          100.0              1              4   
     ├─ Calculation*                    -              -              -        19.6497           99.0              -              1   
     └─ pre-processing                  -              -              -         0.2012            1.0              1              3   
        ├─ pre-processing*              -              -              -         0.0077            0.0              -              1   
        ├─ build_data                   -              -              -         0.0000            0.0              1              1   
        ├─ bravais                      -              -              -         0.1803            0.9              1              1   
        └─ structb                      -              -              -         0.0132            0.1              1              1   
-------------------------------------------------------------------------------------------------------------------------------------
  * exclusive values to this label
-------------------------------------------------------------------------------------------------------------------------------------
