[Aug 21 2026 14:20:16.483] [basis.f90:110]             [1m[32m<info> [0m[0mBasis initialised: lmax=2 (spd )  norb=9  nb=18  spin_off=9  bdg=F
[Aug 21 2026 14:20:16.930] [lattice_strux.f90:89]      [1m[32m<info> [0m[0mSTRUCTB structure-constants, backend=legacy
[Aug 21 2026 14:20:17.465] [recursion_chebyshev.f90:189]  [1m[32m<info> [0m[0mChebyshev Hamiltonian bounds from energy namelist window [   -2.500000,    1.200000]
           1           1   1.0000000000000000     
           1           1   1.0000000000000000     
           1           1   1.0000000000000000     
           1           1   1.0000000000000000     
           1           1   1.0000000000000000     
           1           1   1.0000000000000000     
           1           1   1.0000000000000000     
           1           1   1.0000000000000000     
           1           1   1.0000000000000000     
           1           1   1.0000000000000000     
           1           1   1.0000000000000000     
           1           1   1.0000000000000000     
           1           1   1.0000000000000000     
           1           1   1.0000000000000000     
           1           1   1.0000000000000000     
           1           1   1.0000000000000000     
           1           1   1.0000000000000000     
           1           1   1.0000000000000000     
[Aug 21 2026 14:20:17.813] [recursion_transport.f90:711]  [1m[32m<info> [0m[0mChebyshev moments being calculated taking atom type 1
[Aug 21 2026 14:21:45.523] [recursion_chebyshev.f90:189]  [1m[32m<info> [0m[0mChebyshev Hamiltonian bounds from energy namelist window [   -2.500000,    1.200000]
[Aug 21 2026 14:21:45.575] [bands.f90:481]             [1m[32m<info> [0m[0mValence is:       10.000000
[Aug 21 2026 14:21:45.578] [bands.f90:546]             [1m[32m<info> [0m[0mFree Fermi energy: -0.085837
  0.37202031986418188       0.25000000000000000        3.7000000000000002     
 KPM_PROFILE backend=cpu moment_backend=cpu_fast moment_precision=fp64 reconstruction_backend=cpu_blas reconstruction_precision=fp64 precision=fp64_fp64 estimator=per_type N=                  9216 nnz=               2299752 M=          500 lld=          150 Ntrace=            1 trace_block_width=            1 trace_batches=            0 OMP_NUM_THREADS=1 BLAS_NUM_THREADS=1 random_seed=unset omp_threads=1 blas_threads=1 clock_source=system_clock_wall bytes_h2d=                     0 bytes_d2h=                     0 bytes_gamma=           10040000000 bytes_mu_pack=              72000000 resident_device_moment_bytes=                     0 host_full_moment_bytes=            1296000000 full_moment_d2h_bytes=                     0 reduced_result_d2h_bytes=                     0 gpu_energy_block=            0 output_mode=production P_operator_setup=    2.3711700000000001E-004 P_trace_setup=   0.34816848099999997      P_moments_total=    87.643760920999995      P_gamma_basis_setup=    6.5272556999999995E-002 P_gamma_generation=    7.8790012129999996      P_reconstruction_total=    1.9653586869999999      P_result_unpack=    0.0000000000000000      P_energy_integration=    2.2024430000000001E-003 P_tensor_postprocess=    7.1857099999999999E-004 P_output_prepare=    5.9812685999999997E-002 P_output_io=    4.8877390000000003E-003 P_stack_setup=   0.98151976900000004      P_moment_finalize=    6.8210336999999996E-002 P_misc=    6.9110461000008172E-002 P_operator=    2.3711700000000001E-004 P_gamma=    7.9442737699999997      P_other=    6.9110461000008172E-002 D_moment_H2D=    0.0000000000000000      D_moment_GPU_kernel=    0.0000000000000000      D_moment_D2H=    0.0000000000000000      D_conversion=    0.0000000000000000      D_mu_pack=    9.1460949000000000E-002 D_reconstruction_BLAS=    1.8728990619999999      D_gamma_basis=    6.5252386999999995E-002 D_gamma_fill=    7.8777906809999996      D_gpu_mu_pack=    0.0000000000000000      D_reconstruction_D2H=    0.0000000000000000      T_operator=    2.3711700000000001E-004 T_trace_setup=   0.34816848099999997      T_cheb_moments=    87.643760920999995      T_H2D=    0.0000000000000000      T_D2H=    0.0000000000000000      T_gamma=    7.9442737699999997      T_mu_pack=    9.1460949000000000E-002 T_gamma_mu=    1.8728990619999999      T_energy_integral=    2.2024430000000001E-003 T_transport_total=    99.088260981999994      profile_closure_error=    0.0000000000000000      profile_child_error=    0.0000000000000000      PROFILE_STATUS=PASS
----------------------------------------------------------- TIMER REPORT ------------------------------------------------------------
  CATEGORY                           MEAN            MAX            MIN          TOTAL      TOTAL (%)         NCALLS   TOTAL NCALLS   
  total                                 -              -              -        99.4571          100.0              1              5   
  └─ Calculation                        -              -              -        99.4571          100.0              1              4   
     ├─ Calculation*                    -              -              -        98.8167           99.4              -              1   
     └─ pre-processing                  -              -              -         0.6404            0.6              1              3   
        ├─ pre-processing*              -              -              -         0.0108            0.0              -              1   
        ├─ build_data                   -              -              -         0.0000            0.0              1              1   
        ├─ bravais                      -              -              -         0.1880            0.2              1              1   
        └─ structb                      -              -              -         0.4416            0.4              1              1   
-------------------------------------------------------------------------------------------------------------------------------------
  * exclusive values to this label
-------------------------------------------------------------------------------------------------------------------------------------
