[Aug 21 2026 14:18:36.874] [basis.f90:110]             [1m[32m<info> [0m[0mBasis initialised: lmax=2 (spd )  norb=9  nb=18  spin_off=9  bdg=F
[Aug 21 2026 14:18:37.324] [lattice_strux.f90:89]      [1m[32m<info> [0m[0mSTRUCTB structure-constants, backend=legacy
[Aug 21 2026 14:18:37.862] [recursion_chebyshev.f90:189]  [1m[32m<info> [0m[0mChebyshev Hamiltonian bounds from energy namelist window [   -2.500000,    1.200000]
           1           1   1.0000000000000000     
           1           1   1.0000000000000000     
           1           1   1.0000000000000000     
           1           1   1.0000000000000000     
           1           1   1.0000000000000000     
           1           1   1.0000000000000000     
           1           1   1.0000000000000000     
           1           1   1.0000000000000000     
           1           1   1.0000000000000000     
           1           1   1.0000000000000000     
           1           1   1.0000000000000000     
           1           1   1.0000000000000000     
           1           1   1.0000000000000000     
           1           1   1.0000000000000000     
           1           1   1.0000000000000000     
           1           1   1.0000000000000000     
           1           1   1.0000000000000000     
           1           1   1.0000000000000000     
[Aug 21 2026 14:18:38.205] [recursion_transport.f90:711]  [1m[32m<info> [0m[0mChebyshev moments being calculated taking atom type 1
[Aug 21 2026 14:20:06.022] [recursion_chebyshev.f90:189]  [1m[32m<info> [0m[0mChebyshev Hamiltonian bounds from energy namelist window [   -2.500000,    1.200000]
[Aug 21 2026 14:20:06.075] [bands.f90:481]             [1m[32m<info> [0m[0mValence is:       10.000000
[Aug 21 2026 14:20:06.079] [bands.f90:546]             [1m[32m<info> [0m[0mFree Fermi energy: -0.085837
  0.37202031986418188       0.25000000000000000        3.7000000000000002     
 KPM_PROFILE backend=cpu moment_backend=cpu_fast moment_precision=fp64 reconstruction_backend=cpu_blas reconstruction_precision=fp64 precision=fp64_fp64 estimator=per_type N=                  9216 nnz=               2299752 M=          500 lld=          150 Ntrace=            1 trace_block_width=            1 trace_batches=            0 OMP_NUM_THREADS=1 BLAS_NUM_THREADS=1 random_seed=unset omp_threads=1 blas_threads=1 clock_source=system_clock_wall bytes_h2d=                     0 bytes_d2h=                     0 bytes_gamma=           10040000000 bytes_mu_pack=              72000000 resident_device_moment_bytes=                     0 host_full_moment_bytes=            1296000000 full_moment_d2h_bytes=                     0 reduced_result_d2h_bytes=                     0 gpu_energy_block=            0 output_mode=production P_operator_setup=    2.4313300000000000E-004 P_trace_setup=   0.34320958099999999      P_moments_total=    87.749492450000005      P_gamma_basis_setup=    6.5818703000000006E-002 P_gamma_generation=    7.8925362879999996      P_reconstruction_total=    1.9300885059999999      P_result_unpack=    0.0000000000000000      P_energy_integration=    2.1994910000000000E-003 P_tensor_postprocess=    7.0943999999999998E-004 P_output_prepare=    6.0028595999999997E-002 P_output_io=    5.1555519999999999E-003 P_stack_setup=   0.98803409099999995      P_moment_finalize=    7.0662237000000003E-002 P_misc=    6.9451909999997952E-002 P_operator=    2.4313300000000000E-004 P_gamma=    7.9583549909999993      P_other=    6.9451909999997952E-002 D_moment_H2D=    0.0000000000000000      D_moment_GPU_kernel=    0.0000000000000000      D_moment_D2H=    0.0000000000000000      D_conversion=    0.0000000000000000      D_mu_pack=    9.0987931999999994E-002 D_reconstruction_BLAS=    1.8381054640000001      D_gamma_basis=    6.5803049000000002E-002 D_gamma_fill=    7.8913540639999997      D_gpu_mu_pack=    0.0000000000000000      D_reconstruction_D2H=    0.0000000000000000      T_operator=    2.4313300000000000E-004 T_trace_setup=   0.34320958099999999      T_cheb_moments=    87.749492450000005      T_H2D=    0.0000000000000000      T_D2H=    0.0000000000000000      T_gamma=    7.9583549909999993      T_mu_pack=    9.0987931999999994E-002 T_gamma_mu=    1.8381054640000001      T_energy_integral=    2.1994910000000000E-003 T_transport_total=    99.177629977999999      profile_closure_error=    0.0000000000000000      profile_child_error=    0.0000000000000000      PROFILE_STATUS=PASS
----------------------------------------------------------- TIMER REPORT ------------------------------------------------------------
  CATEGORY                           MEAN            MAX            MIN          TOTAL      TOTAL (%)         NCALLS   TOTAL NCALLS   
  total                                 -              -              -        99.5401          100.0              1              5   
  └─ Calculation                        -              -              -        99.5401          100.0              1              4   
     ├─ Calculation*                    -              -              -        98.8965           99.4              -              1   
     └─ pre-processing                  -              -              -         0.6436            0.6              1              3   
        ├─ pre-processing*              -              -              -         0.0110            0.0              -              1   
        ├─ build_data                   -              -              -         0.0000            0.0              1              1   
        ├─ bravais                      -              -              -         0.1888            0.2              1              1   
        └─ structb                      -              -              -         0.4439            0.4              1              1   
-------------------------------------------------------------------------------------------------------------------------------------
  * exclusive values to this label
-------------------------------------------------------------------------------------------------------------------------------------
