[Aug 21 2026 13:31:57.428] [basis.f90:110]             [1m[32m<info> [0m[0mBasis initialised: lmax=2 (spd )  norb=9  nb=18  spin_off=9  bdg=F
[Aug 21 2026 13:31:57.865] [lattice_strux.f90:89]      [1m[32m<info> [0m[0mSTRUCTB structure-constants, backend=legacy
[Aug 21 2026 13:31:57.961] [recursion_chebyshev.f90:189]  [1m[32m<info> [0m[0mChebyshev Hamiltonian bounds from energy namelist window [   -2.500000,    1.200000]
           1           1   1.0000000000000000     
           1           1   1.0000000000000000     
           1           1   1.0000000000000000     
           1           1   1.0000000000000000     
           1           1   1.0000000000000000     
           1           1   1.0000000000000000     
           1           1   1.0000000000000000     
           1           1   1.0000000000000000     
           1           1   1.0000000000000000     
           1           1   1.0000000000000000     
           1           1   1.0000000000000000     
           1           1   1.0000000000000000     
           1           1   1.0000000000000000     
           1           1   1.0000000000000000     
           1           1   1.0000000000000000     
           1           1   1.0000000000000000     
           1           1   1.0000000000000000     
           1           1   1.0000000000000000     
[Aug 21 2026 13:31:58.004] [recursion_transport.f90:711]  [1m[32m<info> [0m[0mChebyshev moments being calculated taking atom type 1
[Aug 21 2026 13:32:08.801] [recursion_chebyshev.f90:189]  [1m[32m<info> [0m[0mChebyshev Hamiltonian bounds from energy namelist window [   -2.500000,    1.200000]
[Aug 21 2026 13:32:08.839] [bands.f90:481]             [1m[32m<info> [0m[0mValence is:       10.000000
[Aug 21 2026 13:32:08.842] [bands.f90:546]             [1m[32m<info> [0m[0mFree Fermi energy: -0.085837
  0.37202031986418188       0.25000000000000000        3.7000000000000002     
 KPM_PROFILE backend=cpu moment_backend=cpu_fast moment_precision=fp32 reconstruction_backend=cpu_cblas reconstruction_precision=fp32 precision=fp32_fp32 estimator=per_type N=                  1152 nnz=                215784 M=          500 lld=          150 Ntrace=            1 trace_block_width=            1 trace_batches=            0 OMP_NUM_THREADS=2 BLAS_NUM_THREADS=1 random_seed=unset omp_threads=2 blas_threads=1 clock_source=system_clock_wall bytes_h2d=                     0 bytes_d2h=                     0 bytes_gamma=           10040000000 bytes_mu_pack=              72000000 resident_device_moment_bytes=                     0 host_full_moment_bytes=            1296000000 full_moment_d2h_bytes=                     0 reduced_result_d2h_bytes=                     0 gpu_energy_block=            0 output_mode=production P_operator_setup=    2.2660200000000001E-004 P_trace_setup=    4.2977198000000001E-002 P_moments_total=    10.789553544000000      P_gamma_basis_setup=   0.10449440800000000      P_gamma_generation=    6.5912342539999997      P_reconstruction_total=   0.97679953100000005      P_result_unpack=    0.0000000000000000      P_energy_integration=    2.6432850000000000E-003 P_tensor_postprocess=    5.9807399999999998E-004 P_output_prepare=    6.0778041999999997E-002 P_output_io=    3.7721999999999999E-003 P_stack_setup=   0.53275727399999995      P_moment_finalize=    5.3840853000000001E-002 P_misc=    4.8893062619999945      P_operator=    2.2660200000000001E-004 P_gamma=    6.6957286619999996      P_other=    4.8893062619999945      D_moment_H2D=    0.0000000000000000      D_moment_GPU_kernel=    0.0000000000000000      D_moment_D2H=    0.0000000000000000      D_conversion=    0.0000000000000000      D_mu_pack=    9.1134964999999998E-002 D_reconstruction_BLAS=   0.88471092500000004      D_gamma_basis=    0.0000000000000000      D_gamma_fill=    0.0000000000000000      D_gpu_mu_pack=    0.0000000000000000      D_reconstruction_D2H=    0.0000000000000000      T_operator=    2.2660200000000001E-004 T_trace_setup=    4.2977198000000001E-002 T_cheb_moments=    10.789553544000000      T_H2D=    0.0000000000000000      T_D2H=    0.0000000000000000      T_gamma=    6.6957286619999996      T_mu_pack=    9.1134964999999998E-002 T_gamma_mu=   0.88471092500000004      T_energy_integral=    2.6432850000000000E-003 T_transport_total=    24.048981526999999      profile_closure_error=    0.0000000000000000      profile_child_error=    0.0000000000000000      PROFILE_STATUS=PASS
----------------------------------------------------------- TIMER REPORT ------------------------------------------------------------
  CATEGORY                           MEAN            MAX            MIN          TOTAL      TOTAL (%)         NCALLS   TOTAL NCALLS   
  total                                 -              -              -        24.4440          100.0              1              5   
  └─ Calculation                        -              -              -        24.4440          100.0              1              4   
     ├─ Calculation*                    -              -              -        24.2330           99.1              -              1   
     └─ pre-processing                  -              -              -         0.2110            0.9              1              3   
        ├─ pre-processing*              -              -              -         0.0101            0.0              -              1   
        ├─ build_data                   -              -              -         0.0000            0.0              1              1   
        ├─ bravais                      -              -              -         0.1872            0.8              1              1   
        └─ structb                      -              -              -         0.0137            0.1              1              1   
-------------------------------------------------------------------------------------------------------------------------------------
  * exclusive values to this label
-------------------------------------------------------------------------------------------------------------------------------------
