[Aug 21 2026 15:05:49.209] [basis.f90:110]             [1m[32m<info> [0m[0mBasis initialised: lmax=2 (spd )  norb=9  nb=18  spin_off=9  bdg=F
[Aug 21 2026 15:05:49.645] [lattice_strux.f90:89]      [1m[32m<info> [0m[0mSTRUCTB structure-constants, backend=legacy
[Aug 21 2026 15:05:49.746] [recursion_chebyshev.f90:189]  [1m[32m<info> [0m[0mChebyshev Hamiltonian bounds from energy namelist window [   -2.500000,    1.200000]
           1           1   1.0000000000000000     
           1           1   1.0000000000000000     
           1           1   1.0000000000000000     
           1           1   1.0000000000000000     
           1           1   1.0000000000000000     
           1           1   1.0000000000000000     
           1           1   1.0000000000000000     
           1           1   1.0000000000000000     
           1           1   1.0000000000000000     
           1           1   1.0000000000000000     
           1           1   1.0000000000000000     
           1           1   1.0000000000000000     
           1           1   1.0000000000000000     
           1           1   1.0000000000000000     
           1           1   1.0000000000000000     
           1           1   1.0000000000000000     
           1           1   1.0000000000000000     
           1           1   1.0000000000000000     
[Aug 21 2026 15:05:49.810] [rsrec_cuda_plugin.f90:332]  [1m[32m<info> [0m[0mCUDA_DEVICE_MAPPING world_rank=0 local_rank=0 local_size=1 visible_devices=1 selected_device=0
[Aug 21 2026 15:05:50.002] [recursion_transport.f90:711]  [1m[32m<info> [0m[0mChebyshev moments being calculated taking atom type 1
[Aug 21 2026 15:05:58.515] [green_chebyshev.f90:288]   [1m[32m<info> [0m[0mCUDA transport moments resident; keeping Chebyshev DOS on CPU.
[Aug 21 2026 15:05:58.516] [recursion_chebyshev.f90:189]  [1m[32m<info> [0m[0mChebyshev Hamiltonian bounds from energy namelist window [   -2.500000,    1.200000]
[Aug 21 2026 15:05:58.571] [bands.f90:481]             [1m[32m<info> [0m[0mValence is:       10.000000
[Aug 21 2026 15:05:58.574] [bands.f90:546]             [1m[32m<info> [0m[0mFree Fermi energy: -0.085837
[Aug 21 2026 15:05:58.587] [conductivity.f90:338]      [1m[32m<info> [0m[0mCUDA KPM reconstruction uses tiled resident Gamma blocks.
  0.37202031986418188       0.25000000000000000        3.7000000000000002     
 KPM_PROFILE backend=cuda moment_backend=cuda moment_precision=fp64 reconstruction_backend=cuda_blas reconstruction_precision=fp64 precision=fp64_fp64 estimator=per_type N=                  1152 nnz=                215784 M=          500 lld=          150 Ntrace=            1 trace_block_width=            1 trace_batches=            1 OMP_NUM_THREADS=1 BLAS_NUM_THREADS=1 random_seed=unset omp_threads=1 blas_threads=1 clock_source=system_clock_wall bytes_h2d=              90633200 bytes_d2h=                722880 bytes_gamma=             256000000 bytes_mu_pack=              72000000 resident_device_moment_bytes=              72000000 host_full_moment_bytes=                     0 full_moment_d2h_bytes=                     0 reduced_result_d2h_bytes=                722880 gpu_energy_block=           64 output_mode=production P_operator_setup=   0.21219403700000000      P_trace_setup=    4.3647483000000001E-002 P_moments_total=    8.5030935789999997      P_gamma_basis_setup=   0.59027462918311357      P_gamma_generation=   0.12318990868516266      P_reconstruction_total=   0.68930717511102557      P_result_unpack=    9.8234199999999998E-004 P_energy_integration=    2.7245130000000000E-003 P_tensor_postprocess=    7.0722700000000005E-004 P_output_prepare=    6.0297934999999997E-002 P_output_io=    5.0459260000000001E-003 P_stack_setup=   0.53709629599999997      P_moment_finalize=    7.1825995000000004E-002 P_misc=    2.6380539020699700E-002 P_operator=   0.21219403700000000      P_gamma=   0.71346453786827624      P_other=    2.6380539020699700E-002 D_moment_H2D=    3.2040982041507959E-003 D_moment_GPU_kernel=    8.2024893159978092      D_moment_D2H=    0.0000000000000000      D_conversion=    0.0000000000000000      D_mu_pack=    0.0000000000000000      D_reconstruction_BLAS=   0.68882159469649196      D_gamma_basis=   0.59027462918311357      D_gamma_fill=   0.12318990868516266      D_gpu_mu_pack=    1.3066190294921398E-003 D_reconstruction_D2H=    4.8558041453361511E-004 T_operator=   0.21219403700000000      T_trace_setup=    4.3647483000000001E-002 T_cheb_moments=    8.5030935789999997      T_H2D=    3.2040982041507959E-003 T_D2H=    0.0000000000000000      T_gamma=   0.71346453786827624      T_mu_pack=    0.0000000000000000      T_gamma_mu=   0.68882159469649196      T_energy_integral=    2.7245130000000000E-003 T_transport_total=    10.866767585000000      profile_closure_error=    0.0000000000000000      profile_child_error=    0.0000000000000000      PROFILE_STATUS=PASS
----------------------------------------------------------- TIMER REPORT ------------------------------------------------------------
  CATEGORY                           MEAN            MAX            MIN          TOTAL      TOTAL (%)         NCALLS   TOTAL NCALLS   
  total                                 -              -              -        10.8882          100.0              1              5   
  └─ Calculation                        -              -              -        10.8882          100.0              1              4   
     ├─ Calculation*                    -              -              -        10.6777           98.1              -              1   
     └─ pre-processing                  -              -              -         0.2106            1.9              1              3   
        ├─ pre-processing*              -              -              -         0.0102            0.1              -              1   
        ├─ build_data                   -              -              -         0.0000            0.0              1              1   
        ├─ bravais                      -              -              -         0.1869            1.7              1              1   
        └─ structb                      -              -              -         0.0135            0.1              1              1   
-------------------------------------------------------------------------------------------------------------------------------------
  * exclusive values to this label
-------------------------------------------------------------------------------------------------------------------------------------
