[Aug 21 2026 21:27:49.471] [basis.f90:110]             [1m[32m<info> [0m[0mBasis initialised: lmax=2 (spd )  norb=9  nb=18  spin_off=9  bdg=F
[Aug 21 2026 21:27:49.897] [lattice_strux.f90:89]      [1m[32m<info> [0m[0mSTRUCTB structure-constants, backend=legacy
[Aug 21 2026 21:27:49.990] [recursion_chebyshev.f90:189]  [1m[32m<info> [0m[0mChebyshev Hamiltonian bounds from energy namelist window [   -2.500000,    1.200000]
[Aug 21 2026 21:27:49.990] [recursion_transport.f90:459]  [1m[32m<info> [0m[0mKPM random-vector seed=271828
           1           1   1.0000000000000000     
           1           1   1.0000000000000000     
           1           1   1.0000000000000000     
           1           1   1.0000000000000000     
           1           1   1.0000000000000000     
           1           1   1.0000000000000000     
           1           1   1.0000000000000000     
           1           1   1.0000000000000000     
           1           1   1.0000000000000000     
           1           1   1.0000000000000000     
           1           1   1.0000000000000000     
           1           1   1.0000000000000000     
           1           1   1.0000000000000000     
           1           1   1.0000000000000000     
           1           1   1.0000000000000000     
           1           1   1.0000000000000000     
           1           1   1.0000000000000000     
           1           1   1.0000000000000000     
[Aug 21 2026 21:27:50.054] [rsrec_cuda_plugin.f90:332]  [1m[32m<info> [0m[0mCUDA_DEVICE_MAPPING world_rank=0 local_rank=0 local_size=1 visible_devices=1 selected_device=0
[Aug 21 2026 21:27:50.241] [recursion_transport.f90:720]  [1m[32m<info> [0m[0mChebyshev moments being calculated for random vector 1
[Aug 21 2026 21:27:58.934] [recursion_transport.f90:720]  [1m[32m<info> [0m[0mChebyshev moments being calculated for random vector 2
[Aug 21 2026 21:28:07.340] [recursion_transport.f90:720]  [1m[32m<info> [0m[0mChebyshev moments being calculated for random vector 3
[Aug 21 2026 21:28:15.745] [recursion_transport.f90:720]  [1m[32m<info> [0m[0mChebyshev moments being calculated for random vector 4
[Aug 21 2026 21:28:24.191] [green_chebyshev.f90:288]   [1m[32m<info> [0m[0mCUDA transport moments resident; keeping Chebyshev DOS on CPU.
[Aug 21 2026 21:28:24.192] [recursion_chebyshev.f90:189]  [1m[32m<info> [0m[0mChebyshev Hamiltonian bounds from energy namelist window [   -2.500000,    1.200000]
[Aug 21 2026 21:28:24.247] [bands.f90:481]             [1m[32m<info> [0m[0mValence is:       10.000000
[Aug 21 2026 21:28:24.250] [bands.f90:546]             [1m[32m<info> [0m[0mFree Fermi energy: -0.085837
[Aug 21 2026 21:28:24.263] [conductivity.f90:338]      [1m[32m<info> [0m[0mCUDA KPM reconstruction uses tiled resident Gamma blocks.
  0.37202031986418188       0.25000000000000000        3.7000000000000002     
 KPM_PROFILE backend=cuda moment_backend=cuda moment_precision=fp64 reconstruction_backend=cuda_blas reconstruction_precision=fp64 precision=fp64_fp64 estimator=random_vec N=                  1152 nnz=                215784 M=          500 lld=          150 Ntrace=            4 trace_block_width=            1 trace_batches=            4 OMP_NUM_THREADS=1 BLAS_NUM_THREADS=1 random_seed=271828 omp_threads=1 blas_threads=1 clock_source=system_clock_wall bytes_h2d=              91628528 bytes_d2h=               2891520 bytes_gamma=             256000000 bytes_mu_pack=              72000000 resident_device_moment_bytes=             288000000 host_full_moment_bytes=                     0 full_moment_d2h_bytes=                     0 reduced_result_d2h_bytes=               2891520 gpu_energy_block=           64 output_mode=production P_operator_setup=   0.20879212999999999      P_trace_setup=    7.3064826000000013E-002 P_moments_total=    33.912047080000001      P_gamma_basis_setup=   0.59106922615319490      P_gamma_generation=   0.12309808004647493      P_reconstruction_total=    2.8124193230178207      P_result_unpack=    1.5116430000000000E-003 P_energy_integration=    1.0910850000000001E-003 P_tensor_postprocess=    6.5508500000000002E-004 P_output_prepare=    3.2233673999999997E-002 P_output_io=    3.0431320000000000E-003 P_stack_setup=   0.51954663400000001      P_moment_finalize=    7.1755777000000007E-002 P_misc=    2.4515294782510466E-002 P_operator=   0.20879212999999999      P_gamma=   0.71416730619966984      P_other=    2.4515294782510466E-002 D_moment_H2D=    1.2794942827895284E-002 D_moment_GPU_kernel=    33.612134844064713      D_moment_D2H=    0.0000000000000000      D_conversion=    0.0000000000000000      D_mu_pack=    0.0000000000000000      D_reconstruction_BLAS=    2.8108441850636154      D_gamma_basis=   0.59106922615319490      D_gamma_fill=   0.12309808004647493      D_gpu_mu_pack=    5.0833830609917641E-003 D_reconstruction_D2H=    1.5751379542052746E-003 T_operator=   0.20879212999999999      T_trace_setup=    7.3064826000000013E-002 T_cheb_moments=    33.912047080000001      T_H2D=    1.2794942827895284E-002 T_D2H=    0.0000000000000000      T_gamma=   0.71416730619966984      T_mu_pack=    0.0000000000000000      T_gamma_mu=    2.8108441850636154      T_energy_integral=    1.0910850000000001E-003 T_transport_total=    38.374842989999998      profile_closure_error=    0.0000000000000000      profile_child_error=    0.0000000000000000      PROFILE_STATUS=PASS
----------------------------------------------------------- TIMER REPORT ------------------------------------------------------------
  CATEGORY                           MEAN            MAX            MIN          TOTAL      TOTAL (%)         NCALLS   TOTAL NCALLS   
  total                                 -              -              -        38.3972          100.0              1              5   
  └─ Calculation                        -              -              -        38.3972          100.0              1              4   
     ├─ Calculation*                    -              -              -        38.1965           99.5              -              1   
     └─ pre-processing                  -              -              -         0.2007            0.5              1              3   
        ├─ pre-processing*              -              -              -         0.0077            0.0              -              1   
        ├─ build_data                   -              -              -         0.0000            0.0              1              1   
        ├─ bravais                      -              -              -         0.1797            0.5              1              1   
        └─ structb                      -              -              -         0.0133            0.0              1              1   
-------------------------------------------------------------------------------------------------------------------------------------
  * exclusive values to this label
-------------------------------------------------------------------------------------------------------------------------------------
