[Aug 21 2026 21:26:32.615] [basis.f90:110]             [1m[32m<info> [0m[0mBasis initialised: lmax=2 (spd )  norb=9  nb=18  spin_off=9  bdg=F
[Aug 21 2026 21:26:33.041] [lattice_strux.f90:89]      [1m[32m<info> [0m[0mSTRUCTB structure-constants, backend=legacy
[Aug 21 2026 21:26:33.137] [recursion_chebyshev.f90:189]  [1m[32m<info> [0m[0mChebyshev Hamiltonian bounds from energy namelist window [   -2.500000,    1.200000]
[Aug 21 2026 21:26:33.137] [recursion_transport.f90:459]  [1m[32m<info> [0m[0mKPM random-vector seed=271828
           1           1   1.0000000000000000     
           1           1   1.0000000000000000     
           1           1   1.0000000000000000     
           1           1   1.0000000000000000     
           1           1   1.0000000000000000     
           1           1   1.0000000000000000     
           1           1   1.0000000000000000     
           1           1   1.0000000000000000     
           1           1   1.0000000000000000     
           1           1   1.0000000000000000     
           1           1   1.0000000000000000     
           1           1   1.0000000000000000     
           1           1   1.0000000000000000     
           1           1   1.0000000000000000     
           1           1   1.0000000000000000     
           1           1   1.0000000000000000     
           1           1   1.0000000000000000     
           1           1   1.0000000000000000     
[Aug 21 2026 21:26:33.200] [rsrec_cuda_plugin.f90:332]  [1m[32m<info> [0m[0mCUDA_DEVICE_MAPPING world_rank=0 local_rank=0 local_size=1 visible_devices=1 selected_device=0
[Aug 21 2026 21:26:33.385] [recursion_transport.f90:720]  [1m[32m<info> [0m[0mChebyshev moments being calculated for random vector 1
[Aug 21 2026 21:26:42.010] [recursion_transport.f90:720]  [1m[32m<info> [0m[0mChebyshev moments being calculated for random vector 2
[Aug 21 2026 21:26:50.377] [recursion_transport.f90:720]  [1m[32m<info> [0m[0mChebyshev moments being calculated for random vector 3
[Aug 21 2026 21:26:58.747] [recursion_transport.f90:720]  [1m[32m<info> [0m[0mChebyshev moments being calculated for random vector 4
[Aug 21 2026 21:27:07.115] [green_chebyshev.f90:288]   [1m[32m<info> [0m[0mCUDA transport moments resident; keeping Chebyshev DOS on CPU.
[Aug 21 2026 21:27:07.115] [recursion_chebyshev.f90:189]  [1m[32m<info> [0m[0mChebyshev Hamiltonian bounds from energy namelist window [   -2.500000,    1.200000]
[Aug 21 2026 21:27:07.171] [bands.f90:481]             [1m[32m<info> [0m[0mValence is:       10.000000
[Aug 21 2026 21:27:07.174] [bands.f90:546]             [1m[32m<info> [0m[0mFree Fermi energy: -0.085837
[Aug 21 2026 21:27:07.187] [conductivity.f90:338]      [1m[32m<info> [0m[0mCUDA KPM reconstruction uses tiled resident Gamma blocks.
  0.37202031986418188       0.25000000000000000        3.7000000000000002     
 KPM_PROFILE backend=cuda moment_backend=cuda moment_precision=fp64 reconstruction_backend=cuda_blas reconstruction_precision=fp64 precision=fp64_fp64 estimator=random_vec N=                  1152 nnz=                215784 M=          500 lld=          150 Ntrace=            4 trace_block_width=            1 trace_batches=            4 OMP_NUM_THREADS=1 BLAS_NUM_THREADS=1 random_seed=271828 omp_threads=1 blas_threads=1 clock_source=system_clock_wall bytes_h2d=              91628528 bytes_d2h=               2891520 bytes_gamma=             256000000 bytes_mu_pack=              72000000 resident_device_moment_bytes=             288000000 host_full_moment_bytes=                     0 full_moment_d2h_bytes=                     0 reduced_result_d2h_bytes=               2891520 gpu_energy_block=           64 output_mode=production P_operator_setup=   0.20597369400000001      P_trace_setup=    7.3426719000000001E-002 P_moments_total=    33.692646775000000      P_gamma_basis_setup=   0.59090885403566062      P_gamma_generation=   0.12318248534575105      P_reconstruction_total=    2.7947123937774450      P_result_unpack=    1.5524630000000000E-003 P_energy_integration=    1.0835879999999999E-003 P_tensor_postprocess=    7.2502700000000005E-004 P_output_prepare=    3.2385939000000002E-002 P_output_io=    3.2005250000000001E-003 P_stack_setup=   0.52144907200000001      P_moment_finalize=    7.2173454999999997E-002 P_misc=    2.3481156841143047E-002 P_operator=   0.20597369400000001      P_gamma=   0.71409133938141167      P_other=    2.3481156841143047E-002 D_moment_H2D=    1.2872387189418077E-002 D_moment_GPU_kernel=    33.390524118905887      D_moment_D2H=    0.0000000000000000      D_conversion=    0.0000000000000000      D_mu_pack=    0.0000000000000000      D_reconstruction_BLAS=    2.7929754205979407      D_gamma_basis=   0.59090885403566062      D_gamma_fill=   0.12318248534575105      D_gpu_mu_pack=    5.0801769830286503E-003 D_reconstruction_D2H=    1.7369731795042753E-003 T_operator=   0.20597369400000001      T_trace_setup=    7.3426719000000001E-002 T_cheb_moments=    33.692646775000000      T_H2D=    1.2872387189418077E-002 T_D2H=    0.0000000000000000      T_gamma=   0.71409133938141167      T_mu_pack=    0.0000000000000000      T_gamma_mu=    2.7929754205979407      T_energy_integral=    1.0835879999999999E-003 T_transport_total=    38.136902147000001      profile_closure_error=    0.0000000000000000      profile_child_error=    0.0000000000000000      PROFILE_STATUS=PASS
----------------------------------------------------------- TIMER REPORT ------------------------------------------------------------
  CATEGORY                           MEAN            MAX            MIN          TOTAL      TOTAL (%)         NCALLS   TOTAL NCALLS   
  total                                 -              -              -        38.1575          100.0              1              5   
  └─ Calculation                        -              -              -        38.1575          100.0              1              4   
     ├─ Calculation*                    -              -              -        37.9565           99.5              -              1   
     └─ pre-processing                  -              -              -         0.2010            0.5              1              3   
        ├─ pre-processing*              -              -              -         0.0077            0.0              -              1   
        ├─ build_data                   -              -              -         0.0000            0.0              1              1   
        ├─ bravais                      -              -              -         0.1799            0.5              1              1   
        └─ structb                      -              -              -         0.0134            0.0              1              1   
-------------------------------------------------------------------------------------------------------------------------------------
  * exclusive values to this label
-------------------------------------------------------------------------------------------------------------------------------------
