[Aug 21 2026 13:28:02.129] [basis.f90:110]             [1m[32m<info> [0m[0mBasis initialised: lmax=2 (spd )  norb=9  nb=18  spin_off=9  bdg=F
[Aug 21 2026 13:28:02.576] [lattice_strux.f90:89]      [1m[32m<info> [0m[0mSTRUCTB structure-constants, backend=legacy
[Aug 21 2026 13:28:02.674] [recursion_chebyshev.f90:189]  [1m[32m<info> [0m[0mChebyshev Hamiltonian bounds from energy namelist window [   -2.500000,    1.200000]
           1           1   1.0000000000000000     
           1           1   1.0000000000000000     
           1           1   1.0000000000000000     
           1           1   1.0000000000000000     
           1           1   1.0000000000000000     
           1           1   1.0000000000000000     
           1           1   1.0000000000000000     
           1           1   1.0000000000000000     
           1           1   1.0000000000000000     
           1           1   1.0000000000000000     
           1           1   1.0000000000000000     
           1           1   1.0000000000000000     
           1           1   1.0000000000000000     
           1           1   1.0000000000000000     
           1           1   1.0000000000000000     
           1           1   1.0000000000000000     
           1           1   1.0000000000000000     
           1           1   1.0000000000000000     
[Aug 21 2026 13:28:02.738] [rsrec_cuda_plugin.f90:332]  [1m[32m<info> [0m[0mCUDA_DEVICE_MAPPING world_rank=0 local_rank=0 local_size=1 visible_devices=1 selected_device=0
[Aug 21 2026 13:28:02.931] [recursion_transport.f90:711]  [1m[32m<info> [0m[0mChebyshev moments being calculated taking atom type 1
[Aug 21 2026 13:28:11.521] [green_chebyshev.f90:288]   [1m[32m<info> [0m[0mCUDA transport moments resident; keeping Chebyshev DOS on CPU.
[Aug 21 2026 13:28:11.522] [recursion_chebyshev.f90:189]  [1m[32m<info> [0m[0mChebyshev Hamiltonian bounds from energy namelist window [   -2.500000,    1.200000]
[Aug 21 2026 13:28:11.577] [bands.f90:481]             [1m[32m<info> [0m[0mValence is:       10.000000
[Aug 21 2026 13:28:11.580] [bands.f90:546]             [1m[32m<info> [0m[0mFree Fermi energy: -0.085837
[Aug 21 2026 13:28:11.593] [conductivity.f90:338]      [1m[32m<info> [0m[0mCUDA KPM reconstruction uses tiled resident Gamma blocks.
  0.37202031986418188       0.25000000000000000        3.7000000000000002     
 KPM_PROFILE backend=cuda moment_backend=cuda moment_precision=fp64 reconstruction_backend=cuda_blas reconstruction_precision=fp64 precision=fp64_fp64 estimator=per_type N=                  1152 nnz=                215784 M=          500 lld=          150 Ntrace=            1 trace_block_width=            1 trace_batches=            1 OMP_NUM_THREADS=1 BLAS_NUM_THREADS=1 random_seed=unset omp_threads=1 blas_threads=1 clock_source=system_clock_wall bytes_h2d=              90633200 bytes_d2h=                722880 bytes_gamma=             256000000 bytes_mu_pack=              72000000 resident_device_moment_bytes=              72000000 host_full_moment_bytes=                     0 full_moment_d2h_bytes=                     0 reduced_result_d2h_bytes=                722880 gpu_energy_block=           64 output_mode=production P_operator_setup=   0.21232678799999999      P_trace_setup=    4.3873027000000002E-002 P_moments_total=    8.5846453359999995      P_gamma_basis_setup=   0.59194236178882420      P_gamma_generation=   0.12339213606901467      P_reconstruction_total=   0.69308809610083699      P_result_unpack=    1.1557140000000000E-003 P_energy_integration=    2.7209769999999999E-003 P_tensor_postprocess=    7.6435900000000005E-004 P_output_prepare=    6.1092578000000002E-002 P_output_io=    5.0391170000000001E-003 P_stack_setup=   0.54527344099999997      P_moment_finalize=    7.2117278000000007E-002 P_misc=    2.2834051041325409E-002 P_operator=   0.21232678799999999      P_gamma=   0.71533449785783887      P_other=    2.2834051041325409E-002 D_moment_H2D=    3.2009328715503216E-003 D_moment_GPU_kernel=    8.2855490099173039      D_moment_D2H=    0.0000000000000000      D_conversion=    0.0000000000000000      D_mu_pack=    0.0000000000000000      D_reconstruction_BLAS=   0.69248293852433562      D_gamma_basis=   0.59194236178882420      D_gamma_fill=   0.12339213606901467      D_gpu_mu_pack=    1.2956939171999693E-003 D_reconstruction_D2H=    6.0515757650136948E-004 T_operator=   0.21232678799999999      T_trace_setup=    4.3873027000000002E-002 T_cheb_moments=    8.5846453359999995      T_H2D=    3.2009328715503216E-003 T_D2H=    0.0000000000000000      T_gamma=   0.71533449785783887      T_mu_pack=    0.0000000000000000      T_gamma_mu=   0.69248293852433562      T_energy_integral=    2.7209769999999999E-003 T_transport_total=    10.960265260000000      profile_closure_error=    0.0000000000000000      profile_child_error=    0.0000000000000000      PROFILE_STATUS=PASS
----------------------------------------------------------- TIMER REPORT ------------------------------------------------------------
  CATEGORY                           MEAN            MAX            MIN          TOTAL      TOTAL (%)         NCALLS   TOTAL NCALLS   
  total                                 -              -              -        10.9880          100.0              1              5   
  └─ Calculation                        -              -              -        10.9880          100.0              1              4   
     ├─ Calculation*                    -              -              -        10.7760           98.1              -              1   
     └─ pre-processing                  -              -              -         0.2120            1.9              1              3   
        ├─ pre-processing*              -              -              -         0.0103            0.1              -              1   
        ├─ build_data                   -              -              -         0.0000            0.0              1              1   
        ├─ bravais                      -              -              -         0.1881            1.7              1              1   
        └─ structb                      -              -              -         0.0136            0.1              1              1   
-------------------------------------------------------------------------------------------------------------------------------------
  * exclusive values to this label
-------------------------------------------------------------------------------------------------------------------------------------
