[Aug 21 2026 13:28:13.327] [basis.f90:110]             [1m[32m<info> [0m[0mBasis initialised: lmax=2 (spd )  norb=9  nb=18  spin_off=9  bdg=F
[Aug 21 2026 13:28:13.768] [lattice_strux.f90:89]      [1m[32m<info> [0m[0mSTRUCTB structure-constants, backend=legacy
[Aug 21 2026 13:28:13.864] [recursion_chebyshev.f90:189]  [1m[32m<info> [0m[0mChebyshev Hamiltonian bounds from energy namelist window [   -2.500000,    1.200000]
           1           1   1.0000000000000000     
           1           1   1.0000000000000000     
           1           1   1.0000000000000000     
           1           1   1.0000000000000000     
           1           1   1.0000000000000000     
           1           1   1.0000000000000000     
           1           1   1.0000000000000000     
           1           1   1.0000000000000000     
           1           1   1.0000000000000000     
           1           1   1.0000000000000000     
           1           1   1.0000000000000000     
           1           1   1.0000000000000000     
           1           1   1.0000000000000000     
           1           1   1.0000000000000000     
           1           1   1.0000000000000000     
           1           1   1.0000000000000000     
           1           1   1.0000000000000000     
           1           1   1.0000000000000000     
[Aug 21 2026 13:28:13.928] [rsrec_cuda_plugin.f90:332]  [1m[32m<info> [0m[0mCUDA_DEVICE_MAPPING world_rank=0 local_rank=0 local_size=1 visible_devices=1 selected_device=0
[Aug 21 2026 13:28:14.119] [recursion_transport.f90:711]  [1m[32m<info> [0m[0mChebyshev moments being calculated taking atom type 1
[Aug 21 2026 13:28:22.741] [green_chebyshev.f90:288]   [1m[32m<info> [0m[0mCUDA transport moments resident; keeping Chebyshev DOS on CPU.
[Aug 21 2026 13:28:22.742] [recursion_chebyshev.f90:189]  [1m[32m<info> [0m[0mChebyshev Hamiltonian bounds from energy namelist window [   -2.500000,    1.200000]
[Aug 21 2026 13:28:22.799] [bands.f90:481]             [1m[32m<info> [0m[0mValence is:       10.000000
[Aug 21 2026 13:28:22.802] [bands.f90:546]             [1m[32m<info> [0m[0mFree Fermi energy: -0.085837
[Aug 21 2026 13:28:22.814] [conductivity.f90:338]      [1m[32m<info> [0m[0mCUDA KPM reconstruction uses tiled resident Gamma blocks.
  0.37202031986418188       0.25000000000000000        3.7000000000000002     
 KPM_PROFILE backend=cuda moment_backend=cuda moment_precision=fp64 reconstruction_backend=cuda_blas reconstruction_precision=fp64 precision=fp64_fp64 estimator=per_type N=                  1152 nnz=                215784 M=          500 lld=          150 Ntrace=            1 trace_block_width=            1 trace_batches=            1 OMP_NUM_THREADS=1 BLAS_NUM_THREADS=1 random_seed=unset omp_threads=1 blas_threads=1 clock_source=system_clock_wall bytes_h2d=              90633200 bytes_d2h=                722880 bytes_gamma=             256000000 bytes_mu_pack=              72000000 resident_device_moment_bytes=              72000000 host_full_moment_bytes=                     0 full_moment_d2h_bytes=                     0 reduced_result_d2h_bytes=                722880 gpu_energy_block=           64 output_mode=production P_operator_setup=   0.21113119000000000      P_trace_setup=    4.4297477000000002E-002 P_moments_total=    8.6127563170000005      P_gamma_basis_setup=   0.59275203826837242      P_gamma_generation=   0.12337482767179608      P_reconstruction_total=   0.69595244433730841      P_result_unpack=    9.7642099999999999E-004 P_energy_integration=    2.7154290000000001E-003 P_tensor_postprocess=    7.0434299999999996E-004 P_output_prepare=    6.1113175999999998E-002 P_output_io=    4.6383090000000002E-003 P_stack_setup=   0.53706221899999995      P_moment_finalize=    7.2858225999999998E-002 P_misc=    2.6932429722522855E-002 P_operator=   0.21113119000000000      P_gamma=   0.71612686594016850      P_other=    2.6932429722522855E-002 D_moment_H2D=    3.2062660902738571E-003 D_moment_GPU_kernel=    8.3069516899995506      D_moment_D2H=    0.0000000000000000      D_conversion=    0.0000000000000000      D_mu_pack=    0.0000000000000000      D_reconstruction_BLAS=   0.69541412475518882      D_gamma_basis=   0.59275203826837242      D_gamma_fill=   0.12337482767179608      D_gpu_mu_pack=    1.2879699934273958E-003 D_reconstruction_D2H=    5.3831958211958408E-004 T_operator=   0.21113119000000000      T_trace_setup=    4.4297477000000002E-002 T_cheb_moments=    8.6127563170000005      T_H2D=    3.2062660902738571E-003 T_D2H=    0.0000000000000000      T_gamma=   0.71612686594016850      T_mu_pack=    0.0000000000000000      T_gamma_mu=   0.69541412475518882      T_energy_integral=    2.7154290000000001E-003 T_transport_total=    10.987264847000001      profile_closure_error=    0.0000000000000000      profile_child_error=    0.0000000000000000      PROFILE_STATUS=PASS
----------------------------------------------------------- TIMER REPORT ------------------------------------------------------------
  CATEGORY                           MEAN            MAX            MIN          TOTAL      TOTAL (%)         NCALLS   TOTAL NCALLS   
  total                                 -              -              -        11.0111          100.0              1              5   
  └─ Calculation                        -              -              -        11.0111          100.0              1              4   
     ├─ Calculation*                    -              -              -        10.7997           98.1              -              1   
     └─ pre-processing                  -              -              -         0.2114            1.9              1              3   
        ├─ pre-processing*              -              -              -         0.0103            0.1              -              1   
        ├─ build_data                   -              -              -         0.0000            0.0              1              1   
        ├─ bravais                      -              -              -         0.1876            1.7              1              1   
        └─ structb                      -              -              -         0.0136            0.1              1              1   
-------------------------------------------------------------------------------------------------------------------------------------
  * exclusive values to this label
-------------------------------------------------------------------------------------------------------------------------------------
