[Aug 21 2026 13:27:28.643] [basis.f90:110]             [1m[32m<info> [0m[0mBasis initialised: lmax=2 (spd )  norb=9  nb=18  spin_off=9  bdg=F
[Aug 21 2026 13:27:29.090] [lattice_strux.f90:89]      [1m[32m<info> [0m[0mSTRUCTB structure-constants, backend=legacy
[Aug 21 2026 13:27:29.186] [recursion_chebyshev.f90:189]  [1m[32m<info> [0m[0mChebyshev Hamiltonian bounds from energy namelist window [   -2.500000,    1.200000]
           1           1   1.0000000000000000     
           1           1   1.0000000000000000     
           1           1   1.0000000000000000     
           1           1   1.0000000000000000     
           1           1   1.0000000000000000     
           1           1   1.0000000000000000     
           1           1   1.0000000000000000     
           1           1   1.0000000000000000     
           1           1   1.0000000000000000     
           1           1   1.0000000000000000     
           1           1   1.0000000000000000     
           1           1   1.0000000000000000     
           1           1   1.0000000000000000     
           1           1   1.0000000000000000     
           1           1   1.0000000000000000     
           1           1   1.0000000000000000     
           1           1   1.0000000000000000     
           1           1   1.0000000000000000     
[Aug 21 2026 13:27:29.319] [rsrec_cuda_plugin.f90:332]  [1m[32m<info> [0m[0mCUDA_DEVICE_MAPPING world_rank=0 local_rank=0 local_size=1 visible_devices=1 selected_device=0
[Aug 21 2026 13:27:29.524] [recursion_transport.f90:711]  [1m[32m<info> [0m[0mChebyshev moments being calculated taking atom type 1
[Aug 21 2026 13:27:38.093] [green_chebyshev.f90:288]   [1m[32m<info> [0m[0mCUDA transport moments resident; keeping Chebyshev DOS on CPU.
[Aug 21 2026 13:27:38.094] [recursion_chebyshev.f90:189]  [1m[32m<info> [0m[0mChebyshev Hamiltonian bounds from energy namelist window [   -2.500000,    1.200000]
[Aug 21 2026 13:27:38.150] [bands.f90:481]             [1m[32m<info> [0m[0mValence is:       10.000000
[Aug 21 2026 13:27:38.153] [bands.f90:546]             [1m[32m<info> [0m[0mFree Fermi energy: -0.085837
[Aug 21 2026 13:27:38.165] [conductivity.f90:338]      [1m[32m<info> [0m[0mCUDA KPM reconstruction uses tiled resident Gamma blocks.
  0.37202031986418188       0.25000000000000000        3.7000000000000002     
 KPM_PROFILE backend=cuda moment_backend=cuda moment_precision=fp64 reconstruction_backend=cuda_blas reconstruction_precision=fp64 precision=fp64_fp64 estimator=per_type N=                  1152 nnz=                215784 M=          500 lld=          150 Ntrace=            1 trace_block_width=            1 trace_batches=            1 OMP_NUM_THREADS=1 BLAS_NUM_THREADS=1 random_seed=unset omp_threads=1 blas_threads=1 clock_source=system_clock_wall bytes_h2d=              90633200 bytes_d2h=                722880 bytes_gamma=             256000000 bytes_mu_pack=              72000000 resident_device_moment_bytes=              72000000 host_full_moment_bytes=                     0 full_moment_d2h_bytes=                     0 reduced_result_d2h_bytes=                722880 gpu_energy_block=           64 output_mode=production P_operator_setup=   0.29427112200000000      P_trace_setup=    4.4171757999999998E-002 P_moments_total=    8.5578072380000005      P_gamma_basis_setup=   0.59051658911630511      P_gamma_generation=   0.12334699509665370      P_reconstruction_total=   0.68376672267913818      P_result_unpack=    9.7202699999999998E-004 P_energy_integration=    2.7337619999999998E-003 P_tensor_postprocess=    7.0571499999999999E-004 P_output_prepare=    6.1056459000000000E-002 P_output_io=    3.8428920000000001E-003 P_stack_setup=   0.54346240599999995      P_moment_finalize=    7.2073234999999999E-002 P_misc=    2.8013575107904032E-002 P_operator=   0.29427112200000000      P_gamma=   0.71386358421295881      P_other=    2.8013575107904032E-002 D_moment_H2D=    3.3000300172716379E-003 D_moment_GPU_kernel=    8.2548116079997271      D_moment_D2H=    0.0000000000000000      D_conversion=    0.0000000000000000      D_mu_pack=    0.0000000000000000      D_reconstruction_BLAS=   0.68328680261038244      D_gamma_basis=   0.59051658911630511      D_gamma_fill=   0.12334699509665370      D_gpu_mu_pack=    1.3035980518907309E-003 D_reconstruction_D2H=    4.7992006875574589E-004 T_operator=   0.29427112200000000      T_trace_setup=    4.4171757999999998E-002 T_cheb_moments=    8.5578072380000005      T_H2D=    3.3000300172716379E-003 T_D2H=    0.0000000000000000      T_gamma=   0.71386358421295881      T_mu_pack=    0.0000000000000000      T_gamma_mu=   0.68328680261038244      T_energy_integral=    2.7337619999999998E-003 T_transport_total=    11.006740496000001      profile_closure_error=    0.0000000000000000      profile_child_error=    0.0000000000000000      PROFILE_STATUS=PASS
----------------------------------------------------------- TIMER REPORT ------------------------------------------------------------
  CATEGORY                           MEAN            MAX            MIN          TOTAL      TOTAL (%)         NCALLS   TOTAL NCALLS   
  total                                 -              -              -        11.0321          100.0              1              5   
  └─ Calculation                        -              -              -        11.0321          100.0              1              4   
     ├─ Calculation*                    -              -              -        10.8197           98.1              -              1   
     └─ pre-processing                  -              -              -         0.2124            1.9              1              3   
        ├─ pre-processing*              -              -              -         0.0105            0.1              -              1   
        ├─ build_data                   -              -              -         0.0000            0.0              1              1   
        ├─ bravais                      -              -              -         0.1884            1.7              1              1   
        └─ structb                      -              -              -         0.0135            0.1              1              1   
-------------------------------------------------------------------------------------------------------------------------------------
  * exclusive values to this label
-------------------------------------------------------------------------------------------------------------------------------------
