[Aug 21 2026 14:01:42.171] [basis.f90:110]             [1m[32m<info> [0m[0mBasis initialised: lmax=2 (spd )  norb=9  nb=18  spin_off=9  bdg=F
[Aug 21 2026 14:01:42.611] [lattice_strux.f90:89]      [1m[32m<info> [0m[0mSTRUCTB structure-constants, backend=legacy
[Aug 21 2026 14:01:42.804] [recursion_chebyshev.f90:189]  [1m[32m<info> [0m[0mChebyshev Hamiltonian bounds from energy namelist window [   -2.500000,    1.200000]
           1           1   1.0000000000000000     
           1           1   1.0000000000000000     
           1           1   1.0000000000000000     
           1           1   1.0000000000000000     
           1           1   1.0000000000000000     
           1           1   1.0000000000000000     
           1           1   1.0000000000000000     
           1           1   1.0000000000000000     
           1           1   1.0000000000000000     
           1           1   1.0000000000000000     
           1           1   1.0000000000000000     
           1           1   1.0000000000000000     
           1           1   1.0000000000000000     
           1           1   1.0000000000000000     
           1           1   1.0000000000000000     
           1           1   1.0000000000000000     
           1           1   1.0000000000000000     
           1           1   1.0000000000000000     
[Aug 21 2026 14:01:42.947] [recursion_transport.f90:711]  [1m[32m<info> [0m[0mChebyshev moments being calculated taking atom type 1
[Aug 21 2026 14:02:19.403] [recursion_chebyshev.f90:189]  [1m[32m<info> [0m[0mChebyshev Hamiltonian bounds from energy namelist window [   -2.500000,    1.200000]
[Aug 21 2026 14:02:19.456] [bands.f90:481]             [1m[32m<info> [0m[0mValence is:       10.000000
[Aug 21 2026 14:02:19.459] [bands.f90:546]             [1m[32m<info> [0m[0mFree Fermi energy: -0.085837
  0.37202031986418188       0.25000000000000000        3.7000000000000002     
 KPM_PROFILE backend=cpu moment_backend=cpu_fast moment_precision=fp32 reconstruction_backend=cpu_cblas reconstruction_precision=fp32 precision=fp32_fp32 estimator=per_type N=                  3888 nnz=                884520 M=          500 lld=          150 Ntrace=            1 trace_block_width=            1 trace_batches=            0 OMP_NUM_THREADS=1 BLAS_NUM_THREADS=1 random_seed=unset omp_threads=1 blas_threads=1 clock_source=system_clock_wall bytes_h2d=                     0 bytes_d2h=                     0 bytes_gamma=           10040000000 bytes_mu_pack=              72000000 resident_device_moment_bytes=                     0 host_full_moment_bytes=            1296000000 full_moment_d2h_bytes=                     0 reduced_result_d2h_bytes=                     0 gpu_energy_block=            0 output_mode=production P_operator_setup=    2.2680399999999999E-004 P_trace_setup=   0.14339156400000000      P_moments_total=    36.421759536000003      P_gamma_basis_setup=   0.10187586400000000      P_gamma_generation=    6.6035639359999996      P_reconstruction_total=   0.96328625000000001      P_result_unpack=    0.0000000000000000      P_energy_integration=    2.1672559999999998E-003 P_tensor_postprocess=    6.8413600000000001E-004 P_output_prepare=    5.9595437000000001E-002 P_output_io=    4.9544360000000004E-003 P_stack_setup=   0.63261785199999998      P_moment_finalize=    6.9867760000000001E-002 P_misc=    4.9143419179999981      P_operator=    2.2680399999999999E-004 P_gamma=    6.7054397999999997      P_other=    4.9143419179999981      D_moment_H2D=    0.0000000000000000      D_moment_GPU_kernel=    0.0000000000000000      D_moment_D2H=    0.0000000000000000      D_conversion=    0.0000000000000000      D_mu_pack=    9.0742405999999998E-002 D_reconstruction_BLAS=   0.87157596100000001      D_gamma_basis=    0.0000000000000000      D_gamma_fill=    0.0000000000000000      D_gpu_mu_pack=    0.0000000000000000      D_reconstruction_D2H=    0.0000000000000000      T_operator=    2.2680399999999999E-004 T_trace_setup=   0.14339156400000000      T_cheb_moments=    36.421759536000003      T_H2D=    0.0000000000000000      T_D2H=    0.0000000000000000      T_gamma=    6.7054397999999997      T_mu_pack=    9.0742405999999998E-002 T_gamma_mu=   0.87157596100000001      T_energy_integral=    2.1672559999999998E-003 T_transport_total=    49.918332749000001      profile_closure_error=    0.0000000000000000      profile_child_error=    0.0000000000000000      PROFILE_STATUS=PASS
----------------------------------------------------------- TIMER REPORT ------------------------------------------------------------
  CATEGORY                           MEAN            MAX            MIN          TOTAL      TOTAL (%)         NCALLS   TOTAL NCALLS   
  total                                 -              -              -        50.3137          100.0              1              5   
  └─ Calculation                        -              -              -        50.3137          100.0              1              4   
     ├─ Calculation*                    -              -              -        50.0031           99.4              -              1   
     └─ pre-processing                  -              -              -         0.3106            0.6              1              3   
        ├─ pre-processing*              -              -              -         0.0104            0.0              -              1   
        ├─ build_data                   -              -              -         0.0000            0.0              1              1   
        ├─ bravais                      -              -              -         0.1927            0.4              1              1   
        └─ structb                      -              -              -         0.1074            0.2              1              1   
-------------------------------------------------------------------------------------------------------------------------------------
  * exclusive values to this label
-------------------------------------------------------------------------------------------------------------------------------------
