[Aug 21 2026 22:02:28.589] [basis.f90:110]             [1m[32m<info> [0m[0mBasis initialised: lmax=2 (spd )  norb=9  nb=18  spin_off=9  bdg=F
[Aug 21 2026 22:02:29.018] [lattice_strux.f90:89]      [1m[32m<info> [0m[0mSTRUCTB structure-constants, backend=legacy
[Aug 21 2026 22:02:29.113] [recursion_chebyshev.f90:189]  [1m[32m<info> [0m[0mChebyshev Hamiltonian bounds from energy namelist window [   -2.500000,    1.200000]
[Aug 21 2026 22:02:29.113] [recursion_transport.f90:459]  [1m[32m<info> [0m[0mKPM random-vector seed=271828
           1           1   1.0000000000000000     
           1           1   1.0000000000000000     
           1           1   1.0000000000000000     
           1           1   1.0000000000000000     
           1           1   1.0000000000000000     
           1           1   1.0000000000000000     
           1           1   1.0000000000000000     
           1           1   1.0000000000000000     
           1           1   1.0000000000000000     
           1           1   1.0000000000000000     
           1           1   1.0000000000000000     
           1           1   1.0000000000000000     
           1           1   1.0000000000000000     
           1           1   1.0000000000000000     
           1           1   1.0000000000000000     
           1           1   1.0000000000000000     
           1           1   1.0000000000000000     
           1           1   1.0000000000000000     
[Aug 21 2026 22:02:29.177] [rsrec_cuda_plugin.f90:332]  [1m[32m<info> [0m[0mCUDA_DEVICE_MAPPING world_rank=0 local_rank=0 local_size=1 visible_devices=1 selected_device=0
[Aug 21 2026 22:03:40.692] [green_chebyshev.f90:288]   [1m[32m<info> [0m[0mCUDA transport moments resident; keeping Chebyshev DOS on CPU.
[Aug 21 2026 22:03:40.693] [recursion_chebyshev.f90:189]  [1m[32m<info> [0m[0mChebyshev Hamiltonian bounds from energy namelist window [   -2.500000,    1.200000]
[Aug 21 2026 22:03:40.748] [bands.f90:481]             [1m[32m<info> [0m[0mValence is:       10.000000
[Aug 21 2026 22:03:40.751] [bands.f90:546]             [1m[32m<info> [0m[0mFree Fermi energy: -0.085837
[Aug 21 2026 22:03:40.764] [conductivity.f90:338]      [1m[32m<info> [0m[0mCUDA KPM reconstruction uses tiled resident Gamma blocks.
  0.37202031986418188       0.25000000000000000        3.7000000000000002     
 KPM_PROFILE backend=cuda moment_backend=cuda moment_precision=fp64 reconstruction_backend=cuda_blas reconstruction_precision=fp64 precision=fp64_fp64 estimator=random_vec N=                  1152 nnz=                215784 M=          500 lld=          150 Ntrace=            8 trace_block_width=            8 trace_batches=            1 OMP_NUM_THREADS=1 BLAS_NUM_THREADS=1 random_seed=271828 omp_threads=1 blas_threads=1 clock_source=system_clock_wall bytes_h2d=              92955632 bytes_d2h=               5783040 bytes_gamma=             256000000 bytes_mu_pack=              72000000 resident_device_moment_bytes=             576000000 host_full_moment_bytes=                     0 full_moment_d2h_bytes=                     0 reduced_result_d2h_bytes=               5783040 gpu_energy_block=           64 output_mode=production P_operator_setup=   0.20483461100000000      P_trace_setup=    3.7227700000000001E-004 P_moments_total=    71.373760028999996      P_gamma_basis_setup=   0.59125702804885805      P_gamma_generation=   0.12306093377992511      P_reconstruction_total=    5.9194598256144673      P_result_unpack=    2.3512339999999998E-003 P_energy_integration=    7.4417199999999998E-004 P_tensor_postprocess=    5.0752700000000002E-004 P_output_prepare=    3.2048989999999999E-002 P_output_io=    3.0808430000000002E-003 P_stack_setup=   0.52318756200000005      P_moment_finalize=    7.2003370999999997E-002 P_misc=    1.9807158556744753E-002 P_operator=   0.20483461100000000      P_gamma=   0.71431796182878315      P_other=    1.9807158556744753E-002 D_moment_H2D=    2.5783413788303733E-002 D_moment_GPU_kernel=    69.057519102934748      D_moment_D2H=    0.0000000000000000      D_conversion=    0.0000000000000000      D_mu_pack=    0.0000000000000000      D_reconstruction_BLAS=    5.9164805542677641      D_gamma_basis=   0.59125702804885805      D_gamma_fill=   0.12306093377992511      D_gpu_mu_pack=    1.0105285793542862E-002 D_reconstruction_D2H=    2.9792713467031717E-003 T_operator=   0.20483461100000000      T_trace_setup=    3.7227700000000001E-004 T_cheb_moments=    71.373760028999996      T_H2D=    2.5783413788303733E-002 T_D2H=    0.0000000000000000      T_gamma=   0.71431796182878315      T_mu_pack=    0.0000000000000000      T_gamma_mu=    5.9164805542677641      T_energy_integral=    7.4417199999999998E-004 T_transport_total=    78.866475562000005      profile_closure_error=    0.0000000000000000      profile_child_error=    0.0000000000000000      PROFILE_STATUS=PASS
----------------------------------------------------------- TIMER REPORT ------------------------------------------------------------
  CATEGORY                           MEAN            MAX            MIN          TOTAL      TOTAL (%)         NCALLS   TOTAL NCALLS   
  total                                 -              -              -        78.8885          100.0              1              5   
  └─ Calculation                        -              -              -        78.8885          100.0              1              4   
     ├─ Calculation*                    -              -              -        78.6874           99.7              -              1   
     └─ pre-processing                  -              -              -         0.2011            0.3              1              3   
        ├─ pre-processing*              -              -              -         0.0077            0.0              -              1   
        ├─ build_data                   -              -              -         0.0000            0.0              1              1   
        ├─ bravais                      -              -              -         0.1800            0.2              1              1   
        └─ structb                      -              -              -         0.0134            0.0              1              1   
-------------------------------------------------------------------------------------------------------------------------------------
  * exclusive values to this label
-------------------------------------------------------------------------------------------------------------------------------------
