[Aug 21 2026 21:59:50.304] [basis.f90:110]             [1m[32m<info> [0m[0mBasis initialised: lmax=2 (spd )  norb=9  nb=18  spin_off=9  bdg=F
[Aug 21 2026 21:59:50.728] [lattice_strux.f90:89]      [1m[32m<info> [0m[0mSTRUCTB structure-constants, backend=legacy
[Aug 21 2026 21:59:50.822] [recursion_chebyshev.f90:189]  [1m[32m<info> [0m[0mChebyshev Hamiltonian bounds from energy namelist window [   -2.500000,    1.200000]
[Aug 21 2026 21:59:50.822] [recursion_transport.f90:459]  [1m[32m<info> [0m[0mKPM random-vector seed=271828
           1           1   1.0000000000000000     
           1           1   1.0000000000000000     
           1           1   1.0000000000000000     
           1           1   1.0000000000000000     
           1           1   1.0000000000000000     
           1           1   1.0000000000000000     
           1           1   1.0000000000000000     
           1           1   1.0000000000000000     
           1           1   1.0000000000000000     
           1           1   1.0000000000000000     
           1           1   1.0000000000000000     
           1           1   1.0000000000000000     
           1           1   1.0000000000000000     
           1           1   1.0000000000000000     
           1           1   1.0000000000000000     
           1           1   1.0000000000000000     
           1           1   1.0000000000000000     
           1           1   1.0000000000000000     
[Aug 21 2026 21:59:50.887] [rsrec_cuda_plugin.f90:332]  [1m[32m<info> [0m[0mCUDA_DEVICE_MAPPING world_rank=0 local_rank=0 local_size=1 visible_devices=1 selected_device=0
[Aug 21 2026 22:01:02.194] [green_chebyshev.f90:288]   [1m[32m<info> [0m[0mCUDA transport moments resident; keeping Chebyshev DOS on CPU.
[Aug 21 2026 22:01:02.195] [recursion_chebyshev.f90:189]  [1m[32m<info> [0m[0mChebyshev Hamiltonian bounds from energy namelist window [   -2.500000,    1.200000]
[Aug 21 2026 22:01:02.250] [bands.f90:481]             [1m[32m<info> [0m[0mValence is:       10.000000
[Aug 21 2026 22:01:02.254] [bands.f90:546]             [1m[32m<info> [0m[0mFree Fermi energy: -0.085837
[Aug 21 2026 22:01:02.266] [conductivity.f90:338]      [1m[32m<info> [0m[0mCUDA KPM reconstruction uses tiled resident Gamma blocks.
  0.37202031986418188       0.25000000000000000        3.7000000000000002     
 KPM_PROFILE backend=cuda moment_backend=cuda moment_precision=fp64 reconstruction_backend=cuda_blas reconstruction_precision=fp64 precision=fp64_fp64 estimator=random_vec N=                  1152 nnz=                215784 M=          500 lld=          150 Ntrace=            8 trace_block_width=            8 trace_batches=            1 OMP_NUM_THREADS=1 BLAS_NUM_THREADS=1 random_seed=271828 omp_threads=1 blas_threads=1 clock_source=system_clock_wall bytes_h2d=              92955632 bytes_d2h=               5783040 bytes_gamma=             256000000 bytes_mu_pack=              72000000 resident_device_moment_bytes=             576000000 host_full_moment_bytes=                     0 full_moment_d2h_bytes=                     0 reduced_result_d2h_bytes=               5783040 gpu_energy_block=           64 output_mode=production P_operator_setup=   0.20591180500000000      P_trace_setup=    4.0284600000000000E-004 P_moments_total=    71.165149095000004      P_gamma_basis_setup=   0.59145386144518852      P_gamma_generation=   0.12302751722745597      P_reconstruction_total=    5.9108848166652024      P_result_unpack=    2.3258810000000001E-003 P_energy_integration=    6.8366700000000000E-004 P_tensor_postprocess=    5.7685300000000000E-004 P_output_prepare=    3.2184470000000000E-002 P_output_io=    3.0541539999999999E-003 P_stack_setup=   0.51865559600000000      P_moment_finalize=    7.1951419000000003E-002 P_misc=    2.0109174662138685E-002 P_operator=   0.20591180500000000      P_gamma=   0.71448137867264450      P_other=    2.0109174662138685E-002 D_moment_H2D=    2.5710858870297670E-002 D_moment_GPU_kernel=    68.864583809161559      D_moment_D2H=    0.0000000000000000      D_conversion=    0.0000000000000000      D_mu_pack=    0.0000000000000000      D_reconstruction_BLAS=    5.9080626086797565      D_gamma_basis=   0.59145386144518852      D_gamma_fill=   0.12302751722745597      D_gpu_mu_pack=    1.0090869851410389E-002 D_reconstruction_D2H=    2.8222079854458570E-003 T_operator=   0.20591180500000000      T_trace_setup=    4.0284600000000000E-004 T_cheb_moments=    71.165149095000004      T_H2D=    2.5710858870297670E-002 T_D2H=    0.0000000000000000      T_gamma=   0.71448137867264450      T_mu_pack=    0.0000000000000000      T_gamma_mu=    5.9080626086797565      T_energy_integral=    6.8366700000000000E-004 T_transport_total=    78.646371156000001      profile_closure_error=    0.0000000000000000      profile_child_error=    0.0000000000000000      PROFILE_STATUS=PASS
----------------------------------------------------------- TIMER REPORT ------------------------------------------------------------
  CATEGORY                           MEAN            MAX            MIN          TOTAL      TOTAL (%)         NCALLS   TOTAL NCALLS   
  total                                 -              -              -        78.6678          100.0              1              5   
  └─ Calculation                        -              -              -        78.6678          100.0              1              4   
     ├─ Calculation*                    -              -              -        78.4686           99.7              -              1   
     └─ pre-processing                  -              -              -         0.1992            0.3              1              3   
        ├─ pre-processing*              -              -              -         0.0077            0.0              -              1   
        ├─ build_data                   -              -              -         0.0000            0.0              1              1   
        ├─ bravais                      -              -              -         0.1783            0.2              1              1   
        └─ structb                      -              -              -         0.0132            0.0              1              1   
-------------------------------------------------------------------------------------------------------------------------------------
  * exclusive values to this label
-------------------------------------------------------------------------------------------------------------------------------------
