[Aug 21 2026 15:52:24.386] [basis.f90:110]             [1m[32m<info> [0m[0mBasis initialised: lmax=2 (spd )  norb=9  nb=18  spin_off=9  bdg=F
[Aug 21 2026 15:52:24.833] [lattice_strux.f90:89]      [1m[32m<info> [0m[0mSTRUCTB structure-constants, backend=legacy
[Aug 21 2026 15:52:25.029] [recursion_chebyshev.f90:189]  [1m[32m<info> [0m[0mChebyshev Hamiltonian bounds from energy namelist window [   -2.500000,    1.200000]
           1           1   1.0000000000000000     
           1           1   1.0000000000000000     
           1           1   1.0000000000000000     
           1           1   1.0000000000000000     
           1           1   1.0000000000000000     
           1           1   1.0000000000000000     
           1           1   1.0000000000000000     
           1           1   1.0000000000000000     
           1           1   1.0000000000000000     
           1           1   1.0000000000000000     
           1           1   1.0000000000000000     
           1           1   1.0000000000000000     
           1           1   1.0000000000000000     
           1           1   1.0000000000000000     
           1           1   1.0000000000000000     
           1           1   1.0000000000000000     
           1           1   1.0000000000000000     
           1           1   1.0000000000000000     
[Aug 21 2026 15:52:25.092] [rsrec_cuda_plugin.f90:332]  [1m[32m<info> [0m[0mCUDA_DEVICE_MAPPING world_rank=0 local_rank=0 local_size=1 visible_devices=1 selected_device=0
[Aug 21 2026 15:52:25.318] [recursion_transport.f90:711]  [1m[32m<info> [0m[0mChebyshev moments being calculated taking atom type 1
[Aug 21 2026 15:52:33.249] [green_chebyshev.f90:288]   [1m[32m<info> [0m[0mCUDA transport moments resident; keeping Chebyshev DOS on CPU.
[Aug 21 2026 15:52:33.250] [recursion_chebyshev.f90:189]  [1m[32m<info> [0m[0mChebyshev Hamiltonian bounds from energy namelist window [   -2.500000,    1.200000]
[Aug 21 2026 15:52:33.305] [bands.f90:481]             [1m[32m<info> [0m[0mValence is:       10.000000
[Aug 21 2026 15:52:33.308] [bands.f90:546]             [1m[32m<info> [0m[0mFree Fermi energy: -0.085837
[Aug 21 2026 15:52:33.320] [conductivity.f90:338]      [1m[32m<info> [0m[0mCUDA KPM reconstruction uses tiled resident Gamma blocks.
  0.37202031986418188       0.25000000000000000        3.7000000000000002     
 KPM_PROFILE backend=cuda moment_backend=cuda moment_precision=fp64 reconstruction_backend=cuda_blas reconstruction_precision=fp64 precision=fp64_fp64 estimator=per_type N=                  3888 nnz=                884520 M=          250 lld=          150 Ntrace=            1 trace_block_width=            1 trace_batches=            1 OMP_NUM_THREADS=1 BLAS_NUM_THREADS=1 random_seed=unset omp_threads=1 blas_threads=1 clock_source=system_clock_wall bytes_h2d=              66253328 bytes_d2h=                722880 bytes_gamma=              64000000 bytes_mu_pack=              18000000 resident_device_moment_bytes=              18000000 host_full_moment_bytes=                     0 full_moment_d2h_bytes=                     0 reduced_result_d2h_bytes=                722880 gpu_energy_block=           64 output_mode=production P_operator_setup=   0.21604953700000001      P_trace_setup=    7.3435080999999999E-002 P_moments_total=    7.9165655189999997      P_gamma_basis_setup=   0.15659159142524004      P_gamma_generation=    3.4465612843632698E-002 P_reconstruction_total=   0.15337035502307117      P_result_unpack=    9.9007900000000005E-004 P_energy_integration=    2.2105870000000000E-003 P_tensor_postprocess=    6.9817700000000002E-004 P_output_prepare=    5.9664174000000000E-002 P_output_io=    4.5180330000000003E-003 P_stack_setup=   0.64255185699999995      P_moment_finalize=    7.0909396000000000E-002 P_misc=    1.9416118708058150E-002 P_operator=   0.21604953700000001      P_gamma=   0.19105720426887274      P_other=    1.9416118708058150E-002 D_moment_H2D=    8.7475194595754147E-004 D_moment_GPU_kernel=    7.8389640408568084      D_moment_D2H=    0.0000000000000000      D_conversion=    0.0000000000000000      D_mu_pack=    0.0000000000000000      D_reconstruction_BLAS=   0.15295339771546423      D_gamma_basis=   0.15659159142524004      D_gamma_fill=    3.4465612843632698E-002 D_gpu_mu_pack=    3.5456614568829536E-004 D_reconstruction_D2H=    4.1695730760693550E-004 T_operator=   0.21604953700000001      T_trace_setup=    7.3435080999999999E-002 T_cheb_moments=    7.9165655189999997      T_H2D=    8.7475194595754147E-004 T_D2H=    0.0000000000000000      T_gamma=   0.19105720426887274      T_mu_pack=    0.0000000000000000      T_gamma_mu=   0.15295339771546423      T_energy_integral=    2.2105870000000000E-003 T_transport_total=    9.3514361180000005      profile_closure_error=    0.0000000000000000      profile_child_error=    0.0000000000000000      PROFILE_STATUS=PASS
----------------------------------------------------------- TIMER REPORT ------------------------------------------------------------
  CATEGORY                           MEAN            MAX            MIN          TOTAL      TOTAL (%)         NCALLS   TOTAL NCALLS   
  total                                 -              -              -         9.3740          100.0              1              5   
  └─ Calculation                        -              -              -         9.3740          100.0              1              4   
     ├─ Calculation*                    -              -              -         9.0631           96.7              -              1   
     └─ pre-processing                  -              -              -         0.3109            3.3              1              3   
        ├─ pre-processing*              -              -              -         0.0151            0.2              -              1   
        ├─ build_data                   -              -              -         0.0000            0.0              1              1   
        ├─ bravais                      -              -              -         0.1882            2.0              1              1   
        └─ structb                      -              -              -         0.1075            1.1              1              1   
-------------------------------------------------------------------------------------------------------------------------------------
  * exclusive values to this label
-------------------------------------------------------------------------------------------------------------------------------------
