[Aug 21 2026 15:52:05.403] [basis.f90:110]             [1m[32m<info> [0m[0mBasis initialised: lmax=2 (spd )  norb=9  nb=18  spin_off=9  bdg=F
[Aug 21 2026 15:52:05.848] [lattice_strux.f90:89]      [1m[32m<info> [0m[0mSTRUCTB structure-constants, backend=legacy
[Aug 21 2026 15:52:06.048] [recursion_chebyshev.f90:189]  [1m[32m<info> [0m[0mChebyshev Hamiltonian bounds from energy namelist window [   -2.500000,    1.200000]
           1           1   1.0000000000000000     
           1           1   1.0000000000000000     
           1           1   1.0000000000000000     
           1           1   1.0000000000000000     
           1           1   1.0000000000000000     
           1           1   1.0000000000000000     
           1           1   1.0000000000000000     
           1           1   1.0000000000000000     
           1           1   1.0000000000000000     
           1           1   1.0000000000000000     
           1           1   1.0000000000000000     
           1           1   1.0000000000000000     
           1           1   1.0000000000000000     
           1           1   1.0000000000000000     
           1           1   1.0000000000000000     
           1           1   1.0000000000000000     
           1           1   1.0000000000000000     
           1           1   1.0000000000000000     
[Aug 21 2026 15:52:06.111] [rsrec_cuda_plugin.f90:332]  [1m[32m<info> [0m[0mCUDA_DEVICE_MAPPING world_rank=0 local_rank=0 local_size=1 visible_devices=1 selected_device=0
[Aug 21 2026 15:52:06.335] [recursion_transport.f90:711]  [1m[32m<info> [0m[0mChebyshev moments being calculated taking atom type 1
[Aug 21 2026 15:52:14.202] [green_chebyshev.f90:288]   [1m[32m<info> [0m[0mCUDA transport moments resident; keeping Chebyshev DOS on CPU.
[Aug 21 2026 15:52:14.203] [recursion_chebyshev.f90:189]  [1m[32m<info> [0m[0mChebyshev Hamiltonian bounds from energy namelist window [   -2.500000,    1.200000]
[Aug 21 2026 15:52:14.257] [bands.f90:481]             [1m[32m<info> [0m[0mValence is:       10.000000
[Aug 21 2026 15:52:14.261] [bands.f90:546]             [1m[32m<info> [0m[0mFree Fermi energy: -0.085837
[Aug 21 2026 15:52:14.273] [conductivity.f90:338]      [1m[32m<info> [0m[0mCUDA KPM reconstruction uses tiled resident Gamma blocks.
  0.37202031986418188       0.25000000000000000        3.7000000000000002     
 KPM_PROFILE backend=cuda moment_backend=cuda moment_precision=fp64 reconstruction_backend=cuda_blas reconstruction_precision=fp64 precision=fp64_fp64 estimator=per_type N=                  3888 nnz=                884520 M=          250 lld=          150 Ntrace=            1 trace_block_width=            1 trace_batches=            1 OMP_NUM_THREADS=1 BLAS_NUM_THREADS=1 random_seed=unset omp_threads=1 blas_threads=1 clock_source=system_clock_wall bytes_h2d=              66253328 bytes_d2h=                722880 bytes_gamma=              64000000 bytes_mu_pack=              18000000 resident_device_moment_bytes=              18000000 host_full_moment_bytes=                     0 full_moment_d2h_bytes=                     0 reduced_result_d2h_bytes=                722880 gpu_energy_block=           64 output_mode=production P_operator_setup=   0.21381884100000001      P_trace_setup=    7.3479591999999996E-002 P_moments_total=    7.8512859549999998      P_gamma_basis_setup=   0.15685770241543651      P_gamma_generation=    3.4417737508192658E-002 P_reconstruction_total=   0.15237561054527760      P_result_unpack=    9.9839299999999998E-004 P_energy_integration=    2.2504539999999998E-003 P_tensor_postprocess=    7.2826599999999998E-004 P_output_prepare=    5.9678580000000002E-002 P_output_io=    4.5267889999999998E-003 P_stack_setup=   0.64458806499999999      P_moment_finalize=    7.1113102999999997E-002 P_misc=    2.0404533531094060E-002 P_operator=   0.21381884100000001      P_gamma=   0.19127543992362916      P_other=    2.0404533531094060E-002 D_moment_H2D=    8.7566697038710117E-004 D_moment_GPU_kernel=    7.7737245610915124      D_moment_D2H=    0.0000000000000000      D_conversion=    0.0000000000000000      D_mu_pack=    0.0000000000000000      D_reconstruction_BLAS=   0.15195311396382749      D_gamma_basis=   0.15685770241543651      D_gamma_fill=    3.4417737508192658E-002 D_gpu_mu_pack=    3.6163092590868473E-004 D_reconstruction_D2H=    4.2249658145010471E-004 T_operator=   0.21381884100000001      T_trace_setup=    7.3479591999999996E-002 T_cheb_moments=    7.8512859549999998      T_H2D=    8.7566697038710117E-004 T_D2H=    0.0000000000000000      T_gamma=   0.19127543992362916      T_mu_pack=    0.0000000000000000      T_gamma_mu=   0.15195311396382749      T_energy_integral=    2.2504539999999998E-003 T_transport_total=    9.2865236220000007      profile_closure_error=    0.0000000000000000      profile_child_error=    0.0000000000000000      PROFILE_STATUS=PASS
----------------------------------------------------------- TIMER REPORT ------------------------------------------------------------
  CATEGORY                           MEAN            MAX            MIN          TOTAL      TOTAL (%)         NCALLS   TOTAL NCALLS   
  total                                 -              -              -         9.3091          100.0              1              5   
  └─ Calculation                        -              -              -         9.3091          100.0              1              4   
     ├─ Calculation*                    -              -              -         9.0001           96.7              -              1   
     └─ pre-processing                  -              -              -         0.3090            3.3              1              3   
        ├─ pre-processing*              -              -              -         0.0104            0.1              -              1   
        ├─ build_data                   -              -              -         0.0000            0.0              1              1   
        ├─ bravais                      -              -              -         0.1868            2.0              1              1   
        └─ structb                      -              -              -         0.1117            1.2              1              1   
-------------------------------------------------------------------------------------------------------------------------------------
  * exclusive values to this label
-------------------------------------------------------------------------------------------------------------------------------------
