[Aug 21 2026 15:51:55.977] [basis.f90:110]             [1m[32m<info> [0m[0mBasis initialised: lmax=2 (spd )  norb=9  nb=18  spin_off=9  bdg=F
[Aug 21 2026 15:51:56.414] [lattice_strux.f90:89]      [1m[32m<info> [0m[0mSTRUCTB structure-constants, backend=legacy
[Aug 21 2026 15:51:56.612] [recursion_chebyshev.f90:189]  [1m[32m<info> [0m[0mChebyshev Hamiltonian bounds from energy namelist window [   -2.500000,    1.200000]
           1           1   1.0000000000000000     
           1           1   1.0000000000000000     
           1           1   1.0000000000000000     
           1           1   1.0000000000000000     
           1           1   1.0000000000000000     
           1           1   1.0000000000000000     
           1           1   1.0000000000000000     
           1           1   1.0000000000000000     
           1           1   1.0000000000000000     
           1           1   1.0000000000000000     
           1           1   1.0000000000000000     
           1           1   1.0000000000000000     
           1           1   1.0000000000000000     
           1           1   1.0000000000000000     
           1           1   1.0000000000000000     
           1           1   1.0000000000000000     
           1           1   1.0000000000000000     
           1           1   1.0000000000000000     
[Aug 21 2026 15:51:56.674] [rsrec_cuda_plugin.f90:332]  [1m[32m<info> [0m[0mCUDA_DEVICE_MAPPING world_rank=0 local_rank=0 local_size=1 visible_devices=1 selected_device=0
[Aug 21 2026 15:51:56.898] [recursion_transport.f90:711]  [1m[32m<info> [0m[0mChebyshev moments being calculated taking atom type 1
[Aug 21 2026 15:52:04.718] [green_chebyshev.f90:288]   [1m[32m<info> [0m[0mCUDA transport moments resident; keeping Chebyshev DOS on CPU.
[Aug 21 2026 15:52:04.719] [recursion_chebyshev.f90:189]  [1m[32m<info> [0m[0mChebyshev Hamiltonian bounds from energy namelist window [   -2.500000,    1.200000]
[Aug 21 2026 15:52:04.774] [bands.f90:481]             [1m[32m<info> [0m[0mValence is:       10.000000
[Aug 21 2026 15:52:04.777] [bands.f90:546]             [1m[32m<info> [0m[0mFree Fermi energy: -0.085837
[Aug 21 2026 15:52:04.789] [conductivity.f90:338]      [1m[32m<info> [0m[0mCUDA KPM reconstruction uses tiled resident Gamma blocks.
  0.37202031986418188       0.25000000000000000        3.7000000000000002     
 KPM_PROFILE backend=cuda moment_backend=cuda moment_precision=fp64 reconstruction_backend=cuda_blas reconstruction_precision=fp64 precision=fp64_fp64 estimator=per_type N=                  3888 nnz=                884520 M=          250 lld=          150 Ntrace=            1 trace_block_width=            1 trace_batches=            1 OMP_NUM_THREADS=1 BLAS_NUM_THREADS=1 random_seed=unset omp_threads=1 blas_threads=1 clock_source=system_clock_wall bytes_h2d=              66253328 bytes_d2h=                722880 bytes_gamma=              64000000 bytes_mu_pack=              18000000 resident_device_moment_bytes=              18000000 host_full_moment_bytes=                     0 full_moment_d2h_bytes=                     0 reduced_result_d2h_bytes=                722880 gpu_energy_block=           64 output_mode=production P_operator_setup=   0.21230482300000000      P_trace_setup=    7.3342120999999996E-002 P_moments_total=    7.8052469689999997      P_gamma_basis_setup=   0.15680016530677676      P_gamma_generation=    3.4448048798367381E-002 P_reconstruction_total=   0.15169255551882088      P_result_unpack=    1.0065470000000000E-003 P_energy_integration=    2.2615000000000001E-003 P_tensor_postprocess=    6.9656399999999999E-004 P_output_prepare=    5.9726042000000000E-002 P_output_io=    4.6280999999999996E-003 P_stack_setup=   0.63467437900000001      P_moment_finalize=    7.1007052000000001E-002 P_misc=    2.0605645376036819E-002 P_operator=   0.21230482300000000      P_gamma=   0.19124821410514414      P_other=    2.0605645376036819E-002 D_moment_H2D=    8.7591493502259254E-004 D_moment_GPU_kernel=    7.7277536659967154      D_moment_D2H=    0.0000000000000000      D_conversion=    0.0000000000000000      D_mu_pack=    0.0000000000000000      D_reconstruction_BLAS=   0.15126557089388371      D_gamma_basis=   0.15680016530677676      D_gamma_fill=    3.4448048798367381E-002 D_gpu_mu_pack=    3.5514519549906254E-004 D_reconstruction_D2H=    4.2698462493717670E-004 T_operator=   0.21230482300000000      T_trace_setup=    7.3342120999999996E-002 T_cheb_moments=    7.8052469689999997      T_H2D=    8.7591493502259254E-004 T_D2H=    0.0000000000000000      T_gamma=   0.19124821410514414      T_mu_pack=    0.0000000000000000      T_gamma_mu=   0.15126557089388371      T_energy_integral=    2.2615000000000001E-003 T_transport_total=    9.2284405120000006      profile_closure_error=    0.0000000000000000      profile_child_error=    0.0000000000000000      PROFILE_STATUS=PASS
----------------------------------------------------------- TIMER REPORT ------------------------------------------------------------
  CATEGORY                           MEAN            MAX            MIN          TOTAL      TOTAL (%)         NCALLS   TOTAL NCALLS   
  total                                 -              -              -         9.2512          100.0              1              5   
  └─ Calculation                        -              -              -         9.2512          100.0              1              4   
     ├─ Calculation*                    -              -              -         8.9448           96.7              -              1   
     └─ pre-processing                  -              -              -         0.3064            3.3              1              3   
        ├─ pre-processing*              -              -              -         0.0105            0.1              -              1   
        ├─ build_data                   -              -              -         0.0000            0.0              1              1   
        ├─ bravais                      -              -              -         0.1875            2.0              1              1   
        └─ structb                      -              -              -         0.1084            1.2              1              1   
-------------------------------------------------------------------------------------------------------------------------------------
  * exclusive values to this label
-------------------------------------------------------------------------------------------------------------------------------------
