[Aug 21 2026 15:15:58.584] [basis.f90:110]             [1m[32m<info> [0m[0mBasis initialised: lmax=2 (spd )  norb=9  nb=18  spin_off=9  bdg=F
[Aug 21 2026 15:15:59.024] [lattice_strux.f90:89]      [1m[32m<info> [0m[0mSTRUCTB structure-constants, backend=legacy
[Aug 21 2026 15:15:59.120] [recursion_chebyshev.f90:189]  [1m[32m<info> [0m[0mChebyshev Hamiltonian bounds from energy namelist window [   -2.500000,    1.200000]
           1           1   1.0000000000000000     
           1           1   1.0000000000000000     
           1           1   1.0000000000000000     
           1           1   1.0000000000000000     
           1           1   1.0000000000000000     
           1           1   1.0000000000000000     
           1           1   1.0000000000000000     
           1           1   1.0000000000000000     
           1           1   1.0000000000000000     
           1           1   1.0000000000000000     
           1           1   1.0000000000000000     
           1           1   1.0000000000000000     
           1           1   1.0000000000000000     
           1           1   1.0000000000000000     
           1           1   1.0000000000000000     
           1           1   1.0000000000000000     
           1           1   1.0000000000000000     
           1           1   1.0000000000000000     
[Aug 21 2026 15:15:59.161] [recursion_transport.f90:711]  [1m[32m<info> [0m[0mChebyshev moments being calculated taking atom type 1
[Aug 21 2026 15:16:10.266] [recursion_chebyshev.f90:189]  [1m[32m<info> [0m[0mChebyshev Hamiltonian bounds from energy namelist window [   -2.500000,    1.200000]
[Aug 21 2026 15:16:10.320] [bands.f90:481]             [1m[32m<info> [0m[0mValence is:       10.000000
[Aug 21 2026 15:16:10.323] [bands.f90:546]             [1m[32m<info> [0m[0mFree Fermi energy: -0.085837
  0.37202031986418188       0.25000000000000000        3.7000000000000002     
 KPM_PROFILE backend=cpu moment_backend=cpu_fast moment_precision=fp64 reconstruction_backend=cpu_blas reconstruction_precision=fp64 precision=fp64_fp64 estimator=per_type N=                  1152 nnz=                215784 M=          500 lld=          150 Ntrace=            1 trace_block_width=            1 trace_batches=            0 OMP_NUM_THREADS=1 BLAS_NUM_THREADS=1 random_seed=unset omp_threads=1 blas_threads=1 clock_source=system_clock_wall bytes_h2d=                     0 bytes_d2h=                     0 bytes_gamma=           10040000000 bytes_mu_pack=              72000000 resident_device_moment_bytes=                     0 host_full_moment_bytes=            1296000000 full_moment_d2h_bytes=                     0 reduced_result_d2h_bytes=                     0 gpu_energy_block=            0 output_mode=production P_operator_setup=    2.2784600000000000E-004 P_trace_setup=    4.0673213000000000E-002 P_moments_total=    11.096724472000000      P_gamma_basis_setup=    6.5858285000000003E-002 P_gamma_generation=    7.9532784390000000      P_reconstruction_total=    1.9673378570000000      P_result_unpack=    0.0000000000000000      P_energy_integration=    2.6408280000000000E-003 P_tensor_postprocess=    7.1814800000000005E-004 P_output_prepare=    5.9851164999999998E-002 P_output_io=    5.2342320000000001E-003 P_stack_setup=   0.53626885899999999      P_moment_finalize=    7.0706057000000003E-002 P_misc=    1.3937449000003710E-002 P_operator=    2.2784600000000000E-004 P_gamma=    8.0191367239999991      P_other=    1.3937449000003710E-002 D_moment_H2D=    0.0000000000000000      D_moment_GPU_kernel=    0.0000000000000000      D_moment_D2H=    0.0000000000000000      D_conversion=    0.0000000000000000      D_mu_pack=    9.0983127999999996E-002 D_reconstruction_BLAS=    1.8753547770000001      D_gamma_basis=    6.5840234999999997E-002 D_gamma_fill=    7.9514184459999999      D_gpu_mu_pack=    0.0000000000000000      D_reconstruction_D2H=    0.0000000000000000      T_operator=    2.2784600000000000E-004 T_trace_setup=    4.0673213000000000E-002 T_cheb_moments=    11.096724472000000      T_H2D=    0.0000000000000000      T_D2H=    0.0000000000000000      T_gamma=    8.0191367239999991      T_mu_pack=    9.0983127999999996E-002 T_gamma_mu=    1.8753547770000001      T_energy_integral=    2.6408280000000000E-003 T_transport_total=    21.813456850000001      profile_closure_error=    0.0000000000000000      profile_child_error=    0.0000000000000000      PROFILE_STATUS=PASS
----------------------------------------------------------- TIMER REPORT ------------------------------------------------------------
  CATEGORY                           MEAN            MAX            MIN          TOTAL      TOTAL (%)         NCALLS   TOTAL NCALLS   
  total                                 -              -              -        22.1564          100.0              1              5   
  └─ Calculation                        -              -              -        22.1564          100.0              1              4   
     ├─ Calculation*                    -              -              -        21.9458           99.0              -              1   
     └─ pre-processing                  -              -              -         0.2106            1.0              1              3   
        ├─ pre-processing*              -              -              -         0.0105            0.0              -              1   
        ├─ build_data                   -              -              -         0.0000            0.0              1              1   
        ├─ bravais                      -              -              -         0.1867            0.8              1              1   
        └─ structb                      -              -              -         0.0134            0.1              1              1   
-------------------------------------------------------------------------------------------------------------------------------------
  * exclusive values to this label
-------------------------------------------------------------------------------------------------------------------------------------
