[Aug 21 2026 13:40:21.588] [basis.f90:110]             [1m[32m<info> [0m[0mBasis initialised: lmax=2 (spd )  norb=9  nb=18  spin_off=9  bdg=F
[Aug 21 2026 13:40:22.031] [lattice_strux.f90:89]      [1m[32m<info> [0m[0mSTRUCTB structure-constants, backend=legacy
[Aug 21 2026 13:40:22.125] [recursion_chebyshev.f90:189]  [1m[32m<info> [0m[0mChebyshev Hamiltonian bounds from energy namelist window [   -2.500000,    1.200000]
           1           1   1.0000000000000000     
           1           1   1.0000000000000000     
           1           1   1.0000000000000000     
           1           1   1.0000000000000000     
           1           1   1.0000000000000000     
           1           1   1.0000000000000000     
           1           1   1.0000000000000000     
           1           1   1.0000000000000000     
           1           1   1.0000000000000000     
           1           1   1.0000000000000000     
           1           1   1.0000000000000000     
           1           1   1.0000000000000000     
           1           1   1.0000000000000000     
           1           1   1.0000000000000000     
           1           1   1.0000000000000000     
           1           1   1.0000000000000000     
           1           1   1.0000000000000000     
           1           1   1.0000000000000000     
[Aug 21 2026 13:40:22.166] [recursion_transport.f90:711]  [1m[32m<info> [0m[0mChebyshev moments being calculated taking atom type 1
[Aug 21 2026 13:40:34.846] [recursion_chebyshev.f90:189]  [1m[32m<info> [0m[0mChebyshev Hamiltonian bounds from energy namelist window [   -2.500000,    1.200000]
[Aug 21 2026 13:40:34.873] [bands.f90:481]             [1m[32m<info> [0m[0mValence is:       10.000000
[Aug 21 2026 13:40:34.877] [bands.f90:546]             [1m[32m<info> [0m[0mFree Fermi energy: -0.085837
  0.37202031986418188       0.25000000000000000        3.7000000000000002     
 KPM_PROFILE backend=cpu moment_backend=cpu_fast moment_precision=fp32 reconstruction_backend=cpu_cblas reconstruction_precision=fp32 precision=fp32_fp32 estimator=per_type N=                  1152 nnz=                215784 M=          500 lld=          150 Ntrace=            1 trace_block_width=            1 trace_batches=            0 OMP_NUM_THREADS=8 BLAS_NUM_THREADS=1 random_seed=unset omp_threads=8 blas_threads=1 clock_source=system_clock_wall bytes_h2d=                     0 bytes_d2h=                     0 bytes_gamma=           10040000000 bytes_mu_pack=              72000000 resident_device_moment_bytes=                     0 host_full_moment_bytes=            1296000000 full_moment_d2h_bytes=                     0 reduced_result_d2h_bytes=                     0 gpu_energy_block=            0 output_mode=production P_operator_setup=    2.2619000000000000E-004 P_trace_setup=    4.1209869000000003E-002 P_moments_total=    12.672509870000001      P_gamma_basis_setup=   0.10578953100000001      P_gamma_generation=    6.6335322769999996      P_reconstruction_total=   0.98024720499999995      P_result_unpack=    0.0000000000000000      P_energy_integration=    2.6845089999999999E-003 P_tensor_postprocess=    7.0215100000000003E-004 P_output_prepare=    6.0821224000000000E-002 P_output_io=    4.9919439999999999E-003 P_stack_setup=   0.53669059200000002      P_moment_finalize=    4.4409707000000000E-002 P_misc=    4.8919523999999974      P_operator=    2.2619000000000000E-004 P_gamma=    6.7393218079999997      P_other=    4.8919523999999974      D_moment_H2D=    0.0000000000000000      D_moment_GPU_kernel=    0.0000000000000000      D_moment_D2H=    0.0000000000000000      D_conversion=    0.0000000000000000      D_mu_pack=    9.0852786000000005E-002 D_reconstruction_BLAS=   0.88840754399999999      D_gamma_basis=    0.0000000000000000      D_gamma_fill=    0.0000000000000000      D_gpu_mu_pack=    0.0000000000000000      D_reconstruction_D2H=    0.0000000000000000      T_operator=    2.2619000000000000E-004 T_trace_setup=    4.1209869000000003E-002 T_cheb_moments=    12.672509870000001      T_H2D=    0.0000000000000000      T_D2H=    0.0000000000000000      T_gamma=    6.7393218079999997      T_mu_pack=    9.0852786000000005E-002 T_gamma_mu=   0.88840754399999999      T_energy_integral=    2.6845089999999999E-003 T_transport_total=    25.975767469000001      profile_closure_error=    0.0000000000000000      profile_child_error=    0.0000000000000000      PROFILE_STATUS=PASS
----------------------------------------------------------- TIMER REPORT ------------------------------------------------------------
  CATEGORY                           MEAN            MAX            MIN          TOTAL      TOTAL (%)         NCALLS   TOTAL NCALLS   
  total                                 -              -              -        26.3754          100.0              1              5   
  └─ Calculation                        -              -              -        26.3754          100.0              1              4   
     ├─ Calculation*                    -              -              -        26.1629           99.2              -              1   
     └─ pre-processing                  -              -              -         0.2124            0.8              1              3   
        ├─ pre-processing*              -              -              -         0.0102            0.0              -              1   
        ├─ build_data                   -              -              -         0.0000            0.0              1              1   
        ├─ bravais                      -              -              -         0.1886            0.7              1              1   
        └─ structb                      -              -              -         0.0136            0.1              1              1   
-------------------------------------------------------------------------------------------------------------------------------------
  * exclusive values to this label
-------------------------------------------------------------------------------------------------------------------------------------
