[Aug 21 2026 15:23:51.342] [basis.f90:110]             [1m[32m<info> [0m[0mBasis initialised: lmax=2 (spd )  norb=9  nb=18  spin_off=9  bdg=F
[Aug 21 2026 15:23:51.782] [lattice_strux.f90:89]      [1m[32m<info> [0m[0mSTRUCTB structure-constants, backend=legacy
[Aug 21 2026 15:23:51.883] [recursion_chebyshev.f90:189]  [1m[32m<info> [0m[0mChebyshev Hamiltonian bounds from energy namelist window [   -2.500000,    1.200000]
           1           1   1.0000000000000000     
           1           1   1.0000000000000000     
           1           1   1.0000000000000000     
           1           1   1.0000000000000000     
           1           1   1.0000000000000000     
           1           1   1.0000000000000000     
           1           1   1.0000000000000000     
           1           1   1.0000000000000000     
           1           1   1.0000000000000000     
           1           1   1.0000000000000000     
           1           1   1.0000000000000000     
           1           1   1.0000000000000000     
           1           1   1.0000000000000000     
           1           1   1.0000000000000000     
           1           1   1.0000000000000000     
           1           1   1.0000000000000000     
           1           1   1.0000000000000000     
           1           1   1.0000000000000000     
[Aug 21 2026 15:23:51.947] [rsrec_cuda_plugin.f90:332]  [1m[32m<info> [0m[0mCUDA_DEVICE_MAPPING world_rank=0 local_rank=0 local_size=1 visible_devices=1 selected_device=0
[Aug 21 2026 15:23:52.139] [recursion_transport.f90:711]  [1m[32m<info> [0m[0mChebyshev moments being calculated taking atom type 1
[Aug 21 2026 15:24:00.763] [green_chebyshev.f90:288]   [1m[32m<info> [0m[0mCUDA transport moments resident; keeping Chebyshev DOS on CPU.
[Aug 21 2026 15:24:00.764] [recursion_chebyshev.f90:189]  [1m[32m<info> [0m[0mChebyshev Hamiltonian bounds from energy namelist window [   -2.500000,    1.200000]
[Aug 21 2026 15:24:00.820] [bands.f90:481]             [1m[32m<info> [0m[0mValence is:       10.000000
[Aug 21 2026 15:24:00.823] [bands.f90:546]             [1m[32m<info> [0m[0mFree Fermi energy: -0.085837
[Aug 21 2026 15:24:00.835] [conductivity.f90:338]      [1m[32m<info> [0m[0mCUDA KPM reconstruction uses tiled resident Gamma blocks.
  0.37202031986418188       0.25000000000000000        3.7000000000000002     
 KPM_PROFILE backend=cuda moment_backend=cuda moment_precision=fp64 reconstruction_backend=cuda_blas reconstruction_precision=fp64 precision=fp64_fp64 estimator=per_type N=                  1152 nnz=                215784 M=          500 lld=          150 Ntrace=            1 trace_block_width=            1 trace_batches=            1 OMP_NUM_THREADS=1 BLAS_NUM_THREADS=1 random_seed=unset omp_threads=1 blas_threads=1 clock_source=system_clock_wall bytes_h2d=              90633200 bytes_d2h=                722880 bytes_gamma=             256000000 bytes_mu_pack=              72000000 resident_device_moment_bytes=              72000000 host_full_moment_bytes=                     0 full_moment_d2h_bytes=                     0 reduced_result_d2h_bytes=                722880 gpu_energy_block=           64 output_mode=production P_operator_setup=   0.21442327799999999      P_trace_setup=    4.1400049000000001E-002 P_moments_total=    8.6167043379999999      P_gamma_basis_setup=   0.59277838189154863      P_gamma_generation=   0.12330865045078099      P_reconstruction_total=   0.69494741177186370      P_result_unpack=    9.8282300000000007E-004 P_energy_integration=    2.7146200000000001E-003 P_tensor_postprocess=    6.7085900000000000E-004 P_output_prepare=    6.0345743000000000E-002 P_output_io=    5.4764960000000000E-003 P_stack_setup=   0.54173720900000000      P_moment_finalize=    7.2073448999999998E-002 P_misc=    2.4092477885808705E-002 P_operator=   0.21442327799999999      P_gamma=   0.71608703234232962      P_other=    2.4092477885808705E-002 D_moment_H2D=    3.2043349929153919E-003 D_moment_GPU_kernel=    8.3144845459610224      D_moment_D2H=    0.0000000000000000      D_conversion=    0.0000000000000000      D_mu_pack=    0.0000000000000000      D_reconstruction_BLAS=   0.69446448655799031      D_gamma_basis=   0.59277838189154863      D_gamma_fill=   0.12330865045078099      D_gpu_mu_pack=    1.3037479948252439E-003 D_reconstruction_D2H=    4.8292521387338638E-004 T_operator=   0.21442327799999999      T_trace_setup=    4.1400049000000001E-002 T_cheb_moments=    8.6167043379999999      T_H2D=    3.2043349929153919E-003 T_D2H=    0.0000000000000000      T_gamma=   0.71608703234232962      T_mu_pack=    0.0000000000000000      T_gamma_mu=   0.69446448655799031      T_energy_integral=    2.7146200000000001E-003 T_transport_total=    10.991655786000001      profile_closure_error=    0.0000000000000000      profile_child_error=    0.0000000000000000      PROFILE_STATUS=PASS
----------------------------------------------------------- TIMER REPORT ------------------------------------------------------------
  CATEGORY                           MEAN            MAX            MIN          TOTAL      TOTAL (%)         NCALLS   TOTAL NCALLS   
  total                                 -              -              -        11.0175          100.0              1              5   
  └─ Calculation                        -              -              -        11.0175          100.0              1              4   
     ├─ Calculation*                    -              -              -        10.8073           98.1              -              1   
     └─ pre-processing                  -              -              -         0.2102            1.9              1              3   
        ├─ pre-processing*              -              -              -         0.0103            0.1              -              1   
        ├─ build_data                   -              -              -         0.0000            0.0              1              1   
        ├─ bravais                      -              -              -         0.1862            1.7              1              1   
        └─ structb                      -              -              -         0.0137            0.1              1              1   
-------------------------------------------------------------------------------------------------------------------------------------
  * exclusive values to this label
-------------------------------------------------------------------------------------------------------------------------------------
