[Aug 21 2026 22:21:36.134] [basis.f90:110]             [1m[32m<info> [0m[0mBasis initialised: lmax=2 (spd )  norb=9  nb=18  spin_off=9  bdg=F
[Aug 21 2026 22:21:36.583] [lattice_strux.f90:89]      [1m[32m<info> [0m[0mSTRUCTB structure-constants, backend=legacy
[Aug 21 2026 22:21:37.123] [recursion_chebyshev.f90:189]  [1m[32m<info> [0m[0mChebyshev Hamiltonian bounds from energy namelist window [   -2.500000,    1.200000]
           1           1   1.0000000000000000     
           1           1   1.0000000000000000     
           1           1   1.0000000000000000     
           1           1   1.0000000000000000     
           1           1   1.0000000000000000     
           1           1   1.0000000000000000     
           1           1   1.0000000000000000     
           1           1   1.0000000000000000     
           1           1   1.0000000000000000     
           1           1   1.0000000000000000     
           1           1   1.0000000000000000     
           1           1   1.0000000000000000     
           1           1   1.0000000000000000     
           1           1   1.0000000000000000     
           1           1   1.0000000000000000     
           1           1   1.0000000000000000     
           1           1   1.0000000000000000     
           1           1   1.0000000000000000     
[Aug 21 2026 22:21:37.254] [rsrec_cuda_plugin.f90:332]  [1m[32m<info> [0m[0mCUDA_DEVICE_MAPPING world_rank=0 local_rank=0 local_size=1 visible_devices=1 selected_device=0
[Aug 21 2026 22:21:37.591] [recursion_transport.f90:711]  [1m[32m<info> [0m[0mChebyshev moments being calculated taking atom type 1
[Aug 21 2026 22:21:38.205] [green_chebyshev.f90:288]   [1m[32m<info> [0m[0mCUDA transport moments resident; keeping Chebyshev DOS on CPU.
[Aug 21 2026 22:21:38.206] [recursion_chebyshev.f90:189]  [1m[32m<info> [0m[0mChebyshev Hamiltonian bounds from energy namelist window [   -2.500000,    1.200000]
[Aug 21 2026 22:21:38.259] [bands.f90:481]             [1m[32m<info> [0m[0mValence is:       10.000000
[Aug 21 2026 22:21:38.262] [bands.f90:546]             [1m[32m<info> [0m[0mFree Fermi energy: -0.085837
[Aug 21 2026 22:21:38.274] [conductivity.f90:338]      [1m[32m<info> [0m[0mCUDA KPM reconstruction uses tiled resident Gamma blocks.
  0.37202031986418188       0.25000000000000000        3.7000000000000002     
 KPM_PROFILE backend=cuda moment_backend=cuda moment_precision=fp32 reconstruction_backend=cuda_blas reconstruction_precision=fp32 precision=fp32_fp32 estimator=per_type N=                  9216 nnz=               2299752 M=          250 lld=          150 Ntrace=            1 trace_block_width=            1 trace_batches=            1 OMP_NUM_THREADS=1 BLAS_NUM_THREADS=1 random_seed=unset omp_threads=1 blas_threads=1 clock_source=system_clock_wall bytes_h2d=              55211432 bytes_d2h=                361440 bytes_gamma=              32000000 bytes_mu_pack=               9000000 resident_device_moment_bytes=               9000000 host_full_moment_bytes=                     0 full_moment_d2h_bytes=                     0 reduced_result_d2h_bytes=                361440 gpu_energy_block=           64 output_mode=production P_operator_setup=   0.29326736100000000      P_trace_setup=   0.17535204200000001      P_moments_total=   0.58952228200000001      P_gamma_basis_setup=   0.15514402347616851      P_gamma_generation=    2.6343431789427996E-002 P_reconstruction_total=    1.1375202797353268E-002 P_result_unpack=    9.4467800000000001E-004 P_energy_integration=    2.1652379999999999E-003 P_tensor_postprocess=    6.8852300000000002E-004 P_output_prepare=    5.9853324999999999E-002 P_output_io=    3.7873680000000002E-003 P_stack_setup=   0.98852972600000000      P_moment_finalize=    6.9103109999999995E-002 P_misc=    2.8545534937050476E-002 P_operator=   0.29326736100000000      P_gamma=   0.18148745526559651      P_other=    2.8545534937050476E-002 D_moment_H2D=    6.7827198654413223E-004 D_moment_GPU_kernel=   0.54816165193915367      D_moment_D2H=    0.0000000000000000      D_conversion=    0.0000000000000000      D_mu_pack=    0.0000000000000000      D_reconstruction_BLAS=    1.1083956575021148E-002 D_gamma_basis=   0.15514402347616851      D_gamma_fill=    2.6343431789427996E-002 D_gpu_mu_pack=    3.0417693778872490E-004 D_reconstruction_D2H=    2.9124622233211994E-004 T_operator=   0.29326736100000000      T_trace_setup=   0.17535204200000001      T_cheb_moments=   0.58952228200000001      T_H2D=    6.7827198654413223E-004 T_D2H=    0.0000000000000000      T_gamma=   0.18148745526559651      T_mu_pack=    0.0000000000000000      T_gamma_mu=    1.1083956575021148E-002 T_energy_integral=    2.1652379999999999E-003 T_transport_total=    2.4046218460000000      profile_closure_error=    0.0000000000000000      profile_child_error=    0.0000000000000000      PROFILE_STATUS=PASS
----------------------------------------------------------- TIMER REPORT ------------------------------------------------------------
  CATEGORY                           MEAN            MAX            MIN          TOTAL      TOTAL (%)         NCALLS   TOTAL NCALLS   
  total                                 -              -              -         2.4279          100.0              1              5   
  └─ Calculation                        -              -              -         2.4279          100.0              1              4   
     ├─ Calculation*                    -              -              -         1.7822           73.4              -              1   
     └─ pre-processing                  -              -              -         0.6457           26.6              1              3   
        ├─ pre-processing*              -              -              -         0.0109            0.5              -              1   
        ├─ build_data                   -              -              -         0.0000            0.0              1              1   
        ├─ bravais                      -              -              -         0.1882            7.8              1              1   
        └─ structb                      -              -              -         0.4465           18.4              1              1   
-------------------------------------------------------------------------------------------------------------------------------------
  * exclusive values to this label
-------------------------------------------------------------------------------------------------------------------------------------
