[Aug 21 2026 22:14:30.210] [basis.f90:110]             [1m[32m<info> [0m[0mBasis initialised: lmax=2 (spd )  norb=9  nb=18  spin_off=9  bdg=F
[Aug 21 2026 22:14:30.647] [lattice_strux.f90:89]      [1m[32m<info> [0m[0mSTRUCTB structure-constants, backend=legacy
[Aug 21 2026 22:14:30.845] [recursion_chebyshev.f90:189]  [1m[32m<info> [0m[0mChebyshev Hamiltonian bounds from energy namelist window [   -2.500000,    1.200000]
           1           1   1.0000000000000000     
           1           1   1.0000000000000000     
           1           1   1.0000000000000000     
           1           1   1.0000000000000000     
           1           1   1.0000000000000000     
           1           1   1.0000000000000000     
           1           1   1.0000000000000000     
           1           1   1.0000000000000000     
           1           1   1.0000000000000000     
           1           1   1.0000000000000000     
           1           1   1.0000000000000000     
           1           1   1.0000000000000000     
           1           1   1.0000000000000000     
           1           1   1.0000000000000000     
           1           1   1.0000000000000000     
           1           1   1.0000000000000000     
           1           1   1.0000000000000000     
           1           1   1.0000000000000000     
[Aug 21 2026 22:14:30.912] [rsrec_cuda_plugin.f90:332]  [1m[32m<info> [0m[0mCUDA_DEVICE_MAPPING world_rank=0 local_rank=0 local_size=1 visible_devices=1 selected_device=0
[Aug 21 2026 22:14:31.290] [recursion_transport.f90:711]  [1m[32m<info> [0m[0mChebyshev moments being calculated taking atom type 1
[Aug 21 2026 22:14:33.477] [green_chebyshev.f90:288]   [1m[32m<info> [0m[0mCUDA transport moments resident; keeping Chebyshev DOS on CPU.
[Aug 21 2026 22:14:33.478] [recursion_chebyshev.f90:189]  [1m[32m<info> [0m[0mChebyshev Hamiltonian bounds from energy namelist window [   -2.500000,    1.200000]
[Aug 21 2026 22:14:33.533] [bands.f90:481]             [1m[32m<info> [0m[0mValence is:       10.000000
[Aug 21 2026 22:14:33.536] [bands.f90:546]             [1m[32m<info> [0m[0mFree Fermi energy: -0.085837
[Aug 21 2026 22:14:33.548] [conductivity.f90:338]      [1m[32m<info> [0m[0mCUDA KPM reconstruction uses tiled resident Gamma blocks.
  0.37202031986418188       0.25000000000000000        3.7000000000000002     
 KPM_PROFILE backend=cuda moment_backend=cuda moment_precision=fp32 reconstruction_backend=cuda_blas reconstruction_precision=fp32 precision=fp32_fp32 estimator=per_type N=                  3888 nnz=                884520 M=          750 lld=          150 Ntrace=            1 trace_block_width=            1 trace_batches=            1 OMP_NUM_THREADS=1 BLAS_NUM_THREADS=1 random_seed=unset omp_threads=1 blas_threads=1 clock_source=system_clock_wall bytes_h2d=              78833288 bytes_d2h=                361440 bytes_gamma=             288000000 bytes_mu_pack=              81000000 resident_device_moment_bytes=              81000000 host_full_moment_bytes=                     0 full_moment_d2h_bytes=                     0 reduced_result_d2h_bytes=                361440 gpu_energy_block=           64 output_mode=production P_operator_setup=   0.22495135799999999      P_trace_setup=   0.22029910999999999      P_moments_total=    2.1457567819999999      P_gamma_basis_setup=    1.3095018025487661      P_gamma_generation=   0.23089218186214566      P_reconstruction_total=    4.3792047770693898E-002 P_result_unpack=    9.7882999999999998E-004 P_energy_integration=    2.2038290000000000E-003 P_tensor_postprocess=    6.7584500000000000E-004 P_output_prepare=    6.0197558999999998E-002 P_output_io=    5.7695589999999996E-003 P_stack_setup=   0.63445876499999998      P_moment_finalize=    7.0838087999999994E-002 P_misc=    5.2054155818394676E-002 P_operator=   0.22495135799999999      P_gamma=    1.5403939844109118      P_other=    5.2054155818394676E-002 D_moment_H2D=    3.6581729073077440E-003 D_moment_GPU_kernel=    1.7932696801144630      D_moment_D2H=    0.0000000000000000      D_conversion=    0.0000000000000000      D_mu_pack=    0.0000000000000000      D_reconstruction_BLAS=    4.3424773728474975E-002 D_gamma_basis=    1.3095018025487661      D_gamma_fill=   0.23089218186214566      D_gpu_mu_pack=    2.5198098737746477E-003 D_reconstruction_D2H=    3.6727404221892357E-004 T_operator=   0.22495135799999999      T_trace_setup=   0.22029910999999999      T_cheb_moments=    2.1457567819999999      T_H2D=    3.6581729073077440E-003 T_D2H=    0.0000000000000000      T_gamma=    1.5403939844109118      T_mu_pack=    0.0000000000000000      T_gamma_mu=    4.3424773728474975E-002 T_energy_integral=    2.2038290000000000E-003 T_transport_total=    5.0023699129999999      profile_closure_error=    0.0000000000000000      profile_child_error=    0.0000000000000000      PROFILE_STATUS=PASS
----------------------------------------------------------- TIMER REPORT ------------------------------------------------------------
  CATEGORY                           MEAN            MAX            MIN          TOTAL      TOTAL (%)         NCALLS   TOTAL NCALLS   
  total                                 -              -              -         5.0240          100.0              1              5   
  └─ Calculation                        -              -              -         5.0240          100.0              1              4   
     ├─ Calculation*                    -              -              -         4.7162           93.9              -              1   
     └─ pre-processing                  -              -              -         0.3077            6.1              1              3   
        ├─ pre-processing*              -              -              -         0.0105            0.2              -              1   
        ├─ build_data                   -              -              -         0.0000            0.0              1              1   
        ├─ bravais                      -              -              -         0.1890            3.8              1              1   
        └─ structb                      -              -              -         0.1083            2.2              1              1   
-------------------------------------------------------------------------------------------------------------------------------------
  * exclusive values to this label
-------------------------------------------------------------------------------------------------------------------------------------
