[Aug 21 2026 22:14:19.296] [basis.f90:110]             [1m[32m<info> [0m[0mBasis initialised: lmax=2 (spd )  norb=9  nb=18  spin_off=9  bdg=F
[Aug 21 2026 22:14:19.739] [lattice_strux.f90:89]      [1m[32m<info> [0m[0mSTRUCTB structure-constants, backend=legacy
[Aug 21 2026 22:14:19.936] [recursion_chebyshev.f90:189]  [1m[32m<info> [0m[0mChebyshev Hamiltonian bounds from energy namelist window [   -2.500000,    1.200000]
           1           1   1.0000000000000000     
           1           1   1.0000000000000000     
           1           1   1.0000000000000000     
           1           1   1.0000000000000000     
           1           1   1.0000000000000000     
           1           1   1.0000000000000000     
           1           1   1.0000000000000000     
           1           1   1.0000000000000000     
           1           1   1.0000000000000000     
           1           1   1.0000000000000000     
           1           1   1.0000000000000000     
           1           1   1.0000000000000000     
           1           1   1.0000000000000000     
           1           1   1.0000000000000000     
           1           1   1.0000000000000000     
           1           1   1.0000000000000000     
           1           1   1.0000000000000000     
           1           1   1.0000000000000000     
[Aug 21 2026 22:14:20.185] [rsrec_cuda_plugin.f90:332]  [1m[32m<info> [0m[0mCUDA_DEVICE_MAPPING world_rank=0 local_rank=0 local_size=1 visible_devices=1 selected_device=0
[Aug 21 2026 22:14:20.775] [recursion_transport.f90:711]  [1m[32m<info> [0m[0mChebyshev moments being calculated taking atom type 1
[Aug 21 2026 22:14:22.997] [green_chebyshev.f90:288]   [1m[32m<info> [0m[0mCUDA transport moments resident; keeping Chebyshev DOS on CPU.
[Aug 21 2026 22:14:22.998] [recursion_chebyshev.f90:189]  [1m[32m<info> [0m[0mChebyshev Hamiltonian bounds from energy namelist window [   -2.500000,    1.200000]
[Aug 21 2026 22:14:23.053] [bands.f90:481]             [1m[32m<info> [0m[0mValence is:       10.000000
[Aug 21 2026 22:14:23.056] [bands.f90:546]             [1m[32m<info> [0m[0mFree Fermi energy: -0.085837
[Aug 21 2026 22:14:23.068] [conductivity.f90:338]      [1m[32m<info> [0m[0mCUDA KPM reconstruction uses tiled resident Gamma blocks.
  0.37202031986418188       0.25000000000000000        3.7000000000000002     
 KPM_PROFILE backend=cuda moment_backend=cuda moment_precision=fp32 reconstruction_backend=cuda_blas reconstruction_precision=fp32 precision=fp32_fp32 estimator=per_type N=                  3888 nnz=                884520 M=          750 lld=          150 Ntrace=            1 trace_block_width=            1 trace_batches=            1 OMP_NUM_THREADS=1 BLAS_NUM_THREADS=1 random_seed=unset omp_threads=1 blas_threads=1 clock_source=system_clock_wall bytes_h2d=              78833288 bytes_d2h=                361440 bytes_gamma=             288000000 bytes_mu_pack=              81000000 resident_device_moment_bytes=              81000000 host_full_moment_bytes=                     0 full_moment_d2h_bytes=                     0 reduced_result_d2h_bytes=                361440 gpu_energy_block=           64 output_mode=production P_operator_setup=   0.61187514899999995      P_trace_setup=   0.22692332900000001      P_moments_total=    2.1851962010000001      P_gamma_basis_setup=    1.3093567807227373      P_gamma_generation=   0.23083745595067739      P_reconstruction_total=    4.8687972361221910E-002 P_result_unpack=    9.4747899999999999E-004 P_energy_integration=    2.3637789999999999E-003 P_tensor_postprocess=    6.4796899999999998E-004 P_output_prepare=    6.0250877000000001E-002 P_output_io=    3.7615100000000000E-003 P_stack_setup=   0.64062324299999995      P_moment_finalize=    7.0584689000000006E-002 P_misc=    4.6474097965361949E-002 P_operator=   0.61187514899999995      P_gamma=    1.5401942366734147      P_other=    4.6474097965361949E-002 D_moment_H2D=    3.6571510136127472E-003 D_moment_GPU_kernel=    1.7809238829649985      D_moment_D2H=    0.0000000000000000      D_conversion=    0.0000000000000000      D_mu_pack=    0.0000000000000000      D_reconstruction_BLAS=    4.8322352813556790E-002 D_gamma_basis=    1.3093567807227373      D_gamma_fill=   0.23083745595067739      D_gpu_mu_pack=    2.5416349526494741E-003 D_reconstruction_D2H=    3.6561954766511917E-004 T_operator=   0.61187514899999995      T_trace_setup=   0.22692332900000001      T_cheb_moments=    2.1851962010000001      T_H2D=    3.6571510136127472E-003 T_D2H=    0.0000000000000000      T_gamma=    1.5401942366734147      T_mu_pack=    0.0000000000000000      T_gamma_mu=    4.8322352813556790E-002 T_energy_integral=    2.3637789999999999E-003 T_transport_total=    5.4385305319999997      profile_closure_error=    0.0000000000000000      profile_child_error=    0.0000000000000000      PROFILE_STATUS=PASS
----------------------------------------------------------- TIMER REPORT ------------------------------------------------------------
  CATEGORY                           MEAN            MAX            MIN          TOTAL      TOTAL (%)         NCALLS   TOTAL NCALLS   
  total                                 -              -              -         5.4593          100.0              1              5   
  └─ Calculation                        -              -              -         5.4593          100.0              1              4   
     ├─ Calculation*                    -              -              -         5.1510           94.4              -              1   
     └─ pre-processing                  -              -              -         0.3083            5.6              1              3   
        ├─ pre-processing*              -              -              -         0.0102            0.2              -              1   
        ├─ build_data                   -              -              -         0.0000            0.0              1              1   
        ├─ bravais                      -              -              -         0.1908            3.5              1              1   
        └─ structb                      -              -              -         0.1072            2.0              1              1   
-------------------------------------------------------------------------------------------------------------------------------------
  * exclusive values to this label
-------------------------------------------------------------------------------------------------------------------------------------
