[Aug 21 2026 15:54:25.343] [basis.f90:110]             [1m[32m<info> [0m[0mBasis initialised: lmax=2 (spd )  norb=9  nb=18  spin_off=9  bdg=F
[Aug 21 2026 15:54:25.789] [lattice_strux.f90:89]      [1m[32m<info> [0m[0mSTRUCTB structure-constants, backend=legacy
[Aug 21 2026 15:54:25.983] [recursion_chebyshev.f90:189]  [1m[32m<info> [0m[0mChebyshev Hamiltonian bounds from energy namelist window [   -2.500000,    1.200000]
           1           1   1.0000000000000000     
           1           1   1.0000000000000000     
           1           1   1.0000000000000000     
           1           1   1.0000000000000000     
           1           1   1.0000000000000000     
           1           1   1.0000000000000000     
           1           1   1.0000000000000000     
           1           1   1.0000000000000000     
           1           1   1.0000000000000000     
           1           1   1.0000000000000000     
           1           1   1.0000000000000000     
           1           1   1.0000000000000000     
           1           1   1.0000000000000000     
           1           1   1.0000000000000000     
           1           1   1.0000000000000000     
           1           1   1.0000000000000000     
           1           1   1.0000000000000000     
           1           1   1.0000000000000000     
[Aug 21 2026 15:54:26.200] [recursion_transport.f90:711]  [1m[32m<info> [0m[0mChebyshev moments being calculated taking atom type 1
[Aug 21 2026 15:55:44.066] [recursion_chebyshev.f90:189]  [1m[32m<info> [0m[0mChebyshev Hamiltonian bounds from energy namelist window [   -2.500000,    1.200000]
[Aug 21 2026 15:55:44.094] [bands.f90:481]             [1m[32m<info> [0m[0mValence is:       10.000000
[Aug 21 2026 15:55:44.098] [bands.f90:546]             [1m[32m<info> [0m[0mFree Fermi energy: -0.085837
  0.37202031986418188       0.25000000000000000        3.7000000000000002     
 KPM_PROFILE backend=cpu moment_backend=cpu_fast moment_precision=fp64 reconstruction_backend=cpu_blas reconstruction_precision=fp64 precision=fp64_fp64 estimator=per_type N=                  3888 nnz=                884520 M=          750 lld=          150 Ntrace=            1 trace_block_width=            1 trace_batches=            0 OMP_NUM_THREADS=4 BLAS_NUM_THREADS=1 random_seed=unset omp_threads=4 blas_threads=1 clock_source=system_clock_wall bytes_h2d=                     0 bytes_d2h=                     0 bytes_gamma=           22590000000 bytes_mu_pack=             162000000 resident_device_moment_bytes=                     0 host_full_moment_bytes=            2916000000 full_moment_d2h_bytes=                     0 reduced_result_d2h_bytes=                     0 gpu_energy_block=            0 output_mode=production P_operator_setup=    2.2548699999999999E-004 P_trace_setup=   0.21688115999999999      P_moments_total=    77.828448965000007      P_gamma_basis_setup=    9.8531359999999998E-002 P_gamma_generation=    17.852914063000000      P_reconstruction_total=    4.1954278279999997      P_result_unpack=    0.0000000000000000      P_energy_integration=    2.2082240000000000E-003 P_tensor_postprocess=    6.9463499999999998E-004 P_output_prepare=    6.0073461000000002E-002 P_output_io=    5.1100510000000000E-003 P_stack_setup=   0.63955587800000002      P_moment_finalize=    4.4628681000000003E-002 P_misc=    4.3318117999987749E-002 P_operator=    2.2548699999999999E-004 P_gamma=    17.951445422999999      P_other=    4.3318117999987749E-002 D_moment_H2D=    0.0000000000000000      D_moment_GPU_kernel=    0.0000000000000000      D_moment_D2H=    0.0000000000000000      D_conversion=    0.0000000000000000      D_mu_pack=   0.20712408400000001      D_reconstruction_BLAS=    3.9872970369999998      D_gamma_basis=    9.8509915000000003E-002 D_gamma_fill=    17.850806244000001      D_gpu_mu_pack=    0.0000000000000000      D_reconstruction_D2H=    0.0000000000000000      T_operator=    2.2548699999999999E-004 T_trace_setup=   0.21688115999999999      T_cheb_moments=    77.828448965000007      T_H2D=    0.0000000000000000      T_D2H=    0.0000000000000000      T_gamma=    17.951445422999999      T_mu_pack=   0.20712408400000001      T_gamma_mu=    3.9872970369999998      T_energy_integral=    2.2082240000000000E-003 T_transport_total=    100.98801791100000      profile_closure_error=    0.0000000000000000      profile_child_error=    0.0000000000000000      PROFILE_STATUS=PASS
----------------------------------------------------------- TIMER REPORT ------------------------------------------------------------
  CATEGORY                           MEAN            MAX            MIN          TOTAL      TOTAL (%)         NCALLS   TOTAL NCALLS   
  total                                 -              -              -       101.6577          100.0              1              5   
  └─ Calculation                        -              -              -       101.6577          100.0              1              4   
     ├─ Calculation*                    -              -              -       101.3507           99.7              -              1   
     └─ pre-processing                  -              -              -         0.3070            0.3              1              3   
        ├─ pre-processing*              -              -              -         0.0107            0.0              -              1   
        ├─ build_data                   -              -              -         0.0000            0.0              1              1   
        ├─ bravais                      -              -              -         0.1880            0.2              1              1   
        └─ structb                      -              -              -         0.1083            0.1              1              1   
-------------------------------------------------------------------------------------------------------------------------------------
  * exclusive values to this label
-------------------------------------------------------------------------------------------------------------------------------------
