[Aug 21 2026 14:07:28.696] [basis.f90:110]             [1m[32m<info> [0m[0mBasis initialised: lmax=2 (spd )  norb=9  nb=18  spin_off=9  bdg=F
[Aug 21 2026 14:07:29.140] [lattice_strux.f90:89]      [1m[32m<info> [0m[0mSTRUCTB structure-constants, backend=legacy
[Aug 21 2026 14:07:29.333] [recursion_chebyshev.f90:189]  [1m[32m<info> [0m[0mChebyshev Hamiltonian bounds from energy namelist window [   -2.500000,    1.200000]
           1           1   1.0000000000000000     
           1           1   1.0000000000000000     
           1           1   1.0000000000000000     
           1           1   1.0000000000000000     
           1           1   1.0000000000000000     
           1           1   1.0000000000000000     
           1           1   1.0000000000000000     
           1           1   1.0000000000000000     
           1           1   1.0000000000000000     
           1           1   1.0000000000000000     
           1           1   1.0000000000000000     
           1           1   1.0000000000000000     
           1           1   1.0000000000000000     
           1           1   1.0000000000000000     
           1           1   1.0000000000000000     
           1           1   1.0000000000000000     
           1           1   1.0000000000000000     
           1           1   1.0000000000000000     
[Aug 21 2026 14:07:29.476] [recursion_transport.f90:711]  [1m[32m<info> [0m[0mChebyshev moments being calculated taking atom type 1
[Aug 21 2026 14:08:04.437] [recursion_chebyshev.f90:189]  [1m[32m<info> [0m[0mChebyshev Hamiltonian bounds from energy namelist window [   -2.500000,    1.200000]
[Aug 21 2026 14:08:04.474] [bands.f90:481]             [1m[32m<info> [0m[0mValence is:       10.000000
[Aug 21 2026 14:08:04.477] [bands.f90:546]             [1m[32m<info> [0m[0mFree Fermi energy: -0.085837
  0.37202031986418188       0.25000000000000000        3.7000000000000002     
 KPM_PROFILE backend=cpu moment_backend=cpu_fast moment_precision=fp32 reconstruction_backend=cpu_cblas reconstruction_precision=fp32 precision=fp32_fp32 estimator=per_type N=                  3888 nnz=                884520 M=          500 lld=          150 Ntrace=            1 trace_block_width=            1 trace_batches=            0 OMP_NUM_THREADS=2 BLAS_NUM_THREADS=1 random_seed=unset omp_threads=2 blas_threads=1 clock_source=system_clock_wall bytes_h2d=                     0 bytes_d2h=                     0 bytes_gamma=           10040000000 bytes_mu_pack=              72000000 resident_device_moment_bytes=                     0 host_full_moment_bytes=            1296000000 full_moment_d2h_bytes=                     0 reduced_result_d2h_bytes=                     0 gpu_energy_block=            0 output_mode=production P_operator_setup=    2.2693999999999999E-004 P_trace_setup=   0.14218131100000000      P_moments_total=    34.930110493999997      P_gamma_basis_setup=   0.10176478999999999      P_gamma_generation=    6.6110694240000001      P_reconstruction_total=   0.95594134200000003      P_result_unpack=    0.0000000000000000      P_energy_integration=    2.1836790000000000E-003 P_tensor_postprocess=    6.8489400000000002E-004 P_output_prepare=    6.0122556000000001E-002 P_output_io=    5.0370789999999999E-003 P_stack_setup=   0.63777118099999996      P_moment_finalize=    5.2732833000000000E-002 P_misc=    4.9073892990000019      P_operator=    2.2693999999999999E-004 P_gamma=    6.7128342139999999      P_other=    4.9073892990000019      D_moment_H2D=    0.0000000000000000      D_moment_GPU_kernel=    0.0000000000000000      D_moment_D2H=    0.0000000000000000      D_conversion=    0.0000000000000000      D_mu_pack=    9.0729874000000002E-002 D_reconstruction_BLAS=   0.86425887000000001      D_gamma_basis=    0.0000000000000000      D_gamma_fill=    0.0000000000000000      D_gpu_mu_pack=    0.0000000000000000      D_reconstruction_D2H=    0.0000000000000000      T_operator=    2.2693999999999999E-004 T_trace_setup=   0.14218131100000000      T_cheb_moments=    34.930110493999997      T_H2D=    0.0000000000000000      T_D2H=    0.0000000000000000      T_gamma=    6.7128342139999999      T_mu_pack=    9.0729874000000002E-002 T_gamma_mu=   0.86425887000000001      T_energy_integral=    2.1836790000000000E-003 T_transport_total=    48.407215821999998      profile_closure_error=    0.0000000000000000      profile_child_error=    0.0000000000000000      PROFILE_STATUS=PASS
----------------------------------------------------------- TIMER REPORT ------------------------------------------------------------
  CATEGORY                           MEAN            MAX            MIN          TOTAL      TOTAL (%)         NCALLS   TOTAL NCALLS   
  total                                 -              -              -        48.8062          100.0              1              5   
  └─ Calculation                        -              -              -        48.8062          100.0              1              4   
     ├─ Calculation*                    -              -              -        48.4983           99.4              -              1   
     └─ pre-processing                  -              -              -         0.3078            0.6              1              3   
        ├─ pre-processing*              -              -              -         0.0104            0.0              -              1   
        ├─ build_data                   -              -              -         0.0000            0.0              1              1   
        ├─ bravais                      -              -              -         0.1882            0.4              1              1   
        └─ structb                      -              -              -         0.1092            0.2              1              1   
-------------------------------------------------------------------------------------------------------------------------------------
  * exclusive values to this label
-------------------------------------------------------------------------------------------------------------------------------------
