[Aug 21 2026 14:50:07.196] [basis.f90:110]             [1m[32m<info> [0m[0mBasis initialised: lmax=2 (spd )  norb=9  nb=18  spin_off=9  bdg=F
[Aug 21 2026 14:50:07.645] [lattice_strux.f90:89]      [1m[32m<info> [0m[0mSTRUCTB structure-constants, backend=legacy
[Aug 21 2026 14:50:08.192] [recursion_chebyshev.f90:189]  [1m[32m<info> [0m[0mChebyshev Hamiltonian bounds from energy namelist window [   -2.500000,    1.200000]
           1           1   1.0000000000000000     
           1           1   1.0000000000000000     
           1           1   1.0000000000000000     
           1           1   1.0000000000000000     
           1           1   1.0000000000000000     
           1           1   1.0000000000000000     
           1           1   1.0000000000000000     
           1           1   1.0000000000000000     
           1           1   1.0000000000000000     
           1           1   1.0000000000000000     
           1           1   1.0000000000000000     
           1           1   1.0000000000000000     
           1           1   1.0000000000000000     
           1           1   1.0000000000000000     
           1           1   1.0000000000000000     
           1           1   1.0000000000000000     
           1           1   1.0000000000000000     
           1           1   1.0000000000000000     
[Aug 21 2026 14:50:08.257] [rsrec_cuda_plugin.f90:332]  [1m[32m<info> [0m[0mCUDA_DEVICE_MAPPING world_rank=0 local_rank=0 local_size=1 visible_devices=1 selected_device=0
[Aug 21 2026 14:50:08.761] [recursion_transport.f90:711]  [1m[32m<info> [0m[0mChebyshev moments being calculated taking atom type 1
[Aug 21 2026 14:51:15.681] [green_chebyshev.f90:288]   [1m[32m<info> [0m[0mCUDA transport moments resident; keeping Chebyshev DOS on CPU.
[Aug 21 2026 14:51:15.682] [recursion_chebyshev.f90:189]  [1m[32m<info> [0m[0mChebyshev Hamiltonian bounds from energy namelist window [   -2.500000,    1.200000]
[Aug 21 2026 14:51:15.735] [bands.f90:481]             [1m[32m<info> [0m[0mValence is:       10.000000
[Aug 21 2026 14:51:15.739] [bands.f90:546]             [1m[32m<info> [0m[0mFree Fermi energy: -0.085837
[Aug 21 2026 14:51:15.751] [conductivity.f90:338]      [1m[32m<info> [0m[0mCUDA KPM reconstruction uses tiled resident Gamma blocks.
  0.37202031986418188       0.25000000000000000        3.7000000000000002     
 KPM_PROFILE backend=cuda moment_backend=cuda moment_precision=fp64 reconstruction_backend=cuda_blas reconstruction_precision=fp64 precision=fp64_fp64 estimator=per_type N=                  9216 nnz=               2299752 M=          500 lld=          150 Ntrace=            1 trace_block_width=            1 trace_batches=            1 OMP_NUM_THREADS=1 BLAS_NUM_THREADS=1 random_seed=unset omp_threads=1 blas_threads=1 clock_source=system_clock_wall bytes_h2d=              92991472 bytes_d2h=                722880 bytes_gamma=             256000000 bytes_mu_pack=              72000000 resident_device_moment_bytes=              72000000 host_full_moment_bytes=                     0 full_moment_d2h_bytes=                     0 reduced_result_d2h_bytes=                722880 gpu_energy_block=           64 output_mode=production P_operator_setup=   0.21618487700000000      P_trace_setup=   0.35205529000000002      P_moments_total=    66.864955128999995      P_gamma_basis_setup=   0.59103700588457286      P_gamma_generation=   0.12350578838959336      P_reconstruction_total=   0.70319743687286973      P_result_unpack=    1.0070999999999999E-003 P_energy_integration=    2.2199160000000002E-003 P_tensor_postprocess=    7.4690800000000001E-004 P_output_prepare=    6.0255609000000002E-002 P_output_io=    5.0860209999999996E-003 P_stack_setup=   0.99631939700000005      P_moment_finalize=    7.0162215999999999E-002 P_misc=    6.7127967852997017E-002 P_operator=   0.21618487700000000      P_gamma=   0.71454279427416623      P_other=    6.7127967852997017E-002 D_moment_H2D=    3.4610929433256388E-003 D_moment_GPU_kernel=    66.573301309952512      D_moment_D2H=    0.0000000000000000      D_conversion=    0.0000000000000000      D_mu_pack=    0.0000000000000000      D_reconstruction_BLAS=   0.70271403179503977      D_gamma_basis=   0.59103700588457286      D_gamma_fill=   0.12350578838959336      D_gpu_mu_pack=    1.3111021835356951E-003 D_reconstruction_D2H=    4.8340507782995701E-004 T_operator=   0.21618487700000000      T_trace_setup=   0.35205529000000002      T_cheb_moments=    66.864955128999995      T_H2D=    3.4610929433256388E-003 T_D2H=    0.0000000000000000      T_gamma=   0.71454279427416623      T_mu_pack=    0.0000000000000000      T_gamma_mu=   0.70271403179503977      T_energy_integral=    2.2199160000000002E-003 T_transport_total=    70.053860662000005      profile_closure_error=    0.0000000000000000      profile_child_error=    0.0000000000000000      PROFILE_STATUS=PASS
----------------------------------------------------------- TIMER REPORT ------------------------------------------------------------
  CATEGORY                           MEAN            MAX            MIN          TOTAL      TOTAL (%)         NCALLS   TOTAL NCALLS   
  total                                 -              -              -        70.0776          100.0              1              5   
  └─ Calculation                        -              -              -        70.0776          100.0              1              4   
     ├─ Calculation*                    -              -              -        69.4226           99.1              -              1   
     └─ pre-processing                  -              -              -         0.6550            0.9              1              3   
        ├─ pre-processing*              -              -              -         0.0130            0.0              -              1   
        ├─ build_data                   -              -              -         0.0000            0.0              1              1   
        ├─ bravais                      -              -              -         0.1869            0.3              1              1   
        └─ structb                      -              -              -         0.4551            0.6              1              1   
-------------------------------------------------------------------------------------------------------------------------------------
  * exclusive values to this label
-------------------------------------------------------------------------------------------------------------------------------------
