[Aug 21 2026 22:17:08.178] [basis.f90:110]             [1m[32m<info> [0m[0mBasis initialised: lmax=2 (spd )  norb=9  nb=18  spin_off=9  bdg=F
[Aug 21 2026 22:17:08.611] [lattice_strux.f90:89]      [1m[32m<info> [0m[0mSTRUCTB structure-constants, backend=legacy
[Aug 21 2026 22:17:09.155] [recursion_chebyshev.f90:189]  [1m[32m<info> [0m[0mChebyshev Hamiltonian bounds from energy namelist window [   -2.500000,    1.200000]
           1           1   1.0000000000000000     
           1           1   1.0000000000000000     
           1           1   1.0000000000000000     
           1           1   1.0000000000000000     
           1           1   1.0000000000000000     
           1           1   1.0000000000000000     
           1           1   1.0000000000000000     
           1           1   1.0000000000000000     
           1           1   1.0000000000000000     
           1           1   1.0000000000000000     
           1           1   1.0000000000000000     
           1           1   1.0000000000000000     
           1           1   1.0000000000000000     
           1           1   1.0000000000000000     
           1           1   1.0000000000000000     
           1           1   1.0000000000000000     
           1           1   1.0000000000000000     
           1           1   1.0000000000000000     
[Aug 21 2026 22:17:09.335] [recursion_transport.f90:711]  [1m[32m<info> [0m[0mChebyshev moments being calculated taking atom type 1
[Aug 21 2026 22:17:30.525] [recursion_chebyshev.f90:189]  [1m[32m<info> [0m[0mChebyshev Hamiltonian bounds from energy namelist window [   -2.500000,    1.200000]
[Aug 21 2026 22:17:30.550] [bands.f90:481]             [1m[32m<info> [0m[0mValence is:       10.000000
[Aug 21 2026 22:17:30.553] [bands.f90:546]             [1m[32m<info> [0m[0mFree Fermi energy: -0.085837
  0.37202031986418188       0.25000000000000000        3.7000000000000002     
 KPM_PROFILE backend=cpu moment_backend=cpu_fast moment_precision=fp64 reconstruction_backend=cpu_blas reconstruction_precision=fp64 precision=fp64_fp64 estimator=per_type N=                  9216 nnz=               2299752 M=          250 lld=          150 Ntrace=            1 trace_block_width=            1 trace_batches=            0 OMP_NUM_THREADS=8 BLAS_NUM_THREADS=1 random_seed=unset omp_threads=8 blas_threads=1 clock_source=system_clock_wall bytes_h2d=                     0 bytes_d2h=                     0 bytes_gamma=            2510000000 bytes_mu_pack=              18000000 resident_device_moment_bytes=                     0 host_full_moment_bytes=             324000000 full_moment_d2h_bytes=                     0 reduced_result_d2h_bytes=                     0 gpu_energy_block=            0 output_mode=production P_operator_setup=    2.4664499999999998E-004 P_trace_setup=   0.18012818200000000      P_moments_total=    21.154582127000001      P_gamma_basis_setup=    2.8305330000000000E-002 P_gamma_generation=    2.0016743330000000      P_reconstruction_total=   0.49155316199999999      P_result_unpack=    0.0000000000000000      P_energy_integration=    2.1961780000000000E-003 P_tensor_postprocess=    7.0769900000000000E-004 P_output_prepare=    5.9889765999999997E-002 P_output_io=    5.5233000000000001E-003 P_stack_setup=   0.97696446800000003      P_moment_finalize=    4.0729981999999998E-002 P_misc=    3.6865753000004275E-002 P_operator=    2.4664499999999998E-004 P_gamma=    2.0299796629999998      P_other=    3.6865753000004275E-002 D_moment_H2D=    0.0000000000000000      D_moment_GPU_kernel=    0.0000000000000000      D_moment_D2H=    0.0000000000000000      D_conversion=    0.0000000000000000      D_mu_pack=    2.2869622999999999E-002 D_reconstruction_BLAS=   0.46768146900000002      D_gamma_basis=    2.8289772000000001E-002 D_gamma_fill=    2.0016717160000002      D_gpu_mu_pack=    0.0000000000000000      D_reconstruction_D2H=    0.0000000000000000      T_operator=    2.4664499999999998E-004 T_trace_setup=   0.18012818200000000      T_cheb_moments=    21.154582127000001      T_H2D=    0.0000000000000000      T_D2H=    0.0000000000000000      T_gamma=    2.0299796629999998      T_mu_pack=    2.2869622999999999E-002 T_gamma_mu=   0.46768146900000002      T_energy_integral=    2.1961780000000000E-003 T_transport_total=    24.979366925000001      profile_closure_error=    0.0000000000000000      profile_child_error=    0.0000000000000000      PROFILE_STATUS=PASS
----------------------------------------------------------- TIMER REPORT ------------------------------------------------------------
  CATEGORY                           MEAN            MAX            MIN          TOTAL      TOTAL (%)         NCALLS   TOTAL NCALLS   
  total                                 -              -              -        25.1294          100.0              1              5   
  └─ Calculation                        -              -              -        25.1294          100.0              1              4   
     ├─ Calculation*                    -              -              -        24.4863           97.4              -              1   
     └─ pre-processing                  -              -              -         0.6431            2.6              1              3   
        ├─ pre-processing*              -              -              -         0.0101            0.0              -              1   
        ├─ build_data                   -              -              -         0.0000            0.0              1              1   
        ├─ bravais                      -              -              -         0.1879            0.7              1              1   
        └─ structb                      -              -              -         0.4451            1.8              1              1   
-------------------------------------------------------------------------------------------------------------------------------------
  * exclusive values to this label
-------------------------------------------------------------------------------------------------------------------------------------
