[Aug 21 2026 21:15:07.950] [basis.f90:110]             [1m[32m<info> [0m[0mBasis initialised: lmax=2 (spd )  norb=9  nb=18  spin_off=9  bdg=F
[Aug 21 2026 21:15:08.365] [lattice_strux.f90:89]      [1m[32m<info> [0m[0mSTRUCTB structure-constants, backend=legacy
[Aug 21 2026 21:15:08.459] [recursion_chebyshev.f90:189]  [1m[32m<info> [0m[0mChebyshev Hamiltonian bounds from energy namelist window [   -2.500000,    1.200000]
[Aug 21 2026 21:15:08.459] [recursion_transport.f90:459]  [1m[32m<info> [0m[0mKPM random-vector seed=271828
           1           1   1.0000000000000000     
           1           1   1.0000000000000000     
           1           1   1.0000000000000000     
           1           1   1.0000000000000000     
           1           1   1.0000000000000000     
           1           1   1.0000000000000000     
           1           1   1.0000000000000000     
           1           1   1.0000000000000000     
           1           1   1.0000000000000000     
           1           1   1.0000000000000000     
           1           1   1.0000000000000000     
           1           1   1.0000000000000000     
           1           1   1.0000000000000000     
           1           1   1.0000000000000000     
           1           1   1.0000000000000000     
           1           1   1.0000000000000000     
           1           1   1.0000000000000000     
           1           1   1.0000000000000000     
[Aug 21 2026 21:15:08.520] [rsrec_cuda_plugin.f90:332]  [1m[32m<info> [0m[0mCUDA_DEVICE_MAPPING world_rank=0 local_rank=0 local_size=1 visible_devices=1 selected_device=0
[Aug 21 2026 21:15:08.701] [recursion_transport.f90:720]  [1m[32m<info> [0m[0mChebyshev moments being calculated for random vector 1
[Aug 21 2026 21:15:17.282] [green_chebyshev.f90:288]   [1m[32m<info> [0m[0mCUDA transport moments resident; keeping Chebyshev DOS on CPU.
[Aug 21 2026 21:15:17.283] [recursion_chebyshev.f90:189]  [1m[32m<info> [0m[0mChebyshev Hamiltonian bounds from energy namelist window [   -2.500000,    1.200000]
[Aug 21 2026 21:15:17.338] [bands.f90:481]             [1m[32m<info> [0m[0mValence is:       10.000000
[Aug 21 2026 21:15:17.341] [bands.f90:546]             [1m[32m<info> [0m[0mFree Fermi energy: -0.085837
[Aug 21 2026 21:15:17.353] [conductivity.f90:338]      [1m[32m<info> [0m[0mCUDA KPM reconstruction uses tiled resident Gamma blocks.
  0.37202031986418188       0.25000000000000000        3.7000000000000002     
 KPM_PROFILE backend=cuda moment_backend=cuda moment_precision=fp64 reconstruction_backend=cuda_blas reconstruction_precision=fp64 precision=fp64_fp64 estimator=random_vec N=                  1152 nnz=                215784 M=          500 lld=          150 Ntrace=            1 trace_block_width=            1 trace_batches=            1 OMP_NUM_THREADS=1 BLAS_NUM_THREADS=1 random_seed=271828 omp_threads=1 blas_threads=1 clock_source=system_clock_wall bytes_h2d=              90633200 bytes_d2h=                722880 bytes_gamma=             256000000 bytes_mu_pack=              72000000 resident_device_moment_bytes=              72000000 host_full_moment_bytes=                     0 full_moment_d2h_bytes=                     0 reduced_result_d2h_bytes=                722880 gpu_energy_block=           64 output_mode=production P_operator_setup=   0.20054830400000001      P_trace_setup=    4.2081385999999998E-002 P_moments_total=    8.5739724590000002      P_gamma_basis_setup=   0.59149883664213121      P_gamma_generation=   0.12324209022335708      P_reconstruction_total=   0.69221386266872287      P_result_unpack=    5.4796200000000004E-004 P_energy_integration=    1.1647249999999999E-003 P_tensor_postprocess=    6.5864799999999996E-004 P_output_prepare=    3.2183468000000000E-002 P_output_io=    3.0406280000000001E-003 P_stack_setup=   0.50907093199999998      P_moment_finalize=    7.1423867000000002E-002 P_misc=    2.3281447465787863E-002 P_operator=   0.20054830400000001      P_gamma=   0.71474092686548829      P_other=    2.3281447465787863E-002 D_moment_H2D=    3.2056539785116911E-003 D_moment_GPU_kernel=    8.2840851850342005      D_moment_D2H=    0.0000000000000000      D_conversion=    0.0000000000000000      D_mu_pack=    0.0000000000000000      D_reconstruction_BLAS=   0.69173929351381958      D_gamma_basis=   0.59149883664213121      D_gamma_fill=   0.12324209022335708      D_gpu_mu_pack=    1.3007500674575567E-003 D_reconstruction_D2H=    4.7456915490329266E-004 T_operator=   0.20054830400000001      T_trace_setup=    4.2081385999999998E-002 T_cheb_moments=    8.5739724590000002      T_H2D=    3.2056539785116911E-003 T_D2H=    0.0000000000000000      T_gamma=   0.71474092686548829      T_mu_pack=    0.0000000000000000      T_gamma_mu=   0.69173929351381958      T_energy_integral=    1.1647249999999999E-003 T_transport_total=    10.864928616000000      profile_closure_error=    0.0000000000000000      profile_child_error=    0.0000000000000000      PROFILE_STATUS=PASS
----------------------------------------------------------- TIMER REPORT ------------------------------------------------------------
  CATEGORY                           MEAN            MAX            MIN          TOTAL      TOTAL (%)         NCALLS   TOTAL NCALLS   
  total                                 -              -              -        10.8864          100.0              1              5   
  └─ Calculation                        -              -              -        10.8864          100.0              1              4   
     ├─ Calculation*                    -              -              -        10.6886           98.2              -              1   
     └─ pre-processing                  -              -              -         0.1979            1.8              1              3   
        ├─ pre-processing*              -              -              -         0.0070            0.1              -              1   
        ├─ build_data                   -              -              -         0.0000            0.0              1              1   
        ├─ bravais                      -              -              -         0.1774            1.6              1              1   
        └─ structb                      -              -              -         0.0134            0.1              1              1   
-------------------------------------------------------------------------------------------------------------------------------------
  * exclusive values to this label
-------------------------------------------------------------------------------------------------------------------------------------
