[Aug 21 2026 21:14:45.751] [basis.f90:110]             [1m[32m<info> [0m[0mBasis initialised: lmax=2 (spd )  norb=9  nb=18  spin_off=9  bdg=F
[Aug 21 2026 21:14:46.182] [lattice_strux.f90:89]      [1m[32m<info> [0m[0mSTRUCTB structure-constants, backend=legacy
[Aug 21 2026 21:14:46.275] [recursion_chebyshev.f90:189]  [1m[32m<info> [0m[0mChebyshev Hamiltonian bounds from energy namelist window [   -2.500000,    1.200000]
[Aug 21 2026 21:14:46.275] [recursion_transport.f90:459]  [1m[32m<info> [0m[0mKPM random-vector seed=271828
           1           1   1.0000000000000000     
           1           1   1.0000000000000000     
           1           1   1.0000000000000000     
           1           1   1.0000000000000000     
           1           1   1.0000000000000000     
           1           1   1.0000000000000000     
           1           1   1.0000000000000000     
           1           1   1.0000000000000000     
           1           1   1.0000000000000000     
           1           1   1.0000000000000000     
           1           1   1.0000000000000000     
           1           1   1.0000000000000000     
           1           1   1.0000000000000000     
           1           1   1.0000000000000000     
           1           1   1.0000000000000000     
           1           1   1.0000000000000000     
           1           1   1.0000000000000000     
           1           1   1.0000000000000000     
[Aug 21 2026 21:14:46.406] [rsrec_cuda_plugin.f90:332]  [1m[32m<info> [0m[0mCUDA_DEVICE_MAPPING world_rank=0 local_rank=0 local_size=1 visible_devices=1 selected_device=0
[Aug 21 2026 21:14:46.692] [recursion_transport.f90:720]  [1m[32m<info> [0m[0mChebyshev moments being calculated for random vector 1
[Aug 21 2026 21:14:55.195] [green_chebyshev.f90:288]   [1m[32m<info> [0m[0mCUDA transport moments resident; keeping Chebyshev DOS on CPU.
[Aug 21 2026 21:14:55.195] [recursion_chebyshev.f90:189]  [1m[32m<info> [0m[0mChebyshev Hamiltonian bounds from energy namelist window [   -2.500000,    1.200000]
[Aug 21 2026 21:14:55.250] [bands.f90:481]             [1m[32m<info> [0m[0mValence is:       10.000000
[Aug 21 2026 21:14:55.254] [bands.f90:546]             [1m[32m<info> [0m[0mFree Fermi energy: -0.085837
[Aug 21 2026 21:14:55.266] [conductivity.f90:338]      [1m[32m<info> [0m[0mCUDA KPM reconstruction uses tiled resident Gamma blocks.
  0.37202031986418188       0.25000000000000000        3.7000000000000002     
 KPM_PROFILE backend=cuda moment_backend=cuda moment_precision=fp64 reconstruction_backend=cuda_blas reconstruction_precision=fp64 precision=fp64_fp64 estimator=random_vec N=                  1152 nnz=                215784 M=          500 lld=          150 Ntrace=            1 trace_block_width=            1 trace_batches=            1 OMP_NUM_THREADS=1 BLAS_NUM_THREADS=1 random_seed=271828 omp_threads=1 blas_threads=1 clock_source=system_clock_wall bytes_h2d=              90633200 bytes_d2h=                722880 bytes_gamma=             256000000 bytes_mu_pack=              72000000 resident_device_moment_bytes=              72000000 host_full_moment_bytes=                     0 full_moment_d2h_bytes=                     0 reduced_result_d2h_bytes=                722880 gpu_energy_block=           64 output_mode=production P_operator_setup=   0.36076467800000001      P_trace_setup=    5.6185201999999997E-002 P_moments_total=    8.4978249290000001      P_gamma_basis_setup=   0.59064036607742310      P_gamma_generation=   0.12322897464036942      P_reconstruction_total=   0.68545636208727956      P_result_unpack=    5.6005200000000001E-004 P_energy_integration=    1.1505800000000000E-003 P_tensor_postprocess=    6.7576799999999999E-004 P_output_prepare=    3.2195999000000003E-002 P_output_io=    2.2609790000000002E-003 P_stack_setup=   0.52332968400000002      P_moment_finalize=    7.1070195000000003E-002 P_misc=    2.1934160194923891E-002 P_operator=   0.36076467800000001      P_gamma=   0.71386934071779251      P_other=    2.1934160194923891E-002 D_moment_H2D=    3.2032129820436239E-003 D_moment_GPU_kernel=    8.2045094000641257      D_moment_D2H=    0.0000000000000000      D_conversion=    0.0000000000000000      D_mu_pack=    0.0000000000000000      D_reconstruction_BLAS=   0.68499777838587761      D_gamma_basis=   0.59064036607742310      D_gamma_fill=   0.12322897464036942      D_gpu_mu_pack=    1.2782940175384283E-003 D_reconstruction_D2H=    4.5858370140194893E-004 T_operator=   0.36076467800000001      T_trace_setup=    5.6185201999999997E-002 T_cheb_moments=    8.4978249290000001      T_H2D=    3.2032129820436239E-003 T_D2H=    0.0000000000000000      T_gamma=   0.71386934071779251      T_mu_pack=    0.0000000000000000      T_gamma_mu=   0.68499777838587761      T_energy_integral=    1.1505800000000000E-003 T_transport_total=    10.967277929000000      profile_closure_error=    0.0000000000000000      profile_child_error=    0.0000000000000000      PROFILE_STATUS=PASS
----------------------------------------------------------- TIMER REPORT ------------------------------------------------------------
  CATEGORY                           MEAN            MAX            MIN          TOTAL      TOTAL (%)         NCALLS   TOTAL NCALLS   
  total                                 -              -              -        10.9885          100.0              1              5   
  └─ Calculation                        -              -              -        10.9885          100.0              1              4   
     ├─ Calculation*                    -              -              -        10.7863           98.2              -              1   
     └─ pre-processing                  -              -              -         0.2022            1.8              1              3   
        ├─ pre-processing*              -              -              -         0.0077            0.1              -              1   
        ├─ build_data                   -              -              -         0.0000            0.0              1              1   
        ├─ bravais                      -              -              -         0.1813            1.6              1              1   
        └─ structb                      -              -              -         0.0133            0.1              1              1   
-------------------------------------------------------------------------------------------------------------------------------------
  * exclusive values to this label
-------------------------------------------------------------------------------------------------------------------------------------
