[Aug 21 2026 16:07:23.034] [basis.f90:110]             [1m[32m<info> [0m[0mBasis initialised: lmax=2 (spd )  norb=9  nb=18  spin_off=9  bdg=F
[Aug 21 2026 16:07:23.470] [lattice_strux.f90:89]      [1m[32m<info> [0m[0mSTRUCTB structure-constants, backend=legacy
[Aug 21 2026 16:07:23.662] [recursion_chebyshev.f90:189]  [1m[32m<info> [0m[0mChebyshev Hamiltonian bounds from energy namelist window [   -2.500000,    1.200000]
           1           1   1.0000000000000000     
           1           1   1.0000000000000000     
           1           1   1.0000000000000000     
           1           1   1.0000000000000000     
           1           1   1.0000000000000000     
           1           1   1.0000000000000000     
           1           1   1.0000000000000000     
           1           1   1.0000000000000000     
           1           1   1.0000000000000000     
           1           1   1.0000000000000000     
           1           1   1.0000000000000000     
           1           1   1.0000000000000000     
           1           1   1.0000000000000000     
           1           1   1.0000000000000000     
           1           1   1.0000000000000000     
           1           1   1.0000000000000000     
           1           1   1.0000000000000000     
           1           1   1.0000000000000000     
[Aug 21 2026 16:07:23.731] [recursion_transport.f90:711]  [1m[32m<info> [0m[0mChebyshev moments being calculated taking atom type 1
[Aug 21 2026 16:07:32.834] [recursion_chebyshev.f90:189]  [1m[32m<info> [0m[0mChebyshev Hamiltonian bounds from energy namelist window [   -2.500000,    1.200000]
[Aug 21 2026 16:07:32.862] [bands.f90:481]             [1m[32m<info> [0m[0mValence is:       10.000000
[Aug 21 2026 16:07:32.865] [bands.f90:546]             [1m[32m<info> [0m[0mFree Fermi energy: -0.085837
  0.37202031986418188       0.25000000000000000        3.7000000000000002     
 KPM_PROFILE backend=cpu moment_backend=cpu_fast moment_precision=fp32 reconstruction_backend=cpu_cblas reconstruction_precision=fp32 precision=fp32_fp32 estimator=per_type N=                  3888 nnz=                884520 M=          250 lld=          150 Ntrace=            1 trace_block_width=            1 trace_batches=            0 OMP_NUM_THREADS=4 BLAS_NUM_THREADS=1 random_seed=unset omp_threads=4 blas_threads=1 clock_source=system_clock_wall bytes_h2d=                     0 bytes_d2h=                     0 bytes_gamma=            2510000000 bytes_mu_pack=              18000000 resident_device_moment_bytes=                     0 host_full_moment_bytes=             324000000 full_moment_d2h_bytes=                     0 reduced_result_d2h_bytes=                     0 gpu_energy_block=            0 output_mode=production P_operator_setup=    2.2734500000000000E-004 P_trace_setup=    6.8576734000000000E-002 P_moments_total=    9.0912339249999992      P_gamma_basis_setup=    5.0441395000000000E-002 P_gamma_generation=    1.6716292460000000      P_reconstruction_total=   0.24794850800000001      P_result_unpack=    0.0000000000000000      P_energy_integration=    2.1852799999999999E-003 P_tensor_postprocess=    6.6560100000000004E-004 P_output_prepare=    5.9831341000000003E-002 P_output_io=    4.9959679999999999E-003 P_stack_setup=   0.62770711700000004      P_moment_finalize=    4.4749118999999997E-002 P_misc=    1.2658534259999996      P_operator=    2.2734500000000000E-004 P_gamma=    1.7220706410000000      P_other=    1.2658534259999996      D_moment_H2D=    0.0000000000000000      D_moment_GPU_kernel=    0.0000000000000000      D_moment_D2H=    0.0000000000000000      D_conversion=    0.0000000000000000      D_mu_pack=    2.2333426999999999E-002 D_reconstruction_BLAS=   0.22466481999999999      D_gamma_basis=    0.0000000000000000      D_gamma_fill=    0.0000000000000000      D_gpu_mu_pack=    0.0000000000000000      D_reconstruction_D2H=    0.0000000000000000      T_operator=    2.2734500000000000E-004 T_trace_setup=    6.8576734000000000E-002 T_cheb_moments=    9.0912339249999992      T_H2D=    0.0000000000000000      T_D2H=    0.0000000000000000      T_gamma=    1.7220706410000000      T_mu_pack=    2.2333426999999999E-002 T_gamma_mu=   0.22466481999999999      T_energy_integral=    2.1852799999999999E-003 T_transport_total=    13.136045005000000      profile_closure_error=    0.0000000000000000      profile_child_error=    0.0000000000000000      PROFILE_STATUS=PASS
----------------------------------------------------------- TIMER REPORT ------------------------------------------------------------
  CATEGORY                           MEAN            MAX            MIN          TOTAL      TOTAL (%)         NCALLS   TOTAL NCALLS   
  total                                 -              -              -        13.2791          100.0              1              5   
  └─ Calculation                        -              -              -        13.2791          100.0              1              4   
     ├─ Calculation*                    -              -              -        12.9726           97.7              -              1   
     └─ pre-processing                  -              -              -         0.3065            2.3              1              3   
        ├─ pre-processing*              -              -              -         0.0105            0.1              -              1   
        ├─ build_data                   -              -              -         0.0000            0.0              1              1   
        ├─ bravais                      -              -              -         0.1873            1.4              1              1   
        └─ structb                      -              -              -         0.1087            0.8              1              1   
-------------------------------------------------------------------------------------------------------------------------------------
  * exclusive values to this label
-------------------------------------------------------------------------------------------------------------------------------------
