[Aug 21 2026 16:07:36.390] [basis.f90:110]             [1m[32m<info> [0m[0mBasis initialised: lmax=2 (spd )  norb=9  nb=18  spin_off=9  bdg=F
[Aug 21 2026 16:07:36.822] [lattice_strux.f90:89]      [1m[32m<info> [0m[0mSTRUCTB structure-constants, backend=legacy
[Aug 21 2026 16:07:37.021] [recursion_chebyshev.f90:189]  [1m[32m<info> [0m[0mChebyshev Hamiltonian bounds from energy namelist window [   -2.500000,    1.200000]
           1           1   1.0000000000000000     
           1           1   1.0000000000000000     
           1           1   1.0000000000000000     
           1           1   1.0000000000000000     
           1           1   1.0000000000000000     
           1           1   1.0000000000000000     
           1           1   1.0000000000000000     
           1           1   1.0000000000000000     
           1           1   1.0000000000000000     
           1           1   1.0000000000000000     
           1           1   1.0000000000000000     
           1           1   1.0000000000000000     
           1           1   1.0000000000000000     
           1           1   1.0000000000000000     
           1           1   1.0000000000000000     
           1           1   1.0000000000000000     
           1           1   1.0000000000000000     
           1           1   1.0000000000000000     
[Aug 21 2026 16:07:37.093] [recursion_transport.f90:711]  [1m[32m<info> [0m[0mChebyshev moments being calculated taking atom type 1
[Aug 21 2026 16:07:46.215] [recursion_chebyshev.f90:189]  [1m[32m<info> [0m[0mChebyshev Hamiltonian bounds from energy namelist window [   -2.500000,    1.200000]
[Aug 21 2026 16:07:46.243] [bands.f90:481]             [1m[32m<info> [0m[0mValence is:       10.000000
[Aug 21 2026 16:07:46.246] [bands.f90:546]             [1m[32m<info> [0m[0mFree Fermi energy: -0.085837
  0.37202031986418188       0.25000000000000000        3.7000000000000002     
 KPM_PROFILE backend=cpu moment_backend=cpu_fast moment_precision=fp32 reconstruction_backend=cpu_cblas reconstruction_precision=fp32 precision=fp32_fp32 estimator=per_type N=                  3888 nnz=                884520 M=          250 lld=          150 Ntrace=            1 trace_block_width=            1 trace_batches=            0 OMP_NUM_THREADS=4 BLAS_NUM_THREADS=1 random_seed=unset omp_threads=4 blas_threads=1 clock_source=system_clock_wall bytes_h2d=                     0 bytes_d2h=                     0 bytes_gamma=            2510000000 bytes_mu_pack=              18000000 resident_device_moment_bytes=                     0 host_full_moment_bytes=             324000000 full_moment_d2h_bytes=                     0 reduced_result_d2h_bytes=                     0 gpu_energy_block=            0 output_mode=production P_operator_setup=    2.2604900000000000E-004 P_trace_setup=    7.2341032999999999E-002 P_moments_total=    9.1089812200000004      P_gamma_basis_setup=    5.0402971999999997E-002 P_gamma_generation=    1.6686355760000000      P_reconstruction_total=   0.24694700500000000      P_result_unpack=    0.0000000000000000      P_energy_integration=    2.2111100000000001E-003 P_tensor_postprocess=    6.2827900000000003E-004 P_output_prepare=    5.9807829999999999E-002 P_output_io=    4.9313930000000001E-003 P_stack_setup=   0.63086629900000002      P_moment_finalize=    4.4983051000000003E-002 P_misc=    1.2638683089999976      P_operator=    2.2604900000000000E-004 P_gamma=    1.7190385480000001      P_other=    1.2638683089999976      D_moment_H2D=    0.0000000000000000      D_moment_GPU_kernel=    0.0000000000000000      D_moment_D2H=    0.0000000000000000      D_conversion=    0.0000000000000000      D_mu_pack=    2.2259884000000001E-002 D_reconstruction_BLAS=   0.22374640400000001      D_gamma_basis=    0.0000000000000000      D_gamma_fill=    0.0000000000000000      D_gpu_mu_pack=    0.0000000000000000      D_reconstruction_D2H=    0.0000000000000000      T_operator=    2.2604900000000000E-004 T_trace_setup=    7.2341032999999999E-002 T_cheb_moments=    9.1089812200000004      T_H2D=    0.0000000000000000      T_D2H=    0.0000000000000000      T_gamma=    1.7190385480000001      T_mu_pack=    2.2259884000000001E-002 T_gamma_mu=   0.22374640400000001      T_energy_integral=    2.2111100000000001E-003 T_transport_total=    13.154830126000000      profile_closure_error=    0.0000000000000000      profile_child_error=    0.0000000000000000      PROFILE_STATUS=PASS
----------------------------------------------------------- TIMER REPORT ------------------------------------------------------------
  CATEGORY                           MEAN            MAX            MIN          TOTAL      TOTAL (%)         NCALLS   TOTAL NCALLS   
  total                                 -              -              -        13.2918          100.0              1              5   
  └─ Calculation                        -              -              -        13.2918          100.0              1              4   
     ├─ Calculation*                    -              -              -        12.9787           97.6              -              1   
     └─ pre-processing                  -              -              -         0.3132            2.4              1              3   
        ├─ pre-processing*              -              -              -         0.0109            0.1              -              1   
        ├─ build_data                   -              -              -         0.0000            0.0              1              1   
        ├─ bravais                      -              -              -         0.1902            1.4              1              1   
        └─ structb                      -              -              -         0.1121            0.8              1              1   
-------------------------------------------------------------------------------------------------------------------------------------
  * exclusive values to this label
-------------------------------------------------------------------------------------------------------------------------------------
